******************************************************************************
                  TI ARM Linker Unix v16.9.6                   
******************************************************************************
>> Linked Tue Oct  2 23:02:21 2018

OUTPUT FILE NAME:   <xwr14xx_mmw_demo_mss.xer4f>
ENTRY POINT SYMBOL: "_c_int00"  address: 00016358


MEMORY CONFIGURATION

         name            origin    length      used     unused   attr    fill
----------------------  --------  ---------  --------  --------  ----  --------
  VECTORS               00000000   00000100  0000003c  000000c4     X
  PROG_RAM              00000100   0001ff00  0001ce9f  00003061  R  X
  DATA_RAM              08000000   00010000  0000c638  000039c8  RW  
  L3_RAM                51000000   00060000  00060000  00000000  RW  
  HWA_RAM               52030000   00010000  00010000  00000000  RW  


SEGMENT ALLOCATION MAP

run origin  load origin   length   init length attrs members
----------  ----------- ---------- ----------- ----- -------
00000000    00000000    0000003c   0000003c    r--
  00000000    00000000    0000003c   0000003c    r-- .vecs
00000100    00000100    0001cea8   0001cea8    r-x
  00000100    00000100    0001bb02   0001bb02    r-x .text
  0001bc08    0001bc08    00000f05   00000f05    r-- .const
  0001cb10    0001cb10    00000498   00000498    r-- .cinit
08000000    08000000    0000c640   00000000    rw-
  08000000    08000000    00008000   00000000    rw- systemHeap
  08008000    08008000    00001d94   00000000    rw- .data
  08009d98    08009d98    00001bf4   00000000    rw- .bss
  0800b990    0800b990    00000800   00000000    rw- .myFiqStack
  0800c190    0800c190    000004b0   00000000    rw- .stack
51000000    51000000    00060000   00000000    rw-
  51000000    51000000    00060000   00000000    rw- .l3ram
52030000    52030000    00010000   00000000    rw-
  52030000    52030000    00010000   00000000    rw- .hwaBufs


SECTION ALLOCATION MAP

 output                                  attributes/
section   page    origin      length       input sections
--------  ----  ----------  ----------   ----------------
.vecs      0    00000000    0000003c     
                  00000000    0000003c     mmw_per4ft.oer4ft (.vecs)

.myFiqStack 
*          0    0800b990    00000800     UNINITIALIZED
                  0800b990    00000800     mmw_per4ft.oer4ft (.myFiqStack)

xdc.meta   0    00000000    000000fc     COPY SECTION
                  00000000    000000fc     mmw_per4ft.oer4ft (xdc.meta)

xdc.noload 
*          0    00000000    00000000     COPY SECTION

.text      0    00000100    0001bb02     
                  00000100    0000107a     rtsv7R4_T_le_v3D16_eabi.lib : _printfi.obj (.text)
                  0000117a    00000002     libadcbuf_xwr14xx.aer4f : adcbuf_mmwave.oer4f (.text:ADCBUF_MMWave_init)
                  0000117c    000005fc     rtsv7R4_T_le_v3D16_eabi.lib : k_rem_pio2.obj (.text)
                  00001778    000005d4     libhwa_xwr14xx.aer4f : hwa.oer4f (.text:HWA_configParamSet)
                  00001d4c    000004a2     config_hwa_util.oer4f (.text:HWAutil_configDopplerFFT)
                  000021ee    00000002     libhwa_xwr14xx.aer4f : hwa.oer4f (.text:HWA_init)
                  000021f0    0000045c     main.oer4f (.text:MmwDemo_parseProfileAndChirpConfig)
                  0000264c    00000438     data_path.oer4f (.text:MmwDemo_config2D_EDMA)
                  00002a84    0000042c     libadcbuf_xwr14xx.aer4f : adcbuf_mmwave.oer4f (.text:ADCBUF_MMWave_control)
                  00002eb0    000003f8     data_path.oer4f (.text:MmwDemo_processAngle)
                  000032a8    000003f4     rtsv7R4_T_le_v3D16_eabi.lib : s_cos.obj (.text)
                  0000369c    000003f4                                 : s_sin.obj (.text)
                  00003a90    000003d0     libcli_xwr14xx.aer4f : cli_mmwave.oer4f (.text:CLI_MMWaveVersion)
                  00003e60    00000364     sysbios.aer4ft : BIOS.obj (.text:ti_sysbios_knl_Event_pend__E)
                  000041c4    0000034c     ti.targets.arm.rtsarm.aer4ft : System.oer4ft (.text:xdc_runtime_System_doPrint__I)
                  00004510    00000300     libcbuff_xwr14xx.aer4f : cbuff.oer4f (.text:CBUFF_createSession)
                  00004810    000002f4     sysbios.aer4ft : BIOS.obj (.text:ti_sysbios_knl_Semaphore_pend__E)
                  00004b04    000002e8     rx_ch_bias_measure.oer4f (.text:MmwDemo_rangeBiasRxChPhaseMeasure)
                  00004dec    000002d4     libsoc_xwr14xx.aer4f : soc_xwr14xx.oer4f (.text:SOC_deviceInit)
                  000050c0    000002c4     mmw_cli.oer4f (.text:MmwDemo_CLIInit)
                  00005384    000002c4     main.oer4f (.text:MmwDemo_transmitProcessedOutput)
                  00005648    000002b8     rtsv7R4_T_le_v3D16_eabi.lib : ull_div32.obj (.text)
                  00005900    000002a4     sysbios.aer4ft : BIOS.obj (.text:ti_sysbios_knl_Task_Instance_finalize__E)
                  00005ba4    00000284     libhsiheader_xwr14xx.aer4f : hsiheader.oer4f (.text:HSIHeader_createHeader)
                  00005e28    00000008     libosal_xwr14xx.aer4f : HwiP_tirtos.oer4f (.text:HwiP_disable)
                  00005e30    00000280     sysbios.aer4ft : BIOS.obj (.text:ti_sysbios_family_arm_exc_Exception_excDumpContext__I)
                  000060b0    00000274     main.oer4f (.text:MmwDemo_initTask)
                  00006324    00000254     data_path.oer4f (.text:MmwDemo_dataPathConfigCommon)
                  00006578    00000254     main.oer4f (.text:MmwDemo_dataPathTask)
                  000067cc    00000250     libcbuff_xwr14xx.aer4f : cbuff.oer4f (.text:CBUFF_init)
                  00006a1c    00000004                            : cbuff_csi.oer4f (.text:CBUFF_closeCSI)
                  00006a20    00000250     sysbios.aer4ft : BIOS.obj (.text:ti_sysbios_heaps_HeapMem_freeUnprotected__E)
                  00006c70    00000250                    : BIOS.obj (.text:ti_sysbios_timers_rti_Timer_Module_startup__E)
                  00006ec0    00000244     libcli_xwr14xx.aer4f : cli_mmwave.oer4f (.text:CLI_MMWaveProfileCfg)
                  00007104    00000234     data_path.oer4f (.text:MmwDemo_dcRangeSignatureCompensation)
                  00007338    0000022c     libcbuff_xwr14xx.aer4f : cbuff_lvds.oer4f (.text:CBUFF_openLVDS)
                  00007564    00000224     libuart_xwr14xx.aer4f : uartsci.oer4f (.text:UartSci_open)
                  00007788    0000021a     post_processing.oer4f (.text:MmwDemo_peakGrouping)
                  000079a2    00000002     libmmwave_xwr14xx.aer4f : mmwave_xwr14xx.oer4f (.text:MMWave_deviceEventFxn)
                  000079a4    00000218     post_processing.oer4f (.text:MmwDemo_XYZestimation)
                  00007bbc    00000218     main.oer4f (.text:MmwDemo_dataPathConfigCQ)
                  00007dd4    00000212     config_hwa_util.oer4f (.text:HWAutil_configAngleEstAzimuthElevation)
                  00007fe6    0000000a     libadcbuf_xwr14xx.aer4f : ADCBuf.oer4f (.text:ADCBuf_control)
                  00007ff0    0000020c     sysbios.aer4ft : BIOS.obj (.text:ti_sysbios_heaps_HeapMem_allocUnprotected__E)
                  000081fc    0000020a     libcbuff_xwr14xx.aer4f : cbuff_transfer.oer4f (.text:CBUFF_addLinkedList)
                  00008406    00000002     libmmwave_xwr14xx.aer4f : mmwave_link.oer4f (.text:MMWave_maskHostIRQ)
                  00008408    00000202     config_hwa_util.oer4f (.text:HWAutil_configRangeFFT)
                  0000860a    00000002     libuart_xwr14xx.aer4f : uartsci.oer4f (.text:UartSci_init)
                  0000860c    00000200     rtsv7R4_T_le_v3D16_eabi.lib : e_log10.obj (.text)
                  0000880c    000001f8     libcrc_xwr14xx.aer4f : crc.oer4f (.text:CRC_open)
                  00008a04    000001f2     libhwa_xwr14xx.aer4f : hwa.oer4f (.text:HWA_configCommon)
                  00008bf6    0000000a     libadcbuf_xwr14xx.aer4f : ADCBuf.oer4f (.text:ADCBuf_getChanBufAddr)
                  00008c00    000001ec     sysbios.aer4ft : BIOS.obj (.text:ti_sysbios_knl_Task_sleep__E)
                  00008dec    00000004     libcbuff_xwr14xx.aer4f : cbuff_csi.oer4f (.text:CBUFF_deinitCSI)
                  00008df0    000001e8     sysbios.aer4ft : BIOS.obj (.text:ti_sysbios_knl_Task_Instance_init__E)
                  00008fd8    000001e4     mmw_lvds_stream.oer4f (.text:MmwDemo_LVDSStreamHwConfig)
                  000091bc    000001e4     rtsv7R4_T_le_v3D16_eabi.lib : strtod.obj (.text)
                  000093a0    000001d8     libcli_xwr14xx.aer4f : cli_mmwave.oer4f (.text:CLI_MMWaveChirpCfg)
                  00009578    000001cc     main.oer4f (.text:MmwDemo_ADCBufConfig)
                  00009744    000001c8     rtsv7R4_T_le_v3D16_eabi.lib : fopen.obj (.text)
                  0000990c    00000004     libcbuff_xwr14xx.aer4f : cbuff_lvds.oer4f (.text:CBUFF_deinitLVDS)
                  00009910    000001c8     sysbios.aer4ft : BIOS.obj (.text:ti_sysbios_knl_Task_schedule__I)
                  00009ad8    00000008     libmmwave_xwr14xx.aer4f : mmwave_xwr14xx.oer4f (.text:MMWave_deviceGetDeviceInfo)
                  00009ae0    000001c4     sysbios.aer4ft : BIOS.obj (.text:ti_sysbios_family_arm_v7r_vim_Hwi_dispatchIRQC__I)
                  00009ca4    000001c0     libcbuff_xwr14xx.aer4f : cbuff_edma.oer4f (.text:CBUFF_configEDMA)
                  00009e64    000001b4                            : cbuff_lvds.oer4f (.text:CBUFF_initLVDS)
                  0000a018    000001b4     rtsv7R4_T_le_v3D16_eabi.lib : e_atan2.obj (.text)
                  0000a1cc    000001a8     libcbuff_xwr14xx.aer4f : cbuff.oer4f (.text:CBUFF_activateSession)
                  0000a374    000001a8     libcli_xwr14xx.aer4f : cli_mmwave.oer4f (.text:CLI_MMWaveSubFrameCfg)
                  0000a51c    000001a8     rtsv7R4_T_le_v3D16_eabi.lib : s_atan.obj (.text)
                  0000a6c4    0000018e     post_processing.oer4f (.text:angleEstimationAzimElev)
                  0000a852    00000002     rtsv7R4_T_le_v3D16_eabi.lib : i_div0.obj (.text)
                  0000a854    00000188     libhwa_xwr14xx.aer4f : hwa.oer4f (.text:HWA_open)
                  0000a9dc    00000188     main.oer4f (.text:MmwDemo_eventCallbackFxn)
                  0000ab64    00000184     libmmwavelink_xwr14xx.aer4f : rl_driver.oer4f (.text:rlDriverCmdInvoke)
                  0000ace8    00000180                                 : rl_driver.oer4f (.text:rlDriverRxHdrRead)
                  0000ae68    00000170     libedma_xwr14xx.aer4f : edma.oer4f (.text:EDMA_open)
                  0000afd8    00000170     libgpio_xwr14xx.aer4f : gpio.oer4f (.text:GPIO_setConfig)
                  0000b148    00000170     mmw_lvds_stream.oer4f (.text:MmwDemo_LVDSStreamSwConfig)
                  0000b2b8    00000160     libmailbox_xwr14xx.aer4f : mailbox.oer4f (.text:Mailbox_open)
                  0000b418    0000015c     data_path.oer4f (.text:MmwDemo_rxChanPhaseBiasCompensation)
                  0000b574    0000000c     libcli_xwr14xx.aer4f : cli_mmwave.oer4f (.text:CLI_getMMWaveExtensionConfig)
                  0000b580    0000015c     sysbios.aer4ft : BIOS.obj (.text:ti_sysbios_family_arm_exc_Exception_excHandler__I)
                  0000b6dc    00000004     libedma_xwr14xx.aer4f : edma.oer4f (.text:EDMA_getNumInstances)
                  0000b6e0    0000015c     sysbios.aer4ft : BIOS.obj (.text:ti_sysbios_family_arm_v7r_vim_Hwi_reconfig__E)
                  0000b83c    00000154     libedma_xwr14xx.aer4f : edma.oer4f (.text:EDMA_error_isr)
                  0000b990    00000150     libmmwave_xwr14xx.aer4f : mmwave_link.oer4f (.text:MMWave_initMMWaveLink)
                  0000bae0    00000150     sysbios.aer4ft : BIOS.obj (.text:ti_sysbios_knl_Event_post__E)
                  0000bc30    0000014c     libcli_xwr14xx.aer4f : cli_mmwave.oer4f (.text:CLI_MMWaveFrameCfg)
                  0000bd7c    0000014c                          : cli.oer4f (.text:CLI_task)
                  0000bec8    0000014c     mmw_cli.oer4f (.text:MmwDemo_CLICalibDcRangeSig)
                  0000c014    0000014c     data_path.oer4f (.text:MmwDemo_config1D_EDMA)
                  0000c160    00000148     libmmwave_xwr14xx.aer4f : mmwave_link.oer4f (.text:MMWave_openLink)
                  0000c2a8    00000144     libhsiheader_xwr14xx.aer4f : hsiheader.oer4f (.text:HSIHeader_init)
                  0000c3ec    00000004     libosal_xwr14xx.aer4f : HwiP_tirtos.oer4f (.text:HwiP_disableInterrupt)
                  0000c3f0    00000140     sysbios.aer4ft : BIOS.obj (.text:ti_sysbios_heaps_HeapMem_Instance_init__E)
                  0000c530    0000013e     libuart_xwr14xx.aer4f : uartsci.oer4f (.text:UartSci_ISR)
                  0000c66e    00000002     mmw_per4ft.oer4ft (.text:ti_sysbios_BIOS_nullFunc__I)
                  0000c670    0000013c     libedma_xwr14xx.aer4f : edma.oer4f (.text:EDMA_configChannel)
                  0000c7ac    00000004     libosal_xwr14xx.aer4f : HwiP_tirtos.oer4f (.text:HwiP_enableInterrupt)
                  0000c7b0    00000138     sysbios.aer4ft : BIOS.obj (.text:ti_sysbios_knl_Clock_workFunc__E)
                  0000c8e8    00000008     libmmwave_xwr14xx.aer4f : mmwave_link.oer4f (.text:MMWave_mboxCallbackFxn)
                  0000c8f0    00000130     sysbios.aer4ft : BIOS.obj (.text:ti_sysbios_knl_Semaphore_post__E)
                  0000ca20    0000012f     config_hwa_util.oer4f (.text:HWAutil_configDopplerFFTSingleRangeBin)
                  0000cb4f    00000001     --HOLE-- [fill = 0]
                  0000cb50    0000012c     libcli_xwr14xx.aer4f : cli_mmwave.oer4f (.text:CLI_MMWaveContModeCfg)
                  0000cc7c    0000012c     ti.targets.arm.rtsarm.aer4ft : Error.oer4ft (.text:xdc_runtime_Error_policyDefault__E)
                  0000cda8    00000128     sensor_mgmt.oer4f (.text:MmwDemo_doSensorStop)
                  0000ced0    00000128     libmmwavelink_xwr14xx.aer4f : rl_driver.oer4f (.text:rlDriverMsgRead)
                  0000cff8    00000126     config_hwa_util.oer4f (.text:HWAutil_configCFAR)
                  0000d11e    00000002     mmw_per4ft.oer4ft (.text:xdc_runtime_Startup_reset__I)
                  0000d120    00000124     libcli_xwr14xx.aer4f : cli_mmwave.oer4f (.text:CLI_MMWaveAdvFrameCfg)
                  0000d244    00000124     libedma_xwr14xx.aer4f : edma.oer4f (.text:EDMA_init)
                  0000d368    0000011c     sensor_mgmt.oer4f (.text:MmwDemo_doSensorOpen)
                  0000d484    00000117     config_edma_util.oer4f (.text:EDMAutil_configHwaTranspose)
                  0000d59b    00000001     --HOLE-- [fill = 0]
                  0000d59c    00000114     mmw_cli.oer4f (.text:MmwDemo_CLICompRangeBiasAndRxChanPhaseCfg)
                  0000d6b0    00000114     libmmwavelink_xwr14xx.aer4f : rl_driver.oer4f (.text:rlDriverCmdSendRetry)
                  0000d7c4    0000000c     libedma_xwr14xx.aer4f : edma_low_level.oer4f (.text:EDMA3ChannelToParamMap)
                  0000d7d0    00000114     sysbios.aer4ft : BIOS.obj (.text:ti_sysbios_family_arm_v7r_vim_Hwi_Instance_init__E)
                  0000d8e4    0000000c     libedma_xwr14xx.aer4f : edma_low_level.oer4f (.text:EDMAsetRegion)
                  0000d8f0    00000114     sysbios.aer4ft : BIOS.obj (.text:ti_sysbios_family_arm_v7r_vim_Hwi_initIntController__I)
                  0000da04    00000110     libedma_xwr14xx.aer4f : edma.oer4f (.text:EDMA_transferComplete_isr)
                  0000db14    0000010c     data_path.oer4f (.text:MmwDemo_configAngleEstimation_HWA)
                  0000dc20    0000010c     data_path.oer4f (.text:MmwDemo_configCFAR_EDMA)
                  0000dd2c    0000010c     main.oer4f (.text:MmwDemo_dataPathConfig)
                  0000de38    0000010c     sensor_mgmt.oer4f (.text:MmwDemo_sensorMgmtTask)
                  0000df44    0000000c     libmmwave_xwr14xx.aer4f : mmwave_osal.oer4f (.text:MMWave_osalMutexUnlock)
                  0000df50    0000010c     sysbios.aer4ft : BIOS.obj (.text:ti_sysbios_knl_Task_postInit__I)
                  0000e05c    00000108     libmailbox_xwr14xx.aer4f : mailbox.oer4f (.text:Mailbox_write)
                  0000e164    00000108     data_path.oer4f (.text:MmwDemo_dataPathCfgBuffers)
                  0000e26c    00000105     config_edma_util.oer4f (.text:EDMAutil_configSyncAwithChaining)
                  0000e371    00000003     --HOLE-- [fill = 0]
                  0000e374    00000100     libcli_xwr14xx.aer4f : cli_mmwave.oer4f (.text:CLI_MMWaveBPMCfgAdvanced)
                  0000e474    00000100     config_edma_util.oer4f (.text:EDMAutil_configHwaContiguous)
                  0000e574    00000100     libmmwave_xwr14xx.aer4f : mmwave_link.oer4f (.text:MMWave_startLink)
                  0000e674    000000fc     libcbuff_xwr14xx.aer4f : cbuff.oer4f (.text:CBUFF_deinit)
                  0000e770    000000fc                            : cbuff.oer4f (.text:CBUFF_deleteSession)
                  0000e86c    000000fc     libcrc_xwr14xx.aer4f : crc.oer4f (.text:CRC_computeSignature)
                  0000e968    000000fc     libmmwavelink_xwr14xx.aer4f : rl_driver.oer4f (.text:rlDriverInit)
                  0000ea64    000000f8     data_path.oer4f (.text:MmwDemo_config1D_HWA)
                  0000eb5c    000000f8     data_path.oer4f (.text:MmwDemo_config2D_HWA)
                  0000ec54    000000f8     post_processing.oer4f (.text:MmwDemo_dopplerCompensation)
                  0000ed4c    000000f8     libmmwavelink_xwr14xx.aer4f : rl_driver.oer4f (.text:rlDriverRdVerifyMsg)
                  0000ee44    0000000c     libmmwave_xwr14xx.aer4f : mmwave_osal.oer4f (.text:MMWave_osalSemSignal)
                  0000ee50    000000f8     sysbios.aer4ft : BIOS.obj (.text:ti_sysbios_utils_Load_updateThreadContexts__E)
                  0000ef48    000000f8     ti.targets.arm.rtsarm.aer4ft : Startup.oer4ft (.text:xdc_runtime_Startup_startMods__I)
                  0000f040    000000f8     mmw_per4ft.oer4ft (.text:xdc_runtime_System_printfExtend__I)
                  0000f138    00000008     data_path.oer4f (.text:MmwDemo_dataPathHwaDoneIsrCallback)
                  0000f140    000000f0     sysbios.aer4ft : BIOS.obj (.text:ti_sysbios_knl_Task_exit__E)
                  0000f230    000000f0                    : BIOS.obj (.text:ti_sysbios_knl_Task_startCore__E)
                  0000f320    000000ec     rtsv7R4_T_le_v3D16_eabi.lib : s_scalbn.obj (.text)
                  0000f40c    00000004     libmmwave_xwr14xx.aer4f : mmwave_xwr14xx.oer4f (.text:MMWave_deviceCfgFxn)
                  0000f410    000000ec     sysbios.aer4ft : BIOS.obj (.text:ti_sysbios_family_arm_v7r_vim_Hwi_Module_startup__E)
                  0000f4fc    00000004     libmmwave_xwr14xx.aer4f : mmwave_xwr14xx.oer4f (.text:MMWave_deviceExecuteFxn)
                  0000f500    000000ec     sysbios.aer4ft : BIOS.obj (.text:ti_sysbios_heaps_HeapBuf_Module_startup__E)
                  0000f5ec    00000004     libmmwave_xwr14xx.aer4f : mmwave_xwr14xx.oer4f (.text:MMWave_deviceInitFxn)
                  0000f5f0    000000e8     sysbios.aer4ft : BIOS.obj (.text:ti_sysbios_utils_Load_updateLoads__E)
                  0000f6d8    000000e8     ti.targets.arm.rtsarm.aer4ft : Core-mem.oer4ft (.text:xdc_runtime_Core_createObject__I)
                  0000f7c0    000000e6     config_hwa_util.oer4f (.text:HWAutil_configAngleEstAzimuth)
                  0000f8a6    00000002     --HOLE-- [fill = 0]
                  0000f8a8    000000e4     libmmwave_xwr14xx.aer4f : mmwave_link.oer4f (.text:MMWave_asyncEventHandler)
                  0000f98c    000000e2     libedma_xwr14xx.aer4f : edma.oer4f (.text:EDMA_paramConfig_assist)
                  0000fa6e    00000002     --HOLE-- [fill = 0]
                  0000fa70    000000e0     libcli_xwr14xx.aer4f : cli.oer4f (.text:CLI_open)
                  0000fb50    000000e0     rtsv7R4_T_le_v3D16_eabi.lib : s_floor.obj (.text)
                  0000fc30    000000de     main.oer4f (.text:MmwDemo_EDMA_CQTransferCompletionCallbackFxn)
                  0000fd0e    00000002     --HOLE-- [fill = 0]
                  0000fd10    000000dc     libcbuff_xwr14xx.aer4f : cbuff_transfer.oer4f (.text:CBUFF_setupNonInterleaved_ADC_CP)
                  0000fdec    000000dc     libmmwave_xwr14xx.aer4f : mmwave.oer4f (.text:MMWave_init)
                  0000fec8    000000dc     libmailbox_xwr14xx.aer4f : mailbox.oer4f (.text:Mailbox_read)
                  0000ffa4    000000dc     main.oer4f (.text:MmwDemo_dataPathConfigCQEdma)
                  00010080    000000dc     sensor_mgmt.oer4f (.text:MmwDemo_doSensorStart)
                  0001015c    000000dc     data_path.oer4f (.text:MmwDemo_edmaInit)
                  00010238    000000dc     rtsv7R4_T_le_v3D16_eabi.lib : s_ceil.obj (.text)
                  00010314    000000dc                                 : setvbuf.obj (.text)
                  000103f0    000000d8     libadcbuf_xwr14xx.aer4f : adcbuf_mmwave.oer4f (.text:ADCBUF_MMWave_open)
                  000104c8    000000d8     libedma_xwr14xx.aer4f : edma.oer4f (.text:EDMA_configErrorMonitoring)
                  000105a0    000000d8     data_path.oer4f (.text:MmwDemo_configCFAR_HWA)
                  00010678    000000d7     config_edma_util.oer4f (.text:EDMAutil_configHwaOneHotSignature)
                  0001074f    00000001     --HOLE-- [fill = 0]
                  00010750    000000d4     libmmwavelink_xwr14xx.aer4f : rl_sensor.oer4f (.text:rlSetMultiBpmChirpConfig)
                  00010824    000000d0     libcbuff_xwr14xx.aer4f : cbuff_transfer.oer4f (.text:CBUFF_setupNonInterleaved_CP_ADC_CQ_USER)
                  000108f4    000000d0     sysbios.aer4ft : exc_Exception_asm.obj (.text:ti_sysbios_family_arm_exc_Exception_excHandlerAsm__I)
                  000109c4    000000d0     ti.targets.arm.rtsarm.aer4ft : Core-smem.oer4ft (.text:xdc_runtime_Core_constructObject__I)
                  00010a94    000000cc     libedma_xwr14xx.aer4f : edma.oer4f (.text:EDMA_transferController_error_isr)
                  00010b60    000000cc     mmw_cli.oer4f (.text:MmwDemo_CLIPeakGroupingCfg)
                  00010c2c    000000cc     libmmwavelink_xwr14xx.aer4f : rl_sensor.oer4f (.text:rlRfCalibDataRestore)
                  00010cf8    000000cc                                 : rl_sensor.oer4f (.text:rlSetChirpConfig)
                  00010dc4    000000cc     rtsv7R4_T_le_v3D16_eabi.lib : fflush.obj (.text)
                  00010e90    000000c8     libcbuff_xwr14xx.aer4f : cbuff_transfer.oer4f (.text:CBUFF_setupNonInterleaved_CP_ADC)
                  00010f58    000000c8     libmmwave_xwr14xx.aer4f : mmwave_fullcfg.oer4f (.text:MMWave_addChirp)
                  00011020    000000c8                             : mmwave_link.oer4f (.text:MMWave_configBPM)
                  000110e8    000000c8                             : mmwave_fullcfg.oer4f (.text:MMWave_flushCfg)
                  000111b0    000000c8                             : mmwave_fullcfg.oer4f (.text:MMWave_getChirpHandle)
                  00011278    000000c6     rx_ch_bias_measure.oer4f (.text:MmwDemo_quadFit)
                  0001133e    00000002     --HOLE-- [fill = 0]
                  00011340    000000c4     libcbuff_xwr14xx.aer4f : cbuff_transfer.oer4f (.text:CBUFF_setupInterleaved_CP_ADC_CQ_USER)
                  00011404    000000c4                            : cbuff_transfer.oer4f (.text:CBUFF_setupNonInterleaved_CP_ADC_CQ)
                  000114c8    000000c4     main.oer4f (.text:MmwDemo_measurementResultOutput)
                  0001158c    000000c4     main.oer4f (.text:main)
                  00011650    000000c4     sysbios.aer4ft : BIOS.obj (.text:ti_sysbios_family_arm_v7a_Pmu_configureCounter__E)
                  00011714    0000000c                    : arm_IntrinsicsSupport_asm.obj (.text:_ti_sysbios_family_arm_IntrinsicsSupport_maxbitA)
                  00011720    000000c4                    : BIOS.obj (.text:ti_sysbios_knl_Task_unblockI__E)
                  000117e4    0000000c     rtsv7R4_T_le_v3D16_eabi.lib : copy_zero_init.obj (.text:decompress:ZI)
                  000117f0    000000c4     sysbios.aer4ft : BIOS.obj (.text:ti_sysbios_timers_rti_Timer_getFreq__E)
                  000118b4    000000c0     libcbuff_xwr14xx.aer4f : cbuff_csi.oer4f (.text:CBUFF_finalizeCSILinkListParams)
                  00011974    000000c0     post_processing.oer4f (.text:MmwDemo_azimHeapMapDopplerCompensation)
                  00011a34    000000c0     sensor_mgmt.oer4f (.text:MmwDemo_sensorMgmtInit)
                  00011af4    000000c0     libmmwavelink_xwr14xx.aer4f : rl_driver.oer4f (.text:rlDriverMsgWrite)
                  00011bb4    000000c0                                 : rl_sensor.oer4f (.text:rlSetFrameConfig)
                  00011c74    0000000c                                 : rl_driver.oer4f (.text:rlDriverGetPlatformId)
                  00011c80    000000c0     sysbios.aer4ft : BIOS.obj (.text:ti_sysbios_timers_rti_Timer_startup__E)
                  00011d40    000000c0                    : BIOS.obj (.text:ti_sysbios_utils_Load_logLoads__I)
                  00011e00    000000be     libhwa_xwr14xx.aer4f : hwa.oer4f (.text:HWA_enableParamSetInterrupt)
                  00011ebe    00000002     --HOLE-- [fill = 0]
                  00011ec0    000000be     data_path.oer4f (.text:MmwDemo_configDetectedObj2DFFT_HWA)
                  00011f7e    00000002     --HOLE-- [fill = 0]
                  00011f80    000000bc     libcbuff_xwr14xx.aer4f : cbuff_transfer.oer4f (.text:CBUFF_setupTransfer)
                  0001203c    000000bc     libcli_xwr14xx.aer4f : cli.oer4f (.text:CLI_help)
                  000120f8    000000bc     libgpio_xwr14xx.aer4f : gpio.oer4f (.text:GPIO_write)
                  000121b4    000000bc     libmmwave_xwr14xx.aer4f : mmwave_link.oer4f (.text:MMWave_computeCRC)
                  00012270    000000bc     rtsv7R4_T_le_v3D16_eabi.lib : open.obj (.text)
                  0001232c    000000b8     libcbuff_xwr14xx.aer4f : cbuff.oer4f (.text:CBUFF_ISR)
                  000123e4    000000b8     rtsv7R4_T_le_v3D16_eabi.lib : k_cos.obj (.text)
                  0001249c    00000004     libmmwave_xwr14xx.aer4f : mmwave_xwr14xx.oer4f (.text:MMWave_deviceOpenFxn)
                  000124a0    000000b8     sysbios.aer4ft : BIOS.obj (.text:ti_sysbios_utils_Load_taskCreateHook__E)
                  00012558    000000b6     libsoc_xwr14xx.aer4f : soc_mpu.o (.text)
                  0001260e    00000002     --HOLE-- [fill = 0]
                  00012610    000000b4     libedma_xwr14xx.aer4f : edma.oer4f (.text:EDMA_startTransfer)
                  000126c4    000000b4     mmw_lvds_stream.oer4f (.text:MmwDemo_LVDSStreamInit)
                  00012778    000000b4     sensor_mgmt.oer4f (.text:MmwDemo_sensorStateStopPending)
                  0001282c    00000004     libmmwave_xwr14xx.aer4f : mmwave_xwr14xx.oer4f (.text:MMWave_deviceStartFxn)
                  00012830    000000b4     sysbios.aer4ft : BIOS.obj (.text:ti_sysbios_gates_GateMutex_enter__E)
                  000128e4    000000b0     libcbuff_xwr14xx.aer4f : cbuff.oer4f (.text:CBUFF_deactivateSession)
                  00012994    000000b0                            : cbuff_transfer.oer4f (.text:CBUFF_setupInterleaved_CP_ADC_CQ)
                  00012a44    000000b0     libmmwave_xwr14xx.aer4f : mmwave_fullcfg.oer4f (.text:MMWave_addProfile)
                  00012af4    000000b0     mmw_cli.oer4f (.text:MmwDemo_CLIChirpQualityRxSatMonCfg)
                  00012ba4    000000b0     libmmwavelink_xwr14xx.aer4f : rl_sensor.oer4f (.text:rlSetProfileConfig)
                  00012c54    0000000c     sysbios.aer4ft : BIOS.obj (.text:ti_sysbios_family_arm_v7a_Pmu_configureCounterI__I)
                  00012c60    000000b0                    : BIOS.obj (.text:ti_sysbios_utils_Load_idleFxn__E)
                  00012d10    000000ae     rtsv7R4_T_le_v3D16_eabi.lib : _io_perm.obj (.text)
                  00012dbe    00000002     --HOLE-- [fill = 0]
                  00012dc0    000000ac     libesm_xwr14xx.aer4f : esm.oer4f (.text:ESM_processInterrupt)
                  00012e6c    00000004     libmmwave_xwr14xx.aer4f : mmwave_xwr14xx.oer4f (.text:MMWave_deviceStopFxn)
                  00012e70    000000ac     sysbios.aer4ft : BIOS.obj (.text:ti_sysbios_knl_Task_Module_startup__E)
                  00012f1c    000000a8     libcli_xwr14xx.aer4f : cli_mmwave.oer4f (.text:CLI_MMWaveExtensionHelp)
                  00012fc4    000000a8     libedma_xwr14xx.aer4f : edma_low_level.oer4f (.text:EDMA3Init)
                  0001306c    000000a8     libmmwave_xwr14xx.aer4f : mmwave_link.oer4f (.text:MMWave_configureProfileChirp)
                  00013114    000000a8                             : mmwave_fullcfg.oer4f (.text:MMWave_getBpmChirpHandle)
                  000131bc    000000a8     sensor_mgmt.oer4f (.text:MmwDemo_sensorStateStart)
                  00013264    000000a8     sensor_mgmt.oer4f (.text:MmwDemo_sensorStateStop)
                  0001330c    000000a8     libpinmux_xwr14xx.aer4f : pinmux.oer4f (.text:Pinmux_Set_OverrideCtrl)
                  000133b4    000000a8     libsoc_xwr14xx.aer4f : soc.oer4f (.text:SOC_deregisterSysIntListener)
                  0001345c    000000a8     libmmwavelink_xwr14xx.aer4f : rl_sensor.oer4f (.text:rlSetAdvFrameConfig)
                  00013504    000000a7     config_edma_util.oer4f (.text:EDMA_setup_shadow_link)
                  000135ab    00000001     --HOLE-- [fill = 0]
                  000135ac    000000a6     data_path.oer4f (.text:MmwDemo_config2DSingleBin_EDMA)
                  00013652    00000002     --HOLE-- [fill = 0]
                  00013654    000000a4     libesm_xwr14xx.aer4f : esm.oer4f (.text:ESM_init)
                  000136f8    000000a4     libmmwave_xwr14xx.aer4f : mmwave_fullcfg.oer4f (.text:MMWave_addBpmChirp)
                  0001379c    000000a4                             : mmwave.oer4f (.text:MMWave_start)
                  00013840    000000a4     mmw_lvds_stream.oer4f (.text:MmwDemo_LVDSStream_EDMAInit)
                  000138e4    000000a4     rtsv7R4_T_le_v3D16_eabi.lib : k_sin.obj (.text)
                  00013988    000000a0     libadcbuf_xwr14xx.aer4f : adcbuf_mmwave.oer4f (.text:ADCBUF_MMWave_getChanBufAddr)
                  00013a28    000000a0     libcbuff_xwr14xx.aer4f : cbuff_transfer.oer4f (.text:CBUFF_setupInterleaved_CP_ADC)
                  00013ac8    000000a0     mmw_cli.oer4f (.text:MmwDemo_CLICfarCfg)
                  00013b68    000000a0     main.oer4f (.text:MmwDemo_transferLVDSUserData)
                  00013c08    000000a0     libsoc_xwr14xx.aer4f : soc.oer4f (.text:SOC_registerSysIntListener)
                  00013ca8    000000a0     auto_init.aer4ft : auto_init.oer4ft (.text)
                  00013d48    000000a0     libmmwavelink_xwr14xx.aer4f : rl_driver.oer4f (.text:rlDriverWaitForResponse)
                  00013de8    00000008     libosal_xwr14xx.aer4f : SemaphoreP_tirtos.oer4f (.text:SemaphoreP_Params_init)
                  00013df0    000000a0     sysbios.aer4ft : BIOS.obj (.text:ti_sysbios_knl_Task_blockI__E)
                  00013e90    0000009e     libuart_xwr14xx.aer4f : uartsci.oer4f (.text:UartSci_readChar)
                  00013f2e    00000002     --HOLE-- [fill = 0]
                  00013f30    0000009c     libcbuff_xwr14xx.aer4f : cbuff_transfer.oer4f (.text:CBUFF_setupInterleaved_ADC_CP)
                  00013fcc    0000009c     libmmwave_xwr14xx.aer4f : mmwave_link.oer4f (.text:MMWave_configLink)
                  00014068    0000009c                             : mmwave_fullcfg.oer4f (.text:MMWave_getProfileHandle)
                  00014104    0000009c     mmw_cli.oer4f (.text:MmwDemo_CLIGuiMonSel)
                  000141a0    0000009c     libuart_xwr14xx.aer4f : uartsci.oer4f (.text:UartSci_write)
                  0001423c    0000009c     rtsv7R4_T_le_v3D16_eabi.lib : memcpy_t2.obj (.text)
                  000142d8    00000008     libmmwavelink_xwr14xx.aer4f : rl_driver.oer4f (.text:rlDriverConstructOutMsg)
                  000142e0    0000009c     sysbios.aer4ft : BIOS.obj (.text:ti_sysbios_knl_Semaphore_Instance_init__E)
                  0001437c    0000009a     ti.targets.arm.rtsarm.aer4ft : Text.oer4ft (.text:xdc_runtime_Text_putSite__E)
                  00014416    00000002     --HOLE-- [fill = 0]
                  00014418    00000098     libmmwave_xwr14xx.aer4f : mmwave_fullcfg.oer4f (.text:MMWave_getChirpCfg)
                  000144b0    00000098                             : mmwave_link.oer4f (.text:MMWave_initLink)
                  00014548    00000098     main.oer4f (.text:MmwDemo_dataPathStart)
                  000145e0    00000098     rtsv7R4_T_le_v3D16_eabi.lib : fclose.obj (.text)
                  00014678    00000098                                 : fputc.obj (.text)
                  00014710    00000098     sysbios.aer4ft : vim_Hwi_asm_switch.obj (.text)
                  000147a8    00000098     ti.targets.arm.rtsarm.aer4ft : Text.oer4ft (.text:xdc_runtime_Text_putMod__E)
                  00014840    00000096     libhwa_xwr14xx.aer4f : hwa.oer4f (.text:HWA_configRam)
                  000148d6    00000094     libcbuff_xwr14xx.aer4f : cbuff_transfer.oer4f (.text:CBUFF_setupNonInterleaved_ADC)
                  0001496a    00000002     --HOLE-- [fill = 0]
                  0001496c    00000094     libsoc_xwr14xx.aer4f : soc_xwr14xx.oer4f (.text:SOC_translateAddress)
                  00014a00    00000094     libmmwavelink_xwr14xx.aer4f : rl_driver.oer4f (.text:rlDriverDeInit)
                  00014a94    00000094                                 : rl_driver.oer4f (.text:rlDriverMsgReadCmdCtx)
                  00014b28    00000094     sysbios.aer4ft : vim_Hwi_asm.obj (.text:ti_sysbios_family_arm_v7r_vim_Hwi_dispatchIRQ__I)
                  00014bbc    00000090     libcbuff_xwr14xx.aer4f : cbuff_transfer.oer4f (.text:CBUFF_setupNonInterleaved_ADC_USER)
                  00014c4c    00000090     libmailbox_xwr14xx.aer4f : mailbox.oer4f (.text:Mailbox_close)
                  00014cdc    00000090     mmw_cli.oer4f (.text:MmwDemo_CLIChirpQualitySigImgMonCfg)
                  00014d6c    00000090     libuart_xwr14xx.aer4f : uartsci.oer4f (.text:UartSci_read)
                  00014dfc    00000004     libmmwave_xwr14xx.aer4f : mmwave_xwr14xx.oer4f (.text:MMWave_deviceSyncFxn)
                  00014e00    00000090     sysbios.aer4ft : BIOS.obj (.text:ti_sysbios_family_arm_v7a_Pmu_startCounter__E)
                  00014e90    00000090                    : BIOS.obj (.text:ti_sysbios_utils_Load_startup__E)
                  00014f20    0000008c     libcbuff_xwr14xx.aer4f : cbuff_csi.oer4f (.text:CBUFF_initCSI)
                  00014fac    0000008c     libcli_xwr14xx.aer4f : cli_mmwave.oer4f (.text:CLI_MMWaveDataOutputMode)
                  00015038    0000008c     libgpio_xwr14xx.aer4f : gpio.oer4f (.text:GPIO_init)
                  000150c4    0000008c     mmw_cli.oer4f (.text:MmwDemo_CLIMeasureRangeBiasAndRxChanPhaseCfg)
                  00015150    0000008c     libmmwavelink_xwr14xx.aer4f : rl_device.oer4f (.text:rlDevicePowerOn)
                  000151dc    0000008c                                 : rl_driver.oer4f (.text:rlDriverMsgCmdReply)
                  00015268    00000008                                 : rl_driver.oer4f (.text:rlDriverGetHandle)
                  00015270    0000008c     sysbios.aer4ft : BIOS.obj (.text:ti_sysbios_family_arm_v7a_Pmu_getCount__E)
                  000152fc    00000004     libmmwave_xwr14xx.aer4f : mmwave_link.oer4f (.text:MMWave_disableDevice)
                  00015300    0000008c     sysbios.aer4ft : BIOS.obj (.text:ti_sysbios_family_arm_v7r_vim_Hwi_Instance_finalize__E)
                  0001538c    00000088     libcbuff_xwr14xx.aer4f : cbuff_transfer.oer4f (.text:CBUFF_setupInterleaved_ADC_USER)
                  00015414    00000088     libmmwave_xwr14xx.aer4f : mmwave_fullcfg.oer4f (.text:MMWave_getProfileCfg)
                  0001549c    00000088     main.oer4f (.text:MmwDemo_configLVDSHwData)
                  00015524    00000088     data_path.oer4f (.text:MmwDemo_edmaOpen)
                  000155ac    00000088     rtsv7R4_T_le_v3D16_eabi.lib : vsnprintf.obj (.text)
                  00015634    00000086     libcbuff_xwr14xx.aer4f : cbuff_edma.oer4f (.text:CBUFF_closeEDMA)
                  000156ba    00000002     --HOLE-- [fill = 0]
                  000156bc    00000084     libmmwave_xwr14xx.aer4f : mmwave_fullcfg.oer4f (.text:MMWave_getNumBpmChirp)
                  00015740    00000084     mmw_cli.oer4f (.text:MmwDemo_CLIADCBufCfg)
                  000157c4    00000084     libsoc_xwr14xx.aer4f : soc.oer4f (.text:SOC_init)
                  00015848    00000082     libhwa_xwr14xx.aer4f : hwa.oer4f (.text:HWA_paramDoneISR)
                  000158ca    00000002     --HOLE-- [fill = 0]
                  000158cc    00000081     libcbuff_xwr14xx.aer4f : cbuff_edma.oer4f (.text:CBUFF_setupEDMAShadowLink)
                  0001594d    00000003     --HOLE-- [fill = 0]
                  00015950    00000080     libcli_xwr14xx.aer4f : cli_mmwave.oer4f (.text:CLI_MMWaveChannelCfg)
                  000159d0    00000080     libuart_xwr14xx.aer4f : uartsci.oer4f (.text:UartSci_writePolling)
                  00015a50    00000080     libmmwavelink_xwr14xx.aer4f : rl_driver.oer4f (.text:rlDriverExecuteGetApi)
                  00015ad0    00000080     sysbios.aer4ft : BIOS.obj (.text:ti_sysbios_timers_rti_Timer_initDevice__I)
                  00015b50    0000007e     libosal_xwr14xx.aer4f : HwiP_tirtos.oer4f (.text:HwiP_create)
                  00015bce    00000002     --HOLE-- [fill = 0]
                  00015bd0    0000007d     libcbuff_xwr14xx.aer4f : cbuff_lvds.oer4f (.text:CBUFF_initLVDSLinkListParams)
                  00015c4d    00000003     --HOLE-- [fill = 0]
                  00015c50    0000007c     libmmwave_xwr14xx.aer4f : mmwave.oer4f (.text:MMWave_open)
                  00015ccc    0000007c     mmw_cli.oer4f (.text:MmwDemo_CLIMultiObjBeamForming)
                  00015d48    0000007c     libuart_xwr14xx.aer4f : uartsci.oer4f (.text:UartSci_readPolling)
                  00015dc4    0000007c     sysbios.aer4ft : arm_TaskSupport_asm.obj (.text:_ti_sysbios_family_arm_TaskSupport_buildTaskStack)
                  00015e40    0000007a     rtsv7R4_T_le_v3D16_eabi.lib : memset_t2.obj (.text)
                  00015eba    00000002     --HOLE-- [fill = 0]
                  00015ebc    00000078     libadcbuf_xwr14xx.aer4f : adcbuf_mmwave.oer4f (.text:ADCBUF_MMWave_getCQBufAddr)
                  00015f34    00000078     libcbuff_xwr14xx.aer4f : cbuff_transfer.oer4f (.text:CBUFF_configUserBufferEDMA)
                  00015fac    00000078                            : cbuff.oer4f (.text:CBUFF_setVC)
                  00016024    00000078     libcli_xwr14xx.aer4f : cli_mmwave.oer4f (.text:CLI_MMWaveADCCfg)
                  0001609c    00000078     libmmwave_xwr14xx.aer4f : mmwave_fullcfg.oer4f (.text:MMWave_getNumChirps)
                  00016114    00000074     libcbuff_xwr14xx.aer4f : cbuff_csi.oer4f (.text:CBUFF_initCSILinkListParams)
                  00016188    00000074                            : cbuff_transfer.oer4f (.text:CBUFF_setupInterleaved_ADC)
                  000161fc    00000074     libedma_xwr14xx.aer4f : edma.oer4f (.text:EDMA_configParamSet)
                  00016270    00000074     libmmwave_xwr14xx.aer4f : mmwave.oer4f (.text:MMWave_config)
                  000162e4    00000074     sensor_mgmt.oer4f (.text:MmwDemo_sensorStateInit)
                  00016358    00000074     boot.aer4ft : boot.oer4ft (.text)
                  000163cc    00000074     libmmwavelink_xwr14xx.aer4f : rl_driver.oer4f (.text:rlDriverAsyncEventHandler)
                  00016440    00000074                                 : rl_driver.oer4f (.text:rlDriverProcRdMsg)
                  000164b4    00000074     rtsv7R4_T_le_v3D16_eabi.lib : getdevice.obj (.text)
                  00016528    00000074                                 : s_frexp.obj (.text)
                  0001659c    00000072     libmmwavelink_xwr14xx.aer4f : rl_driver.oer4f (.text:rlDriverClientCbCheck)
                  0001660e    00000002     --HOLE-- [fill = 0]
                  00016610    00000070     libhsiheader_xwr14xx.aer4f : hsiheader.oer4f (.text:HSIHeader_deleteHeader)
                  00016680    00000070     libhwa_xwr14xx.aer4f : hwa.oer4f (.text:HWA_getDriverAccess)
                  000166f0    00000070     libmailbox_xwr14xx.aer4f : mailbox.oer4f (.text:Mailbox_init)
                  00016760    00000070     mmw_lvds_stream.oer4f (.text:MmwDemo_LVDSStreamDeleteHwSession)
                  000167d0    00000070     mmw_lvds_stream.oer4f (.text:MmwDemo_LVDSStreamDeleteSwSession)
                  00016840    00000070     data_path.oer4f (.text:MmwDemo_dataPathTrigger1D)
                  000168b0    00000070     sysbios.aer4ft : BIOS.obj (.text:ti_sysbios_utils_Load_taskDeleteHook__E)
                  00016920    00000070     ti.targets.arm.rtsarm.aer4ft : Error.oer4ft (.text:xdc_runtime_Error_print__E)
                  00016990    0000006d                                  : System.oer4ft (.text:xdc_runtime_System_formatNum__I)
                  000169fd    00000003     --HOLE-- [fill = 0]
                  00016a00    0000006c     libgpio_xwr14xx.aer4f : gpio.oer4f (.text:GPIO_enableInt)
                  00016a6c    0000006c     libmmwave_xwr14xx.aer4f : mmwave_link.oer4f (.text:MMWave_spawn)
                  00016ad8    0000006c                             : mmwave_link.oer4f (.text:MMWave_stopLink)
                  00016b44    0000006c     libpinmux_xwr14xx.aer4f : pinmux.oer4f (.text:Pinmux_Set_FuncSel)
                  00016bb0    0000006c     rtsv7R4_T_le_v3D16_eabi.lib : copy_decompress_lzss.obj (.text:decompress:lzss)
                  00016c1c    0000006c                                 : trgmsg.obj (.text)
                  00016c88    0000006c     ti.targets.arm.rtsarm.aer4ft : Memory.oer4ft (.text:xdc_runtime_Memory_alloc__E)
                  00016cf4    0000006a     libuart_xwr14xx.aer4f : uartsci.oer4f (.text:UartSci_control)
                  00016d5e    00000002     --HOLE-- [fill = 0]
                  00016d60    00000068     mmw_cli.oer4f (.text:MmwDemo_CLIClutterRemoval)
                  00016dc8    00000068     mmw_lvds_stream.oer4f (.text:MmwDemo_LVDSStream_EDMAAllocateCBUFFHwChannel)
                  00016e30    00000068     mmw_lvds_stream.oer4f (.text:MmwDemo_LVDSStream_EDMAAllocateCBUFFSwChannel)
                  00016e98    00000068     mmw_lvds_stream.oer4f (.text:MmwDemo_LVDSStream_EDMAFreeCBUFFHwChannel)
                  00016f00    00000068     mmw_lvds_stream.oer4f (.text:MmwDemo_LVDSStream_EDMAFreeCBUFFSwChannel)
                  00016f68    00000068     main.oer4f (.text:MmwDemo_frameStartIntHandler)
                  00016fd0    00000068     libmmwavelink_xwr14xx.aer4f : rl_driver.oer4f (.text:rlDriverExecuteSetApi)
                  00017038    00000068                                 : rl_driver.oer4f (.text:rlDriverHostIrqHandler)
                  000170a0    00000068     rtsv7R4_T_le_v3D16_eabi.lib : hostlseek.obj (.text)
                  00017108    00000068                                 : hostrename.obj (.text)
                  00017170    00000066     post_processing.oer4f (.text:calcNoiseFloor)
                  000171d6    00000066     libmmwavelink_xwr14xx.aer4f : rl_device.oer4f (.text:rlDevicePowerOff)
                  0001723c    00000066     ti.targets.arm.rtsarm.aer4ft : Core-mem.oer4ft (.text:xdc_runtime_Core_deleteObject__I)
                  000172a2    00000002     --HOLE-- [fill = 0]
                  000172a4    00000064     libcli_xwr14xx.aer4f : cli_mmwave.oer4f (.text:CLI_MMWaveLowPowerCfg)
                  00017308    00000064     libedma_xwr14xx.aer4f : edma.oer4f (.text:EDMA_startDmaTransfer)
                  0001736c    00000064     libmailbox_xwr14xx.aer4f : mailbox.oer4f (.text:Mailbox_boxEmptyISRBss)
                  000173d0    00000064                              : mailbox.oer4f (.text:Mailbox_readFlush)
                  00017434    00000064     data_path.oer4f (.text:MmwDemo_dataPathWait1D)
                  00017498    00000064     libosal_xwr14xx.aer4f : SemaphoreP_tirtos.oer4f (.text:SemaphoreP_create)
                  000174fc    00000064     rtsv7R4_T_le_v3D16_eabi.lib : fseek.obj (.text)
                  00017560    00000064                                 : sprintf.obj (.text)
                  000175c4    00000064     sysbios.aer4ft : exc_Exception_asm.obj (.text:ti_sysbios_family_arm_exc_Exception_initCore0__I)
                  00017628    00000063     main.oer4f (.text:MmwDemo_ADCBufOpen)
                  0001768b    00000001     --HOLE-- [fill = 0]
                  0001768c    00000060     libcli_xwr14xx.aer4f : cli_mmwave.oer4f (.text:CLI_MMWaveExtensionHandler)
                  000176ec    00000060     libgpio_xwr14xx.aer4f : gpio.oer4f (.text:GPIO_setCallback)
                  0001774c    00000060     libmmwave_xwr14xx.aer4f : mmwave_xwr14xx.oer4f (.text:MMWave_deviceCfgAsyncEvent)
                  000177ac    00000060                             : mmwave_link.oer4f (.text:MMWave_mboxOpen)
                  0001780c    00000060     mmw_cli.oer4f (.text:MmwDemo_CLIAnalogMonitorCfg)
                  0001786c    00000060     libuart_xwr14xx.aer4f : uartsci.oer4f (.text:UartSci_writeChar)
                  000178cc    00000004     libmmwave_xwr14xx.aer4f : mmwave_link.oer4f (.text:MMWave_enableDevice)
                  000178d0    00000060     sysbios.aer4ft : BIOS.obj (.text:ti_sysbios_knl_Clock_logTick__E)
                  00017930    0000005c     libosal_xwr14xx.aer4f : DebugP_tirtos.oer4f (.text:DebugP_log2)
                  0001798c    0000005c                           : DebugP_tirtos.oer4f (.text:DebugP_log3)
                  000179e8    0000005c     libmmwave_xwr14xx.aer4f : mmwave.oer4f (.text:MMWave_stop)
                  00017a44    0000005c     mmw_lvds_stream.oer4f (.text:MmwDemo_LVDSStream_SwTriggerFrameDone)
                  00017aa0    0000005c     data_path.oer4f (.text:MmwDemo_dataPathWait2D)
                  00017afc    0000005c     data_path.oer4f (.text:MmwDemo_dataPathWaitCFAR)
                  00017b58    0000005c     sensor_mgmt.oer4f (.text:MmwDemo_doSensorFrameStart)
                  00017bb4    0000005c     libsoc_xwr14xx.aer4f : soc.oer4f (.text:SOC_enableLVDS)
                  00017c10    0000005c     rtsv7R4_T_le_v3D16_eabi.lib : hostopen.obj (.text)
                  00017c6c    0000005c                                 : hostread.obj (.text)
                  00017cc8    00000008     sysbios.aer4ft : BIOS.obj (.text:ti_sysbios_family_arm_v7a_Pmu_getEnabled__E)
                  00017cd0    0000005c                    : BIOS.obj (.text:ti_sysbios_family_arm_v7r_vim_Hwi_phantomIntHandler__I)
                  00017d2c    00000004     libmmwave_xwr14xx.aer4f : mmwave_listlib.oer4f (.text:MMWave_listGetHead)
                  00017d30    0000005c     sysbios.aer4ft : BIOS.obj (.text:ti_sysbios_utils_Load_updateCurrentThreadTime__E)
                  00017d8c    0000005b     ti.targets.arm.rtsarm.aer4ft : Text.oer4ft (.text:xdc_runtime_Text_putLab__E)
                  00017de7    00000001     --HOLE-- [fill = 0]
                  00017de8    0000005a     libuart_xwr14xx.aer4f : uartsci.oer4f (.text:UartSci_readCancel)
                  00017e42    0000005a     libmmwavelink_xwr14xx.aer4f : rl_driver.oer4f (.text:rlDriverCalChkSum)
                  00017e9c    00000058     libosal_xwr14xx.aer4f : DebugP_tirtos.oer4f (.text:DebugP_log0)
                  00017ef4    00000058                           : DebugP_tirtos.oer4f (.text:DebugP_log1)
                  00017f4c    00000058     libedma_xwr14xx.aer4f : edma_low_level.oer4f (.text:EDMA3EnableChInShadowReg)
                  00017fa4    00000058     libesm_xwr14xx.aer4f : esm.oer4f (.text:ESM_highpriority_FIQ)
                  00017ffc    00000058     libmmwave_xwr14xx.aer4f : mmwave.oer4f (.text:MMWave_execute)
                  00018054    00000058     libmailbox_xwr14xx.aer4f : mailbox.oer4f (.text:Mailbox_boxFullISRBss)
                  000180ac    00000058     libmmwavelink_xwr14xx.aer4f : rl_driver.oer4f (.text:rlDriverMsgReadSpawnCtx)
                  00018104    00000058     rtsv7R4_T_le_v3D16_eabi.lib : close.obj (.text)
                  0001815c    00000058                                 : hostwrite.obj (.text)
                  000181b4    0000000c     sysbios.aer4ft : BIOS.obj (.text:ti_sysbios_family_arm_v7a_Pmu_getCountI__E)
                  000181c0    00000058                    : BIOS.obj (.text:ti_sysbios_heaps_HeapMem_alloc__E)
                  00018218    00000056     libmmwavelink_xwr14xx.aer4f : rl_driver.oer4f (.text:rlDriverOsiCbCheck)
                  0001826e    00000002     --HOLE-- [fill = 0]
                  00018270    00000054     libcrc_xwr14xx.aer4f : crc.oer4f (.text:CRC_getTransactionId)
                  000182c4    00000054     sensor_mgmt.oer4f (.text:MmwDemo_finishSensorStop)
                  00018318    00000054     main.oer4f (.text:MmwDemo_mmWaveCtrlTask)
                  0001836c    00000054     sensor_mgmt.oer4f (.text:MmwDemo_waitSensorStartComplete)
                  000183c0    00000054     rtsv7R4_T_le_v3D16_eabi.lib : ltoa.obj (.text)
                  00018414    00000054     mmw_per4ft.oer4ft (.text:ti_sysbios_family_arm_v7r_vim_Hwi_create)
                  00018468    00000008     mmw_per4ft.oer4ft (.text:xdc_runtime_Text_visitRope__I)
                  00018470    00000054     sysbios.aer4ft : BIOS.obj (.text:ti_sysbios_heaps_HeapMem_getStats__E)
                  000184c4    00000054     ti.targets.arm.rtsarm.aer4ft : Assert.oer4ft (.text:xdc_runtime_Assert_raise__I)
                  00018518    00000052     libhwa_xwr14xx.aer4f : hwa.oer4f (.text:HWA_getDMAconfig)
                  0001856a    00000002     --HOLE-- [fill = 0]
                  0001856c    00000050     libcrc_xwr14xx.aer4f : crc.oer4f (.text:CRC_getSignature)
                  000185bc    00000050     libedma_xwr14xx.aer4f : edma_low_level.oer4f (.text:EDMA3MapChToEvtQ)
                  0001860c    00000050     libmmwave_xwr14xx.aer4f : mmwave.oer4f (.text:MMWave_sync)
                  0001865c    00000050     mmw_lvds_stream.oer4f (.text:MmwDemo_LVDSStream_HwTriggerFrameDone)
                  000186ac    00000050     libmmwavelink_xwr14xx.aer4f : rl_driver.oer4f (.text:rlDeviceIdentifyCmdDir)
                  000186fc    00000050                                 : rl_driver.oer4f (.text:rlDriverVerifyCRC)
                  0001874c    00000050     rtsv7R4_T_le_v3D16_eabi.lib : atoi.obj (.text)
                  0001879c    00000050                                 : exit.obj (.text)
                  000187ec    00000050                                 : u_div32.obj (.text)
                  0001883c    00000050     ti.targets.arm.rtsarm.aer4ft : Startup.oer4ft (.text:xdc_runtime_Startup_exec__E)
                  0001888c    0000004c     libedma_xwr14xx.aer4f : edma.oer4f (.text:EDMA_disableChannel)
                  000188d8    0000004c                           : edma.oer4f (.text:EDMA_enableChannel)
                  00018924    0000004c     data_path.oer4f (.text:MmwDemo_dataPathTrigger2D)
                  00018970    0000004c     libuart_xwr14xx.aer4f : uartsci.oer4f (.text:UartSci_writeCancel)
                  000189bc    0000004c     rtsv7R4_T_le_v3D16_eabi.lib : cpy_tbl.obj (.text)
                  00018a08    00000006     libedma_xwr14xx.aer4f : edma_low_level.oer4f (.text:EDMA3ClrCCErr)
                  00018a0e    00000002     --HOLE-- [fill = 0]
                  00018a10    0000004c     sysbios.aer4ft : BIOS.obj (.text:ti_sysbios_family_arm_v7r_vim_Hwi_getStackInfo__E)
                  00018a5c    0000004c     mmw_per4ft.oer4ft (.text:ti_sysbios_knl_Task_create)
                  00018aa8    00000006     libedma_xwr14xx.aer4f : edma_low_level.oer4f (.text:EDMA3ErrIntrHighStatusGet)
                  00018aae    00000002     --HOLE-- [fill = 0]
                  00018ab0    0000004c     sysbios.aer4ft : BIOS.obj (.text:ti_sysbios_utils_Load_taskSwitchHook__E)
                  00018afc    00000048     libcbuff_xwr14xx.aer4f : cbuff_transfer.oer4f (.text:CBUFF_setup_USER)
                  00018b44    00000048     libcli_xwr14xx.aer4f : cli.oer4f (.text:CLI_write)
                  00018b8c    00000048     libhwa_xwr14xx.aer4f : hwa.oer4f (.text:HWA_deleteInstance)
                  00018bd4    00000048                          : hwa.oer4f (.text:HWA_enableDoneInterrupt)
                  00018c1c    00000048                          : hwa.oer4f (.text:HWA_readCFARPeakCountReg)
                  00018c64    00000048     data_path.oer4f (.text:MmwDemo_EDMA_transferCompletionCallbackFxn)
                  00018cac    00000048     sensor_mgmt.oer4f (.text:MmwDemo_waitSensorStopComplete)
                  00018cf4    00000048     libmmwavelink_xwr14xx.aer4f : rl_device.oer4f (.text:rlDeviceGetVersion)
                  00018d3c    00000048                                 : rl_driver.oer4f (.text:rlDriverOsiInit)
                  00018d84    00000048     ti.targets.arm.rtsarm.aer4ft : Core-params.oer4ft (.text:xdc_runtime_Core_assignParams__I)
                  00018dcc    00000046     libmailbox_xwr14xx.aer4f : mailbox.oer4f (.text:CSL_FINSR)
                  00018e12    00000002     --HOLE-- [fill = 0]
                  00018e14    00000046     mmw_lvds_stream.oer4f (.text:MmwDemo_LVDSStream_EDMAAllocateCBUFFChannel)
                  00018e5a    00000044     libcrc_xwr14xx.aer4f : crc.oer4f (.text:CRC_resetSignature)
                  00018e9e    00000002     --HOLE-- [fill = 0]
                  00018ea0    00000044     data_path.oer4f (.text:MmwDemo_dataPathTriggerCFAR)
                  00018ee4    00000044     rtsv7R4_T_le_v3D16_eabi.lib : hostclose.obj (.text)
                  00018f28    00000044                                 : hostunlink.obj (.text)
                  00018f6c    00000004     libmmwave_xwr14xx.aer4f : mmwave_listlib.oer4f (.text:MMWave_listGetNext)
                  00018f70    00000044     sysbios.aer4ft : BIOS.obj (.text:ti_sysbios_knl_Task_allBlockedFunction__I)
                  00018fb4    00000044     ti.targets.arm.rtsarm.aer4ft : Error.oer4ft (.text:xdc_runtime_Error_setX__E)
                  00018ff8    00000044                                  : Text.oer4ft (.text:xdc_runtime_Text_xprintf__I)
                  0001903c    00000042     libcbuff_xwr14xx.aer4f : cbuff_lvds.oer4f (.text:CBUFF_closeLVDS)
                  0001907e    00000042     libhwa_xwr14xx.aer4f : hwa.oer4f (.text:HWA_reset)
                  000190c0    00000042     libmmwave_xwr14xx.aer4f : mmwave_link.oer4f (.text:MMWave_executeLink)
                  00019102    00000002     --HOLE-- [fill = 0]
                  00019104    00000040     libedma_xwr14xx.aer4f : edma.oer4f (.text:EDMA_linkParamSets)
                  00019144    00000040     libmmwave_xwr14xx.aer4f : mmwave.oer4f (.text:MMWave_decodeError)
                  00019184    00000040     data_path.oer4f (.text:MmwDemo_dataPathTrigger2DSingleBin)
                  000191c4    00000040     libmmwavelink_xwr14xx.aer4f : rl_driver.oer4f (.text:rlDriverValidateHdr)
                  00019204    00000040     rtsv7R4_T_le_v3D16_eabi.lib : strtok.obj (.text)
                  00019244    0000003f     data_path.oer4f (.text:MmwDemo_dataPathWait2DFFTDetObj)
                  00019283    00000001     --HOLE-- [fill = 0]
                  00019284    0000003e     libcbuff_xwr14xx.aer4f : cbuff_transfer.oer4f (.text:CBUFF_configCQEDMA)
                  000192c2    0000003e     libadcbuf_xwr14xx.aer4f : adcbuf_mmwave.oer4f (.text:CSL_FINSR)
                  00019300    0000003e     libcbuff_xwr14xx.aer4f : cbuff.oer4f (.text:CSL_FINSR)
                  0001933e    0000003e                            : cbuff_lvds.oer4f (.text:CSL_FINSR)
                  0001937c    0000003e     libcrc_xwr14xx.aer4f : crc.oer4f (.text:CSL_FINSR)
                  000193ba    0000003e     libgpio_xwr14xx.aer4f : gpio.oer4f (.text:CSL_FINSR)
                  000193f8    0000003e     libhwa_xwr14xx.aer4f : hwa.oer4f (.text:CSL_FINSR)
                  00019436    0000003e     libpinmux_xwr14xx.aer4f : pinmux.oer4f (.text:CSL_FINSR)
                  00019474    0000003e     libsoc_xwr14xx.aer4f : soc.oer4f (.text:CSL_FINSR)
                  000194b2    0000003e                          : soc_xwr14xx.oer4f (.text:CSL_FINSR)
                  000194f0    0000003e     libuart_xwr14xx.aer4f : uartsci.oer4f (.text:CSL_FINSR)
                  0001952e    0000003e     libhwa_xwr14xx.aer4f : hwa.oer4f (.text:HWA_enable)
                  0001956c    0000003e     post_processing.oer4f (.text:MmwDemo_calcCompIdx)
                  000195aa    0000003e     post_processing.oer4f (.text:MmwDemo_dopplerComp)
                  000195e8    0000003e     libuart_xwr14xx.aer4f : uartsci.oer4f (.text:UartSci_close)
                  00019626    0000003e     mmwDemo_monitor.oer4f (.text:mmwDemo_cfgAnalogMonitor)
                  00019664    0000003c     libcli_xwr14xx.aer4f : cli_mmwave.oer4f (.text:CLI_MMWaveFlushCfg)
                  000196a0    0000003c     libedma_xwr14xx.aer4f : edma.oer4f (.text:EDMA_chainChannels)
                  000196dc    0000003c     libmailbox_xwr14xx.aer4f : mailbox.oer4f (.text:Mailbox_writeReset)
                  00019718    0000003c     data_path.oer4f (.text:MmwDemo_dataPathWaitAngleEstimation)
                  00019754    0000003c     data_path.oer4f (.text:MmwDemo_hwaOpen)
                  00019790    0000003c     libsoc_xwr14xx.aer4f : soc.oer4f (.text:SOC_unhaltBSS)
                  000197cc    0000003c     libmmwavelink_xwr14xx.aer4f : rl_controller.oer4f (.text:rlGetSubBlock)
                  00019808    00000006     libedma_xwr14xx.aer4f : edma_low_level.oer4f (.text:EDMA3GetCCErrStatus)
                  0001980e    00000002     --HOLE-- [fill = 0]
                  00019810    0000003c     sysbios.aer4ft : BIOS.obj (.text:ti_sysbios_family_arm_v7r_tms570_Core_Module_startup__E)
                  0001984c    0000003c                    : vim_Hwi_asm.obj (.text:ti_sysbios_family_arm_v7r_vim_Hwi_init__I)
                  00019888    00000006     libedma_xwr14xx.aer4f : edma_low_level.oer4f (.text:EDMA3GetErrIntrStatus)
                  0001988e    00000002     --HOLE-- [fill = 0]
                  00019890    0000003c     sysbios.aer4ft : BIOS.obj (.text:ti_sysbios_heaps_HeapMem_init__I)
                  000198cc    0000003a     libhwa_xwr14xx.aer4f : hwa.oer4f (.text:HWA_setDMA2ACCManualTrig)
                  00019906    00000002     --HOLE-- [fill = 0]
                  00019908    0000003a     libosal_xwr14xx.aer4f : HwiP_tirtos.oer4f (.text:HwiP_delete)
                  00019942    00000002     --HOLE-- [fill = 0]
                  00019944    00000038     libadcbuf_xwr14xx.aer4f : adcbuf_mmwave.oer4f (.text:ADCBUF_MMWave_close)
                  0001997c    00000038     libcbuff_xwr14xx.aer4f : cbuff_transfer.oer4f (.text:CBUFF_addUserBufferLLEntry)
                  000199b4    00000038                            : cbuff_transfer.oer4f (.text:CBUFF_setupHeader)
                  000199ec    00000038     libedma_xwr14xx.aer4f : edma_low_level.oer4f (.text:EDMA3ClrMissEvt)
                  00019a24    00000038     libuart_xwr14xx.aer4f : UART.oer4f (.text:UART_init)
                  00019a5c    00000038     ti.targets.arm.rtsarm.aer4ft : System.oer4ft (.text:xdc_runtime_System_atexit__E)
                  00019a94    00000036     libmmwavelink_xwr14xx.aer4f : rl_controller.oer4f (.text:rlAppendSubBlock)
                  00019aca    00000036     rtsv7R4_T_le_v3D16_eabi.lib : strncpy.obj (.text)
                  00019b00    00000034     libadcbuf_xwr14xx.aer4f : ADCBuf.oer4f (.text:ADCBuf_open)
                  00019b34    00000034     libedma_xwr14xx.aer4f : edma.oer4f (.text:EDMA_configTransferControllerError)
                  00019b68    00000034     libmmwave_xwr14xx.aer4f : mmwave_link.oer4f (.text:MMWave_mboxWrite)
                  00019b9c    00000034     data_path.oer4f (.text:MmwDemo_dataPathTriggerAngleEstimation)
                  00019bd0    00000034     libsoc_xwr14xx.aer4f : soc_xwr14xx.oer4f (.text:SOC_enableHWA)
                  00019c04    00000034                          : soc.oer4f (.text:SOC_getDevicePartNumber)
                  00019c38    00000034     libuart_xwr14xx.aer4f : UART.oer4f (.text:UART_open)
                  00019c6c    00000004     libmmwave_xwr14xx.aer4f : mmwave_link.oer4f (.text:MMWave_mboxClose)
                  00019c70    00000034     sysbios.aer4ft : BIOS.obj (.text:ti_sysbios_hal_Hwi_checkStack)
                  00019ca4    00000034     mmw_per4ft.oer4ft (.text:ti_sysbios_knl_Semaphore_create)
                  00019cd8    00000034     ti.targets.arm.rtsarm.aer4ft : Core-label.oer4ft (.text:xdc_runtime_Core_assignLabel__I)
                  00019d0c    00000034                                  : Text.oer4ft (.text:xdc_runtime_Text_cordText__E)
                  00019d40    00000033                                  : Text.oer4ft (.text:xdc_runtime_Text_printVisFxn__I)
                  00019d73    00000001     --HOLE-- [fill = 0]
                  00019d74    00000032     libcrc_xwr14xx.aer4f : crc.oer4f (.text:CRC_getCRCDataSelectBitValue)
                  00019da6    00000002     --HOLE-- [fill = 0]
                  00019da8    00000032                          : crc.oer4f (.text:CRC_getCRCTypeBitValue)
                  00019dda    00000032     libedma_xwr14xx.aer4f : edma.oer4f (.text:EDMA_configQueueThreshold)
                  00019e0c    00000032     libhwa_xwr14xx.aer4f : hwa.oer4f (.text:HWA_allParamDoneISR)
                  00019e3e    00000002     --HOLE-- [fill = 0]
                  00019e40    00000032     sysbios.aer4ft : BIOS.obj (.text:ti_sysbios_hal_Hwi_initStack)
                  00019e72    00000002     --HOLE-- [fill = 0]
                  00019e74    00000030     libadcbuf_xwr14xx.aer4f : ADCBuf.oer4f (.text:ADCBuf_init)
                  00019ea4    00000030     libcbuff_xwr14xx.aer4f : cbuff_transfer.oer4f (.text:CBUFF_addCQLLEntry)
                  00019ed4    00000030     libmmwave_xwr14xx.aer4f : mmwave_listlib.oer4f (.text:MMWave_listRemoveNode)
                  00019f04    00000030     libmmwavelink_xwr14xx.aer4f : rl_sensor.oer4f (.text:rlSensorStart)
                  00019f34    00000030     mmw_per4ft.oer4ft (.text:ti_sysbios_BIOS_startFunc__I)
                  00019f64    0000000c     mmw_per4ft.oer4ft (.text:ti_sysbios_knl_Queue_Object__get__S)
                  00019f70    00000030     sysbios.aer4ft : BIOS.obj (.text:ti_sysbios_family_arm_TaskSupport_start__E)
                  00019fa0    00000030     mmw_per4ft.oer4ft (.text:ti_sysbios_gates_GateHwi_Object__create__S)
                  00019fd0    00000030     mmw_per4ft.oer4ft (.text:ti_sysbios_gates_GateMutex_Object__create__S)
                  0001a000    00000030     mmw_per4ft.oer4ft (.text:ti_sysbios_heaps_HeapMem_Object__create__S)
                  0001a030    00000030     sysbios.aer4ft : BIOS.obj (.text:ti_sysbios_heaps_HeapMem_free__E)
                  0001a060    00000030     mmw_per4ft.oer4ft (.text:ti_sysbios_knl_Event_create)
                  0001a090    00000030     mmw_per4ft.oer4ft (.text:ti_sysbios_knl_Semaphore_construct)
                  0001a0c0    00000030     ti.targets.arm.rtsarm.aer4ft : System.oer4ft (.text:xdc_runtime_System_processAtExit__E)
                  0001a0f0    0000002e     libmmwave_xwr14xx.aer4f : mmwave_osal.oer4f (.text:MMWave_osalMutexCreate)
                  0001a11e    0000002e                             : mmwave_osal.oer4f (.text:MMWave_osalSemCreate)
                  0001a14c    0000002e     sensor_mgmt.oer4f (.text:MmwDemo_setHsiClk)
                  0001a17a    00000006     libedma_xwr14xx.aer4f : edma_low_level.oer4f (.text:EDMA3QdmaGetErrIntrStatus)
                  0001a180    0000002e     sysbios.aer4ft : BIOS.obj (.text:ti_sysbios_knl_Event_pendTimeout__I)
                  0001a1ae    00000002     --HOLE-- [fill = 0]
                  0001a1b0    0000002e                    : BIOS.obj (.text:ti_sysbios_knl_Semaphore_pendTimeout__I)
                  0001a1de    0000002e     mmw_per4ft.oer4ft (.text:ti_sysbios_rts_gnu_MemAlloc_alloc)
                  0001a20c    0000002e     ti.targets.arm.rtsarm.aer4ft : System.oer4ft (.text:xdc_runtime_System_putchar__I)
                  0001a23a    00000002     --HOLE-- [fill = 0]
                  0001a23c    0000002c     libedma_xwr14xx.aer4f : edma.oer4f (.text:EDMA_validate_channelIdchannelType)
                  0001a268    0000002c     libgpio_xwr14xx.aer4f : gpio.oer4f (.text:GPIO_HighPriorityISR)
                  0001a294    0000002c                           : gpio.oer4f (.text:GPIO_LowPriorityISR)
                  0001a2c0    0000002c     data_path.oer4f (.text:MmwDemo_EDMA_errorCallbackFxn)
                  0001a2ec    0000002c     data_path.oer4f (.text:MmwDemo_EDMA_transferControllerErrorCallbackFxn)
                  0001a318    0000002c     libsoc_xwr14xx.aer4f : soc_xwr14xx.oer4f (.text:SOC_waitBSSPowerUp)
                  0001a344    0000002c     libmmwavelink_xwr14xx.aer4f : rl_device.oer4f (.text:rlDeviceGetMssVersion)
                  0001a370    0000002c                                 : rl_sensor.oer4f (.text:rlSensorStop)
                  0001a39c    0000002c     rtsv7R4_T_le_v3D16_eabi.lib : e_sqrt.obj (.text)
                  0001a3c8    0000002c                                 : unlink.obj (.text)
                  0001a3f4    0000002c     mmw_per4ft.oer4ft (.text:ti_sysbios_BIOS_atExitFunc__I)
                  0001a420    0000002c     mmw_per4ft.oer4ft (.text:ti_sysbios_knl_Clock_doTick__I)
                  0001a44c    0000002c     mmw_per4ft.oer4ft (.text:ti_sysbios_knl_Queue_construct)
                  0001a478    00000006     libosal_xwr14xx.aer4f : HwiP_tirtos.oer4f (.text:HwiP_restore)
                  0001a47e    00000002     --HOLE-- [fill = 0]
                  0001a480    0000002c     sysbios.aer4ft : BIOS.obj (.text:ti_sysbios_timers_rti_Timer_periodicStub__E)
                  0001a4ac    0000002a     libsoc_xwr14xx.aer4f : soc.oer4f (.text:SOC_SystemISR)
                  0001a4d6    0000002a     libmmwavelink_xwr14xx.aer4f : rl_device.oer4f (.text:rlDeviceGetMmWaveLinkVersion)
                  0001a500    0000002a     rtsv7R4_T_le_v3D16_eabi.lib : strspn.obj (.text)
                  0001a52a    00000002     --HOLE-- [fill = 0]
                  0001a52c    00000028     libcbuff_xwr14xx.aer4f : cbuff.oer4f (.text:CBUFF_ErrorISR)
                  0001a554    00000028                            : cbuff.oer4f (.text:CBUFF_FrameStartISR)
                  0001a57c    00000028     mmw_lvds_stream.oer4f (.text:MmwDemo_LVDSStreamDelete)
                  0001a5a4    00000028     main.oer4f (.text:MmwDemo_dataPathInit)
                  0001a5cc    00000028     data_path.oer4f (.text:MmwDemo_processCfar)
                  0001a5f4    00000028     libuart_xwr14xx.aer4f : uartsci_nodma.oer4f (.text:UartSci_noDMAInitiateRxDMA)
                  0001a61c    00000028                           : uartsci_nodma.oer4f (.text:UartSci_noDMAInitiateTxDMA)
                  0001a644    00000028     config_hwa_util.oer4f (.text:log2Approx)
                  0001a66c    00000028     libmmwavelink_xwr14xx.aer4f : rl_driver.oer4f (.text:rlDriverConstructInMsg)
                  0001a694    00000028     rtsv7R4_T_le_v3D16_eabi.lib : lseek.obj (.text)
                  0001a6bc    00000028                                 : write.obj (.text)
                  0001a6e4    0000000c     ti.targets.arm.rtsarm.aer4ft : Gate.oer4ft (.text:xdc_runtime_Gate_enterSystem__E)
                  0001a6f0    00000028     sysbios.aer4ft : BIOS.obj (.text:ti_sysbios_knl_Idle_run__E)
                  0001a718    00000026     mmwDemo_monitor.oer4f (.text:mmwDemo_cfgRxSaturationMonitor)
                  0001a73e    00000026     libmmwavelink_xwr14xx.aer4f : rl_monitoring.oer4f (.text:rlRfAnaMonConfig)
                  0001a764    00000026                                 : rl_sensor.oer4f (.text:rlRfInitCalibConfig)
                  0001a78a    00000026                                 : rl_sensor.oer4f (.text:rlRfRunTimeCalibConfig)
                  0001a7b0    00000026                                 : rl_monitoring.oer4f (.text:rlRfRxIfSatMonConfig)
                  0001a7d6    00000026                                 : rl_monitoring.oer4f (.text:rlRfRxSigImgMonConfig)
                  0001a7fc    00000026                                 : rl_sensor.oer4f (.text:rlRfSetCalMonFreqLimitConfig)
                  0001a822    00000026                                 : rl_sensor.oer4f (.text:rlRfSetDeviceCfg)
                  0001a848    00000026                                 : rl_sensor.oer4f (.text:rlSetAdcOutConfig)
                  0001a86e    00000026                                 : rl_sensor.oer4f (.text:rlSetBpmCommonConfig)
                  0001a894    00000026                                 : rl_sensor.oer4f (.text:rlSetChannelConfig)
                  0001a8ba    00000026                                 : rl_sensor.oer4f (.text:rlSetContModeConfig)
                  0001a8e0    00000026     rtsv7R4_T_le_v3D16_eabi.lib : memcmp.obj (.text)
                  0001a906    00000026     ti.targets.arm.rtsarm.aer4ft : System.oer4ft (.text:xdc_runtime_System_avprintf__E)
                  0001a92c    00000025     main.oer4f (.text:_MmwDemo_debugAssert)
                  0001a951    00000001     --HOLE-- [fill = 0]
                  0001a952    00000024     libcrc_xwr14xx.aer4f : crc.oer4f (.text:CRC_isTransactionIdValid)
                  0001a976    00000002     --HOLE-- [fill = 0]
                  0001a978    00000024     libedma_xwr14xx.aer4f : edma_low_level.oer4f (.text:EDMA3ClrEvt)
                  0001a99c    00000024                           : edma_low_level.oer4f (.text:EDMA3ClrIntr)
                  0001a9c0    00000024                           : edma_low_level.oer4f (.text:EDMA3DisableEvtIntr)
                  0001a9e4    00000024                           : edma_low_level.oer4f (.text:EDMA3EnableDmaEvt)
                  0001aa08    00000024                           : edma_low_level.oer4f (.text:EDMA3EnableEvtIntr)
                  0001aa2c    00000024                           : edma_low_level.oer4f (.text:EDMA3SetEvt)
                  0001aa50    00000024     libgpio_xwr14xx.aer4f : gpio.oer4f (.text:GPIO_processInterrupt)
                  0001aa74    00000024     libhsiheader_xwr14xx.aer4f : hsiheader.oer4f (.text:HSIHeader_processUserBuffer)
                  0001aa98    00000024     libmailbox_xwr14xx.aer4f : mailbox.oer4f (.text:Mailbox_Config_init)
                  0001aabc    00000024     libmmwavelink_xwr14xx.aer4f : rl_device.oer4f (.text:rlDeviceSetHsiClk)
                  0001aae0    00000024                                 : rl_sensor.oer4f (.text:rlEnableContMode)
                  0001ab04    00000024                                 : rl_sensor.oer4f (.text:rlRfSetCalMonTimeUnitConfig)
                  0001ab28    00000024                                 : rl_sensor.oer4f (.text:rlSetLowPowerModeConfig)
                  0001ab4c    00000024     mmw_per4ft.oer4ft (.text:ti_sysbios_BIOS_registerRTSLock__I)
                  0001ab70    00000024     mmw_per4ft.oer4ft (.text:ti_sysbios_BIOS_removeRTSLock__I)
                  0001ab94    00000024     mmw_per4ft.oer4ft (.text:ti_sysbios_gates_GateMutex_Object__delete__S)
                  0001abb8    00000024     mmw_per4ft.oer4ft (.text:ti_sysbios_knl_Semaphore_Object__delete__S)
                  0001abdc    00000024     ti.targets.arm.rtsarm.aer4ft : System.oer4ft (.text:xdc_runtime_System_vprintf__E)
                  0001ac00    00000022     libcbuff_xwr14xx.aer4f : cbuff_transfer.oer4f (.text:CBUFF_initLinkedList)
                  0001ac22    00000022     mmw_cli.oer4f (.text:MmwDemo_CLISensorStart)
                  0001ac44    00000022     data_path.oer4f (.text:MmwDemo_memPoolAlloc)
                  0001ac66    00000022     rtsv7R4_T_le_v3D16_eabi.lib : strcspn.obj (.text)
                  0001ac88    00000020     libcbuff_xwr14xx.aer4f : cbuff_csi.oer4f (.text:CBUFF_openCSI)
                  0001aca8    00000020     libcli_xwr14xx.aer4f : cli_mmwave.oer4f (.text:CLI_MMWaveExtensionInit)
                  0001acc8    00000020     libedma_xwr14xx.aer4f : edma_low_level.oer4f (.text:EDMA3DisableDmaEvt)
                  0001ace8    00000020                           : edma_low_level.oer4f (.text:EDMA3QdmaClrMissEvt)
                  0001ad08    00000020     libesm_xwr14xx.aer4f : esm.oer4f (.text:ESM_lowpriority_IRQ)
                  0001ad28    00000020     libhsiheader_xwr14xx.aer4f : hsiheader.oer4f (.text:HSIHeader_processCQ)
                  0001ad48    00000020     libmmwave_xwr14xx.aer4f : mmwave_listlib.oer4f (.text:MMWave_listCat)
                  0001ad68    00000020     data_path.oer4f (.text:MmwDemo_dataPathObjInit)
                  0001ad88    00000020     main.oer4f (.text:MmwDemo_dataPathOpen)
                  0001ada8    00000020     libpinmux_xwr14xx.aer4f : pinmux.oer4f (.text:Pinmux_Unlock)
                  0001adc8    00000020     libmmwavelink_xwr14xx.aer4f : rl_sensor.oer4f (.text:rlRfInit)
                  0001ade8    00000006     data_path.oer4f (.text:MmwDemo_memPoolReset)
                  0001adee    00000002     --HOLE-- [fill = 0]
                  0001adf0    00000020     sysbios.aer4ft : BIOS.obj (.text:ti_sysbios_family_arm_a15_TimestampProvider_autoRefreshFxn__I)
                  0001ae10    00000020                    : BIOS.obj (.text:ti_sysbios_family_arm_v7a_Pmu_Module_startup__E)
                  0001ae30    00000020     mmw_per4ft.oer4ft (.text:ti_sysbios_family_arm_v7r_vim_Hwi_Object__delete__S)
                  0001ae50    00000020     sysbios.aer4ft : BIOS.obj (.text:ti_sysbios_family_arm_v7r_vim_Hwi_disableInterrupt__E)
                  0001ae70    00000020                    : BIOS.obj (.text:ti_sysbios_family_arm_v7r_vim_Hwi_enableInterrupt__E)
                  0001ae90    00000020     mmw_per4ft.oer4ft (.text:ti_sysbios_gates_GateHwi_Object__delete__S)
                  0001aeb0    00000020     mmw_per4ft.oer4ft (.text:ti_sysbios_heaps_HeapMem_Object__delete__S)
                  0001aed0    00000020     sysbios.aer4ft : BIOS.obj (.text:ti_sysbios_knl_Clock_Module_startup__E)
                  0001aef0    00000020     mmw_per4ft.oer4ft (.text:ti_sysbios_knl_Semaphore_destruct)
                  0001af10    00000020     ti.targets.arm.rtsarm.aer4ft : Registry.oer4ft (.text:xdc_runtime_Registry_findById__E)
                  0001af30    00000020                                  : SysStd.oer4ft (.text:xdc_runtime_SysStd_abort__E)
                  0001af50    0000001e     libmmwave_xwr14xx.aer4f : mmwave_fullcfg.oer4f (.text:MMWave_internalDelChirp)
                  0001af6e    0000001e     mmwDemo_monitor.oer4f (.text:mmwDemo_cfgRxSigImgMonitor)
                  0001af8c    0000001e     mmw_per4ft.oer4ft (.text:ti_sysbios_BIOS_errorRaiseHook__I)
                  0001afaa    0000001c     libcrc_xwr14xx.aer4f : crc.oer4f (.text:CRC_releaseTransactionId)
                  0001afc6    0000001c     libadcbuf_xwr14xx.aer4f : adcbuf_mmwave.oer4f (.text:CSL_FEXTR)
                  0001afe2    0000001c     libcbuff_xwr14xx.aer4f : cbuff.oer4f (.text:CSL_FEXTR)
                  0001affe    0000001c                            : cbuff_lvds.oer4f (.text:CSL_FEXTR)
                  0001b01a    0000001c     libhsiheader_xwr14xx.aer4f : hsiheader.oer4f (.text:CSL_FEXTR)
                  0001b036    0000001c     libhwa_xwr14xx.aer4f : hwa.oer4f (.text:CSL_FEXTR)
                  0001b052    0000001c     libmmwave_xwr14xx.aer4f : mmwave.oer4f (.text:CSL_FEXTR)
                  0001b06e    0000001c     libsoc_xwr14xx.aer4f : soc.oer4f (.text:CSL_FEXTR)
                  0001b08a    0000001c                          : soc_xwr14xx.oer4f (.text:CSL_FEXTR)
                  0001b0a6    0000001c     libuart_xwr14xx.aer4f : uartsci.oer4f (.text:CSL_FEXTR)
                  0001b0c2    0000001c     libmmwave_xwr14xx.aer4f : mmwave_listlib.oer4f (.text:MMWave_listRemove)
                  0001b0de    00000002     --HOLE-- [fill = 0]
                  0001b0e0    0000001c     sensor_mgmt.oer4f (.text:MmwDemo_notifySensorStart)
                  0001b0fc    0000001c     sysbios.aer4ft : arm_TaskSupport_asm.obj (.text:_ti_sysbios_family_arm_TaskSupport_glue)
                  0001b118    0000001c     rtsv7R4_T_le_v3D16_eabi.lib : memccpy.obj (.text)
                  0001b134    0000001c     mmw_per4ft.oer4ft (.text:ti_sysbios_BIOS_rtsLock__I)
                  0001b150    0000001c     sysbios.aer4ft : BIOS.obj (.text:ti_sysbios_gates_GateMutex_Instance_init__E)
                  0001b16c    00000004     libmmwave_xwr14xx.aer4f : mmwave_link.oer4f (.text:MMWave_mboxRead)
                  0001b170    0000001c     sysbios.aer4ft : BIOS.obj (.text:ti_sysbios_gates_GateMutex_leave__E)
                  0001b18c    0000001c     mmw_per4ft.oer4ft (.text:ti_sysbios_knl_Queue_destruct)
                  0001b1a8    00000006     libmmwavelink_xwr14xx.aer4f : rl_controller.oer4f (.text:rlGetSubBlockId)
                  0001b1ae    00000002     --HOLE-- [fill = 0]
                  0001b1b0    0000001c     sysbios.aer4ft : BIOS.obj (.text:ti_sysbios_knl_Task_restore__E)
                  0001b1cc    0000001c     ti.targets.arm.rtsarm.aer4ft : Error.oer4ft (.text:xdc_runtime_Error_check__E)
                  0001b1e8    0000001c                                  : Error.oer4ft (.text:xdc_runtime_Error_raiseX__E)
                  0001b204    0000001c                                  : Memory.oer4ft (.text:xdc_runtime_Memory_valloc__E)
                  0001b220    0000001c                                  : System.oer4ft (.text:xdc_runtime_System_abort__E)
                  0001b23c    0000001a     libcbuff_xwr14xx.aer4f : cbuff_lvds.oer4f (.text:CBUFF_finalizeLVDSLinkListParams)
                  0001b256    0000001a     libedma_xwr14xx.aer4f : edma_low_level.oer4f (.text:EDMA3SetPaRAM)
                  0001b270    0000001a     libmmwave_xwr14xx.aer4f : mmwave.oer4f (.text:MMWave_encodeError)
                  0001b28a    0000001a                             : mmwave_listlib.oer4f (.text:MMWave_listAdd)
                  0001b2a4    0000001a     mmw_per4ft.oer4ft (.text:free)
                  0001b2be    0000001a     libmmwavelink_xwr14xx.aer4f : rl_sensor.oer4f (.text:rlGetRfDieId)
                  0001b2d8    0000001a     rtsv7R4_T_le_v3D16_eabi.lib : s_copysign.obj (.text)
                  0001b2f2    0000001a     sysbios.aer4ft : a15_TimestampProvider_asm.obj (.text:ti_sysbios_family_arm_a15_TimestampProvider_initCCNT__I)
                  0001b30c    0000001a     mmw_per4ft.oer4ft (.text:xdc_runtime_System_aprintf__E)
                  0001b326    0000001a     mmw_per4ft.oer4ft (.text:xdc_runtime_System_printf__E)
                  0001b340    00000018     libcbuff_xwr14xx.aer4f : cbuff_transfer.oer4f (.text:CSL_FINSR)
                  0001b358    00000018     libedma_xwr14xx.aer4f : edma_low_level.oer4f (.text:EDMA3DisableQdmaEvt)
[...]
0001c954  ti_sysbios_knl_Semaphore_A_badContext__C                             
0001c958  ti_sysbios_knl_Semaphore_A_noEvents__C                               
0001c95c  ti_sysbios_knl_Semaphore_A_overflow__C                               
0001c960  ti_sysbios_knl_Semaphore_A_pendTaskDisabled__C                       
0001c964  ti_sysbios_knl_Semaphore_Instance_State_pendQ__O                     
0001c968  ti_sysbios_knl_Semaphore_LM_pend__C                                  
0001c96c  ti_sysbios_knl_Semaphore_LM_post__C                                  
0001c970  ti_sysbios_knl_Semaphore_Module__diagsEnabled__C                     
0001c974  ti_sysbios_knl_Semaphore_Module__diagsIncluded__C                    
0001c978  ti_sysbios_knl_Semaphore_Module__diagsMask__C                        
0001c97c  ti_sysbios_knl_Semaphore_Module__loggerFxn2__C                       
0001c980  ti_sysbios_knl_Semaphore_Module__loggerFxn4__C                       
0001c984  ti_sysbios_knl_Semaphore_Module__loggerObj__C                        
0001c988  ti_sysbios_knl_Task_A_badPriority__C                                 
0001c98c  ti_sysbios_knl_Task_A_badTaskState__C                                
0001c990  ti_sysbios_knl_Task_A_badThreadType__C                               
0001c994  ti_sysbios_knl_Task_A_badTimeout__C                                  
0001c998  ti_sysbios_knl_Task_A_noPendElem__C                                  
0001c99c  ti_sysbios_knl_Task_A_sleepTaskDisabled__C                           
0001c9a0  ti_sysbios_knl_Task_E_spOutOfBounds__C                               
0001c9a4  ti_sysbios_knl_Task_E_stackOverflow__C                               
0001c9a8  ti_sysbios_knl_Task_LD_block__C                                      
0001c9ac  ti_sysbios_knl_Task_LD_exit__C                                       
0001c9b0  ti_sysbios_knl_Task_LD_ready__C                                      
0001c9b4  ti_sysbios_knl_Task_LM_sleep__C                                      
0001c9b8  ti_sysbios_knl_Task_LM_switch__C                                     
0001c9bc  ti_sysbios_knl_Task_Module_State_inactiveQ__O                        
0001c9c0  ti_sysbios_knl_Task_Module__diagsEnabled__C                          
0001c9c4  ti_sysbios_knl_Task_Module__diagsIncluded__C                         
0001c9c8  ti_sysbios_knl_Task_Module__diagsMask__C                             
0001c9cc  ti_sysbios_knl_Task_Module__loggerFxn2__C                            
0001c9d0  ti_sysbios_knl_Task_Module__loggerFxn4__C                            
0001c9d4  ti_sysbios_knl_Task_Module__loggerObj__C                             
0001c9d8  ti_sysbios_knl_Task_Object__count__C                                 
0001c9dc  ti_sysbios_knl_Task_Object__heap__C                                  
0001c9e0  ti_sysbios_knl_Task_allBlockedFunc__C                                
0001c9e4  ti_sysbios_knl_Task_defaultStackHeap__C                              
0001c9e8  ti_sysbios_knl_Task_defaultStackSize__C                              
0001c9ec  ti_sysbios_knl_Task_numConstructedTasks__C                           
0001c9f0  ti_sysbios_timers_rti_Timer_E_cannotSupport__C                       
0001c9f4  ti_sysbios_timers_rti_Timer_Module__diagsEnabled__C                  
0001c9f8  ti_sysbios_timers_rti_Timer_Module__diagsIncluded__C                 
0001c9fc  ti_sysbios_timers_rti_Timer_Module__diagsMask__C                     
0001ca00  ti_sysbios_timers_rti_Timer_numTimerDevices__C                       
0001ca04  ti_sysbios_timers_rti_Timer_startupNeeded__C                         
0001ca08  ti_sysbios_utils_Load_LS_cpuLoad__C                                  
0001ca0c  ti_sysbios_utils_Load_LS_taskLoad__C                                 
0001ca10  ti_sysbios_utils_Load_Module_State_taskList__O                       
0001ca14  ti_sysbios_utils_Load_Module__diagsEnabled__C                        
0001ca18  ti_sysbios_utils_Load_Module__diagsIncluded__C                       
0001ca1c  ti_sysbios_utils_Load_Module__diagsMask__C                           
0001ca20  ti_sysbios_utils_Load_Module__loggerFxn1__C                          
0001ca24  ti_sysbios_utils_Load_Module__loggerFxn4__C                          
0001ca28  ti_sysbios_utils_Load_Module__loggerObj__C                           
0001ca2c  ti_sysbios_utils_Load_postUpdate__C                                  
0001ca30  ti_sysbios_utils_Load_windowInMs__C                                  
0001ca34  xdc_runtime_Assert_E_assertFailed__C                                 
0001ca38  xdc_runtime_Core_A_initializedParams__C                              
0001ca3c  xdc_runtime_Core_Module__diagsEnabled__C                             
0001ca40  xdc_runtime_Core_Module__diagsIncluded__C                            
0001ca44  xdc_runtime_Core_Module__diagsMask__C                                
0001ca48  xdc_runtime_Error_E_memory__C                                        
0001ca4c  xdc_runtime_Error_Module__diagsEnabled__C                            
0001ca50  xdc_runtime_Error_Module__diagsIncluded__C                           
0001ca54  xdc_runtime_Error_Module__diagsMask__C                               
0001ca58  xdc_runtime_Error_Module__loggerFxn8__C                              
0001ca5c  xdc_runtime_Error_Module__loggerObj__C                               
0001ca60  xdc_runtime_Error_policyFxn__C                                       
0001ca64  xdc_runtime_Error_raiseHook__C                                       
0001ca68  xdc_runtime_IGateProvider_Interface__BASE__C                         
0001ca6c  xdc_runtime_IHeap_Interface__BASE__C                                 
0001ca70  xdc_runtime_IModule_Interface__BASE__C                               
0001ca74  xdc_runtime_Log_L_error__C                                           
0001ca78  xdc_runtime_Main_Module__diagsEnabled__C                             
0001ca7c  xdc_runtime_Main_Module__diagsIncluded__C                            
0001ca80  xdc_runtime_Main_Module__diagsMask__C                                
0001ca84  xdc_runtime_Main_Module__loggerFxn1__C                               
0001ca88  xdc_runtime_Main_Module__loggerFxn2__C                               
0001ca8c  xdc_runtime_Main_Module__loggerFxn4__C                               
0001ca90  xdc_runtime_Main_Module__loggerObj__C                                
0001ca94  xdc_runtime_Memory_defaultHeapInstance__C                            
0001ca98  xdc_runtime_Startup_execImpl__C                                      
0001ca9c  xdc_runtime_Startup_maxPasses__C                                     
0001caa0  xdc_runtime_Startup_sfxnRts__C                                       
0001caa4  xdc_runtime_Startup_sfxnTab__C                                       
0001caa8  xdc_runtime_System_Module__gateObj__C                                
0001caac  xdc_runtime_System_abortFxn__C                                       
0001cab0  xdc_runtime_System_exitFxn__C                                        
0001cab4  xdc_runtime_System_extendFxn__C                                      
0001cab8  xdc_runtime_System_maxAtexitHandlers__C                              
0001cabc  xdc_runtime_Text_charTab__C                                          
0001cac0  xdc_runtime_Text_nameEmpty__C                                        
0001cac4  xdc_runtime_Text_nameStatic__C                                       
0001cac8  xdc_runtime_Text_nameUnknown__C                                      
0001cacc  xdc_runtime_Text_visitRopeFxn__C                                     
0001cad0  ti_sysbios_family_arm_v7r_tms570_Core_Module__id__C                  
0001cad2  ti_sysbios_family_arm_v7r_vim_Hwi_Module__id__C                      
0001cad4  ti_sysbios_family_arm_v7r_vim_Hwi_Module__loggerDefined__C           
0001cad6  ti_sysbios_gates_GateMutex_Module__id__C                             
0001cad8  ti_sysbios_hal_Hwi_Module__id__C                                     
0001cada  ti_sysbios_heaps_HeapMem_Module__id__C                               
0001cadc  ti_sysbios_knl_Clock_Module__id__C                                   
0001cade  ti_sysbios_knl_Clock_Module__loggerDefined__C                        
0001cae0  ti_sysbios_knl_Event_Module__id__C                                   
0001cae2  ti_sysbios_knl_Event_Module__loggerDefined__C                        
0001cae4  ti_sysbios_knl_Semaphore_Module__id__C                               
0001cae6  ti_sysbios_knl_Semaphore_Module__loggerDefined__C                    
0001cae8  ti_sysbios_knl_Task_Module__id__C                                    
0001caea  ti_sysbios_knl_Task_Module__loggerDefined__C                         
0001caec  ti_sysbios_timers_rti_Timer_Module__id__C                            
0001caee  ti_sysbios_timers_rti_Timer_continueOnSuspend__C                     
0001caf0  ti_sysbios_utils_Load_Module__id__C                                  
0001caf2  ti_sysbios_utils_Load_Module__loggerDefined__C                       
0001caf4  ti_sysbios_utils_Load_autoAddTasks__C                                
0001caf6  ti_sysbios_utils_Load_updateInIdle__C                                
0001caf8  xdc_runtime_Core_Module__id__C                                       
0001cafa  xdc_runtime_Error_Module__loggerDefined__C                           
0001cafc  xdc_runtime_Error_maxDepth__C                                        
0001cafe  xdc_runtime_Main_Module__id__C                                       
0001cb00  xdc_runtime_Main_Module__loggerDefined__C                            
0001cb02  xdc_runtime_Memory_Module__id__C                                     
0001cb04  xdc_runtime_Text_charCnt__C                                          
0001cb06  xdc_runtime_Text_isLoaded__C                                         
0001cb08  xdc_runtime_Text_registryModsLastId__C                               
0001cb0a  xdc_runtime_Text_unnamedModsLastId__C                                
0001cb0c  xdc_runtime_Text_charTab__A                                          
0001cf50  __TI_Handler_Table_Base                                              
0001cf5c  __TI_Handler_Table_Limit                                             
0001cf80  __TI_CINIT_Base                                                      
0001cfa8  __TI_CINIT_Limit                                                     
08000000  ti_sysbios_heaps_HeapMem_Instance_State_0_buf__A                     
08008000  gMmwL3heap                                                           
0800800c  gCQRxSatMonMemory                                                    
0800808c  gCQRxSigImgMemory                                                    
08008190  gMmwMCB                                                              
08008cb0  rl_txMsg                                                             
08008db0  rl_rxMsg                                                             
08009094  ti_sysbios_family_arm_v7r_vim_Hwi_Module_State_0_dispatchTable__A    
08009294  gCLIMMWaveOpenCfg                                                    
080092b4  partInfoStringArray                                                  
08009314  gCLIMMWaveExtensionTable                                             
080093bc  gCLIMMWaveControlCfg                                                 
08009488  _ftable                                                              
08009578  ti_sysbios_utils_Load_Module__state__V                               
08009610  ti_sysbios_knl_Task_Module_State_0_readyQ__A                         
08009690  _device                                                              
08009708  gCBUFFHwAttribute                                                    
08009778  gCBUFFInterfaceFxn                                                   
080097cc  _stream                                                              
0800981c  gUartSciHwCfg                                                        
0800986c  ti_sysbios_knl_Task_Object__table__V                                 
080098b8  gMailboxMCB                                                          
08009900  ti_sysbios_knl_Task_Module__state__V                                 
08009944  ti_sysbios_gates_GateMutex_Object__table__V                          
0800997c  ti_sysbios_timers_rti_Timer_Object__table__V                         
080099b4  MmwDemo_sensorStateMachine                                           
080099c4  gMmwSessionMgmtMCB                                                   
080099e8  ti_sysbios_family_arm_v7r_vim_Hwi_Module__state__V                   
08009a1c  ti_sysbios_family_arm_v7r_vim_Hwi_Object__table__V                   
08009a48  ti_sysbios_knl_Clock_Module__state__V                                
08009a74  gUartSciFxnTable                                                     
08009a9c  SOC_TranslateAddr_LUT                                                
08009ac0  UART_config                                                          
08009ae4  gHWAHwCfg                                                            
08009b08  ti_sysbios_BIOS_Module__state__V                                     
08009b2c  ti_sysbios_knl_Clock_Object__table__V                                
08009b4c  xdc_runtime_Error_IgnoreBlock                                        
08009b6c  xdc_runtime_System_Module_State_0_atexitHandlers__A                  
08009b8c  ti_sysbios_utils_Load_Module_State_0_taskEnv__A                      
08009ba8  ADCBuf_config                                                        
08009bc0  gInterleavedTransferFxn                                              
08009bd8  gMailboxMssBssHwCfg                                                  
08009bf0  gMultipleChirpNonInterleavedTransferFxn                              
08009c08  gNonInterleavedTransferFxn                                           
08009c20  ti_sysbios_heaps_HeapMem_Object__table__V                            
08009c38  ti_sysbios_timers_rti_Timer_Module_State_0_device__A                 
08009c50  ti_sysbios_family_arm_exc_Exception_Module__state__V                 
08009c64  gSOCHwAttrib                                                         
08009c74  __TI_ft_end                                                          
08009c78  __aeabi_stdin                                                        
08009c7c  __aeabi_stdout                                                       
08009c80  __aeabi_stderr                                                       
08009c84  ti_sysbios_timers_rti_Timer_Module_State_0_intFreqs__A               
08009c94  ti_sysbios_timers_rti_Timer_Module__state__V                         
08009ca4  __TI_cleanup_ptr                                                     
08009ca8  __TI_dtors_ptr                                                       
08009cac  __TI_enable_exit_profile_output                                      
08009cb0  gESMHwCfgAttrs                                                       
08009cbc  ti_sysbios_family_arm_v7a_Pmu_Module__state__V                       
08009cc8  _lock                                                                
08009ccc  _unlock                                                              
08009cd0  gGPIOHwAtrrib                                                        
08009cd8  ti_sysbios_family_arm_v7r_vim_Hwi_Module__root__V                    
08009ce0  ti_sysbios_gates_GateHwi_Module__root__V                             
08009ce8  ti_sysbios_gates_GateMutex_Module__root__V                           
08009cf0  ti_sysbios_hal_Hwi_Object__table__V                                  
08009cf8  ti_sysbios_heaps_HeapMem_Module__root__V                             
08009d00  ti_sysbios_knl_Event_Module__root__V                                 
08009d08  ti_sysbios_knl_Queue_Module__root__V                                 
08009d10  ti_sysbios_knl_Semaphore_Module__root__V                             
08009d18  ti_sysbios_knl_Task_Module__root__V                                  
08009d20  ti_sysbios_timers_rti_Timer_Module_State_0_handles__A                
08009d28  xdc_runtime_Registry_Module__state__V                                
08009d30  xdc_runtime_Startup_Module__state__V                                 
08009d38  xdc_runtime_System_Module__state__V                                  
08009d44  gCRCRegister                                                         
08009d48  regionId                                                             
08009d4c  gPinmuxRegs                                                          
08009d54  errno                                                                
08009d60  main_func_sp                                                         
08009d68  ti_sysbios_family_arm_a15_TimestampProvider_Module__state__V         
08009d6c  ti_sysbios_family_arm_exc_Exception_Module_State_0_excContext__A     
08009d70  ti_sysbios_family_arm_exc_Exception_Module_State_0_excStackBuffers__A
08009d74  ti_sysbios_family_arm_exc_Exception_Module_State_0_excStack__A       
08009d78  ti_sysbios_gates_GateHwi_Object__table__V                            
08009d7c  ti_sysbios_heaps_HeapBuf_Module__state__V                            
08009d80  ti_sysbios_knl_Task_Module_State_0_idleTask__A                       
08009d84  ti_sysbios_utils_Load_Module_State_0_runningTask__A                  
08009d88  ti_sysbios_utils_Load_Module_State_0_taskStartTime__A                
08009d8c  xdc_runtime_Memory_Module__state__V                                  
08009d90  ti_sysbios_family_arm_exc_Exception_Module_State_0_excActive__A      
08009d92  xdc_runtime_Error_Module__state__V                                   
08009d98  ti_sysbios_family_arm_exc_Exception_Module_State_0_excStack_0__A     
0800ad98  ti_sysbios_knl_Task_Instance_State_0_stack__A                        
0800b0b8  edmaDbg                                                              
0800b334  gCLI                                                                 
0800b4d8  __CIOBUF_                                                            
0800b5f8  gGPIOMCB                                                             
0800b70c  gMMWave_MCB                                                          
0800b7e4  __TI_tmpnams                                                         
0800b884  gHWADriverPtr                                                        
0800b888  gHSIHeaderMCB                                                        
0800b910  gEsmMCB                                                              
0800b980  parmbuf                                                              
0800b988  ti_sysbios_knl_Task_Instance_State_0_hookEnv__A                      
0800b990  ti_sysbios_family_arm_v7r_vim_Hwi_Module_State_0_fiqStack__A         
0800c190  __stack                                                              
0800c640  __STACK_END                                                          
51000000  gMmwL3                                                               
52030000  gMmwHwaMemBuf                                                        
fffffdec  ti_sysbios_family_arm_v7r_vim_Hwi_vim                                
ffffffff  __TI_pprof_out_hndl                                                  
ffffffff  __TI_prof_data_size                                                  
ffffffff  __TI_prof_data_start                                                 
ffffffff  __binit__                                                            
ffffffff  __c_args__                                                           
ffffffff  binit                                                                
UNDEFED   SHT$$INIT_ARRAY$$Base                                                
UNDEFED   SHT$$INIT_ARRAY$$Limit                                               

[1170 symbols]
