******************************************************************************
                  TI ARM Linker PC v16.9.6                     
******************************************************************************
>> Linked Sun Oct 28 22:45:29 2018

OUTPUT FILE NAME:   <xwr14xx_gesture_swipe_mss.xer4f>
ENTRY POINT SYMBOL: "_c_int00"  address: 00013d30


MEMORY CONFIGURATION

         name            origin    length      used     unused   attr    fill
----------------------  --------  ---------  --------  --------  ----  --------
PAGE 0:
  VECTORS               00000000   00000100  0000003c  000000c4     X
  PROG_RAM              00000100   0001ff00  00019a03  000064fd  R  X
  DATA_RAM              08000000   00010000  0000c402  00003bfe  RW  
  L3_RAM                51020000   00040000  00000b70  0003f490  RW  
  HWA_RAM               52030000   00010000  00010000  00000000  RW  

PAGE 1:
  L3_RAM                51020000   00040000  00040000  00000000  RW  


SEGMENT ALLOCATION MAP

run origin  load origin   length   init length attrs members
----------  ----------- ---------- ----------- ----- -------
00000000    00000000    0000003c   0000003c    r--
  00000000    00000000    0000003c   0000003c    r-- .vecs
00000100    00000100    00018894   00018894    r-x
  00000100    00000100    00018894   00018894    r-x .text
000189a0    000189a0    00001170   00001170    r--
  000189a0    000189a0    00000dbf   00000dbf    r-- .const
  00019760    00019760    000003b0   000003b0    r-- .cinit
08000000    08000000    0000c408   00000000    rw-
  08000000    08000000    00008000   00000000    rw- systemHeap
  08008000    08008000    00001cbc   00000000    rw- .bss
  08009cc0    08009cc0    00001a96   00000000    rw- .data
  0800b758    0800b758    00000800   00000000    rw- .myFiqStack
  0800bf58    0800bf58    000004b0   00000000    rw- .stack
51020000    51020000    00000b70   00000b70    r-x
  51020000    51020000    00000b70   00000b70    r-x .overlay
52030000    52030000    00010000   00000000    rw-
  52030000    52030000    00010000   00000000    rw- .hwaBufs
51020000    51020000    00040000   00000000    rw-
  51020000    51020000    00040000   00000000    rw- .l3ram


SECTION ALLOCATION MAP

 output                                  attributes/
section   page    origin      length       input sections
--------  ----  ----------  ----------   ----------------
.vecs      0    00000000    0000003c     
                  00000000    0000003c     mmw_per4f.oer4f (.vecs)

.text      0    00000100    00018894     
                  00000100    0000107a     rtsv7R4_T_le_v3D16_eabi.lib : _printfi.obj (.text)
                  0000117a    00000002     libadcbuf_xwr14xx.aer4f : adcbuf_mmwave.oer4f (.text:ADCBUF_MMWave_init)
                  0000117c    000007b4     HandCraftedclassifier.oer4f (.text:Handmadeclassifier_prediction)
                  00001930    000005fc     rtsv7R4_T_le_v3D16_eabi.lib : k_rem_pio2.obj (.text)
                  00001f2c    0000058e     libhwa_xwr14xx.aer4f : hwa.oer4f (.text:HWA_configParamSet)
                  000024ba    00000006     libedma_xwr14xx.aer4f : edma_low_level.oer4f (.text:EDMA3ClrCCErr)
                  000024c0    00000564     sysbios.aer4f : BIOS.obj (.text:ti_sysbios_knl_Event_pend__E)
                  00002a24    00000540     ti.targets.arm.rtsarm.aer4f : System.oer4f (.text:xdc_runtime_System_doPrint__I)
                  00002f64    000004ec     main_swipe.oer4f (.text:MmwDemo_dataPathTask)
                  00003450    000004b0     sysbios.aer4f : BIOS.obj (.text:ti_sysbios_knl_Semaphore_pend__E)
                  00003900    000004a5     config_hwa_util.oer4f (.text:HWAutil_configDopplerFFT)
                  00003da5    00000001     --HOLE-- [fill = 0]
                  00003da6    00000002     libhwa_xwr14xx.aer4f : hwa.oer4f (.text:HWA_init)
                  00003da8    00000448     data_path.oer4f (.text:MmwDemo_config2D_EDMA)
                  000041f0    00000430     sysbios.aer4f : BIOS.obj (.text:ti_sysbios_knl_Task_Instance_finalize__E)
                  00004620    0000042c     libadcbuf_xwr14xx.aer4f : adcbuf_mmwave.oer4f (.text:ADCBUF_MMWave_control)
                  00004a4c    00000414     main_swipe.oer4f (.text:MmwDemo_parseProfileAndChirpConfig)
                  00004e60    000003f4     rtsv7R4_T_le_v3D16_eabi.lib : s_cos.obj (.text)
                  00005254    0000000c     libedma_xwr14xx.aer4f : edma_low_level.oer4f (.text:EDMA3ChannelToParamMap)
                  00005260    00000374     sysbios.aer4f : BIOS.obj (.text:ti_sysbios_timers_rti_Timer_Module_startup__E)
                  000055d4    0000000c     libedma_xwr14xx.aer4f : edma_low_level.oer4f (.text:EDMAsetRegion)
                  000055e0    00000370     sysbios.aer4f : BIOS.obj (.text:ti_sysbios_heaps_HeapMem_freeUnprotected__E)
                  00005950    00000304                   : BIOS.obj (.text:ti_sysbios_heaps_HeapMem_allocUnprotected__E)
                  00005c54    0000000c     libmmwave_xwr14xx.aer4f : mmwave_osal.oer4f (.text:MMWave_osalMutexUnlock)
                  00005c60    000002fc     sysbios.aer4f : BIOS.obj (.text:ti_sysbios_family_arm_exc_Exception_excDumpContext__I)
                  00005f5c    00000004     libedma_xwr14xx.aer4f : edma.oer4f (.text:EDMA_getNumInstances)
                  00005f60    000002fc     sysbios.aer4f : BIOS.obj (.text:ti_sysbios_knl_Task_Instance_init__E)
                  0000625c    000002e8     rx_ch_bias_measure.oer4f (.text:MmwDemo_rangeBiasRxChPhaseMeasure)
                  00006544    000002c4     mmw_cli.oer4f (.text:MmwDemo_CLIInit)
                  00006808    000002b8     rtsv7R4_T_le_v3D16_eabi.lib : ull_div32.obj (.text)
                  00006ac0    000002a8     sysbios.aer4f : BIOS.obj (.text:ti_sysbios_knl_Task_schedule__I)
                  00006d68    000002a4     rtsv7R4_T_le_v3D16_eabi.lib : e_asin.obj (.text)
                  0000700c    00000290     sensor_mgmt.oer4f (.text:MmwDemo_sensorMgmtTask)
                  0000729c    00000004     libosal_xwr14xx.aer4f : HwiP_tirtos.oer4f (.text:HwiP_disableInterrupt)
                  000072a0    00000290     sysbios.aer4f : BIOS.obj (.text:ti_sysbios_family_arm_v7r_vim_Hwi_dispatchIRQC__I)
                  00007530    0000028c     gesture_swipe.oer4f (.text:Gesture_findNumDetections)
                  000077bc    00000004     libosal_xwr14xx.aer4f : HwiP_tirtos.oer4f (.text:HwiP_enableInterrupt)
                  000077c0    00000280     sysbios.aer4f : BIOS.obj (.text:ti_sysbios_family_arm_exc_Exception_excHandler__I)
                  00007a40    00000258     data_path.oer4f (.text:MmwDemo_dataPathConfigCommon)
                  00007c98    00000240     libcli_xwr14xx.aer4f : cli_mmwave.oer4f (.text:CLI_MMWaveProfileCfg)
                  00007ed8    00000234     data_path.oer4f (.text:MmwDemo_dcRangeSignatureCompensation)
                  0000810c    0000021c     libsoc_xwr14xx.aer4f : soc_xwr14xx.oer4f (.text:SOC_deviceInit)
                  00008328    00000215     config_hwa_util.oer4f (.text:HWAutil_configAngleEstAzimuthElevation)
                  0000853d    00000001     --HOLE-- [fill = 0]
                  0000853e    00000002     libmmwave_xwr14xx.aer4f : mmwave_xwr14xx.oer4f (.text:MMWave_deviceEventFxn)
                  00008540    00000214     sysbios.aer4f : BIOS.obj (.text:ti_sysbios_knl_Event_post__E)
                  00008754    00000205     config_hwa_util.oer4f (.text:HWAutil_configRangeFFT)
                  00008959    00000001     --HOLE-- [fill = 0]
                  0000895a    00000002     libmmwave_xwr14xx.aer4f : mmwave_link.oer4f (.text:MMWave_maskHostIRQ)
                  0000895c    00000200     rtsv7R4_T_le_v3D16_eabi.lib : e_log10.obj (.text)
                  00008b5c    00000004     libmmwave_xwr14xx.aer4f : mmwave_xwr14xx.oer4f (.text:MMWave_deviceCfgFxn)
                  00008b60    000001f8     sysbios.aer4f : BIOS.obj (.text:ti_sysbios_heaps_HeapMem_Instance_init__E)
                  00008d58    000001f2     libhwa_xwr14xx.aer4f : hwa.oer4f (.text:HWA_configCommon)
                  00008f4a    00000002     libuart_xwr14xx.aer4f : uartsci.oer4f (.text:UartSci_init)
                  00008f4c    000001e4     rtsv7R4_T_le_v3D16_eabi.lib : strtod.obj (.text)
                  00009130    000001e4     sysbios.aer4f : BIOS.obj (.text:ti_sysbios_family_arm_v7r_vim_Hwi_reconfig__E)
                  00009314    0000000c     libmmwave_xwr14xx.aer4f : mmwave_osal.oer4f (.text:MMWave_osalSemSignal)
                  00009320    000001e4     sysbios.aer4f : BIOS.obj (.text:ti_sysbios_knl_Semaphore_post__E)
                  00009504    000001c8     rtsv7R4_T_le_v3D16_eabi.lib : fopen.obj (.text)
                  000096cc    000001c4     libcli_xwr14xx.aer4f : cli_mmwave.oer4f (.text:CLI_MMWaveChirpCfg)
                  00009890    000001c4     sysbios.aer4f : BIOS.obj (.text:ti_sysbios_knl_Clock_workFunc__E)
                  00009a54    000001c4     ti.targets.arm.rtsarm.aer4f : Error.oer4f (.text:xdc_runtime_Error_policyDefault__E)
                  00009c18    000001a4     libcli_xwr14xx.aer4f : cli_mmwave.oer4f (.text:CLI_MMWaveSubFrameCfg)
                  00009dbc    000001a1                          : cli_mmwave.oer4f (.text:CLI_MMWaveVersion)
                  00009f5d    00000001     --HOLE-- [fill = 0]
                  00009f5e    00000002     rtsv7R4_T_le_v3D16_eabi.lib : i_div0.obj (.text)
                  00009f60    000001a0     sysbios.aer4f : BIOS.obj (.text:ti_sysbios_family_arm_v7r_vim_Hwi_initIntController__I)
                  0000a100    00000198     libmmwavelink_xwr14xx.aer4f : rl_driver.oer4f (.text:rlDriverCmdInvoke)
                  0000a298    00000008     libosal_xwr14xx.aer4f : HwiP_tirtos.oer4f (.text:HwiP_disable)
                  0000a2a0    00000194     sysbios.aer4f : BIOS.obj (.text:ti_sysbios_knl_Task_postInit__I)
                  0000a434    0000000c     rtsv7R4_T_le_v3D16_eabi.lib : copy_zero_init.obj (.text:decompress:ZI)
                  0000a440    0000018c     sysbios.aer4f : BIOS.obj (.text:ti_sysbios_family_arm_v7r_vim_Hwi_Instance_init__E)
                  0000a5cc    00000004     libmmwave_xwr14xx.aer4f : mmwave_xwr14xx.oer4f (.text:MMWave_deviceExecuteFxn)
                  0000a5d0    0000018c     sysbios.aer4f : BIOS.obj (.text:ti_sysbios_knl_Task_startCore__E)
                  0000a75c    00000188     libhwa_xwr14xx.aer4f : hwa.oer4f (.text:HWA_open)
                  0000a8e4    00000188     mmw_per4f.oer4f (.text:xdc_runtime_System_printfExtend__I)
                  0000aa6c    00000184     libmmwavelink_xwr14xx.aer4f : rl_driver.oer4f (.text:rlDriverRxHdrRead)
                  0000abf0    0000017c     ti.targets.arm.rtsarm.aer4f : Core-mem.oer4f (.text:xdc_runtime_Core_createObject__I)
                  0000ad6c    00000004     libmmwave_xwr14xx.aer4f : mmwave_xwr14xx.oer4f (.text:MMWave_deviceInitFxn)
                  0000ad70    00000174     sysbios.aer4f : BIOS.obj (.text:ti_sysbios_heaps_HeapBuf_Module_startup__E)
                  0000aee4    0000000c     libmmwavelink_xwr14xx.aer4f : rl_driver.oer4f (.text:rlDriverGetPlatformId)
                  0000aef0    00000174     sysbios.aer4f : BIOS.obj (.text:ti_sysbios_knl_Task_exit__E)
                  0000b064    00000170     libedma_xwr14xx.aer4f : edma.oer4f (.text:EDMA_open)
                  0000b1d4    00000170     libgpio_xwr14xx.aer4f : gpio.oer4f (.text:GPIO_setConfig)
                  0000b344    0000000c     sysbios.aer4f : BIOS.obj (.text:ti_sysbios_family_arm_v7a_Pmu_configureCounterI__I)
                  0000b350    00000170                   : BIOS.obj (.text:ti_sysbios_family_arm_v7r_vim_Hwi_Module_startup__E)
                  0000b4c0    00000170                   : BIOS.obj (.text:ti_sysbios_utils_Load_updateLoads__E)
                  0000b630    0000016c     main_swipe.oer4f (.text:MmwDemo_eventCallbackFxn)
                  0000b79c    00000160     libmailbox_xwr14xx.aer4f : mailbox.oer4f (.text:Mailbox_open)
                  0000b8fc    00000158     ti.targets.arm.rtsarm.aer4f : Startup.oer4f (.text:xdc_runtime_Startup_startMods__I)
                  0000ba54    00000154     libedma_xwr14xx.aer4f : edma.oer4f (.text:EDMA_error_isr)
                  0000bba8    00000154     data_path.oer4f (.text:MmwDemo_config1D_EDMA)
                  0000bcfc    00000004     libmmwave_xwr14xx.aer4f : mmwave_xwr14xx.oer4f (.text:MMWave_deviceOpenFxn)
                  0000bd00    00000154     sysbios.aer4f : BIOS.obj (.text:ti_sysbios_utils_Load_updateThreadContexts__E)
                  0000be54    00000150     libmmwave_xwr14xx.aer4f : mmwave_link.oer4f (.text:MMWave_initMMWaveLink)
                  0000bfa4    0000014c     libcli_xwr14xx.aer4f : cli_mmwave.oer4f (.text:CLI_MMWaveFrameCfg)
                  0000c0f0    0000014c                          : cli.oer4f (.text:CLI_task)
                  0000c23c    0000014c     mmw_cli.oer4f (.text:MmwDemo_CLICalibDcRangeSig)
                  0000c388    00000144     ti.targets.arm.rtsarm.aer4f : Core-smem.oer4f (.text:xdc_runtime_Core_constructObject__I)
                  0000c4cc    00000004     libmmwave_xwr14xx.aer4f : mmwave_xwr14xx.oer4f (.text:MMWave_deviceStartFxn)
                  0000c4d0    00000140     sysbios.aer4f : BIOS.obj (.text:ti_sysbios_knl_Task_unblockI__E)
                  0000c610    0000013e     libuart_xwr14xx.aer4f : uartsci.oer4f (.text:UartSci_ISR)
                  0000c74e    00000002     --HOLE-- [fill = 0]
                  0000c750    0000013c     libedma_xwr14xx.aer4f : edma.oer4f (.text:EDMA_configChannel)
                  0000c88c    00000138     main_swipe.oer4f (.text:MmwDemo_ADCBufConfig)
                  0000c9c4    0000000c     sysbios.aer4f : BIOS.obj (.text:ti_sysbios_family_arm_v7a_Pmu_getCountI__E)
                  0000c9d0    00000138                   : BIOS.obj (.text:ti_sysbios_family_arm_v7a_Pmu_configureCounter__E)
                  0000cb08    00000008     libmmwave_xwr14xx.aer4f : mmwave_xwr14xx.oer4f (.text:MMWave_deviceGetDeviceInfo)
                  0000cb10    00000130     sysbios.aer4f : BIOS.obj (.text:ti_sysbios_timers_rti_Timer_getFreq__E)
                  0000cc40    00000128     libcli_xwr14xx.aer4f : cli_mmwave.oer4f (.text:CLI_MMWaveContModeCfg)
                  0000cd68    00000128     libmmwavelink_xwr14xx.aer4f : rl_driver.oer4f (.text:rlDriverMsgRead)
                  0000ce90    00000124     libcli_xwr14xx.aer4f : cli_mmwave.oer4f (.text:CLI_MMWaveAdvFrameCfg)
                  0000cfb4    00000124     libedma_xwr14xx.aer4f : edma.oer4f (.text:EDMA_init)
                  0000d0d8    00000008     libmmwave_xwr14xx.aer4f : mmwave_link.oer4f (.text:MMWave_mboxCallbackFxn)
                  0000d0e0    00000124     sysbios.aer4f : BIOS.obj (.text:ti_sysbios_gates_GateMutex_enter__E)
                  0000d204    0000000c                   : tms570_Core_asm.obj (.text:ti_sysbios_family_arm_v7r_tms570_Core_getId__E)
                  0000d210    00000124                   : BIOS.obj (.text:ti_sysbios_utils_Load_taskCreateHook__E)
                  0000d334    0000000c     ti.targets.arm.rtsarm.aer4f : SysStd.oer4f (.text:xdc_runtime_SysStd_exit__E)
                  0000d340    0000011c     sysbios.aer4f : BIOS.obj (.text:ti_sysbios_timers_rti_Timer_startup__E)
                  0000d45c    0000011a     config_edma_util.oer4f (.text:EDMAutil_configHwaTranspose)
                  0000d576    0000000a     libadcbuf_xwr14xx.aer4f : ADCBuf.oer4f (.text:ADCBuf_control)
                  0000d580    00000118     sysbios.aer4f : BIOS.obj (.text:ti_sysbios_utils_Load_logLoads__I)
                  0000d698    00000114     mmw_cli.oer4f (.text:MmwDemo_CLICompRangeBiasAndRxChanPhaseCfg)
                  0000d7ac    00000114     libmmwavelink_xwr14xx.aer4f : rl_driver.oer4f (.text:rlDriverCmdSendRetry)
                  0000d8c0    00000114     sysbios.aer4f : BIOS.obj (.text:ti_sysbios_utils_Load_idleFxn__E)
                  0000d9d4    00000110     libedma_xwr14xx.aer4f : edma.oer4f (.text:EDMA_transferComplete_isr)
                  0000dae4    00000110     data_path.oer4f (.text:MmwDemo_configAngleEstimation_HWA)
                  0000dbf4    0000010c     data_path.oer4f (.text:MmwDemo_configCFAR_EDMA)
                  0000dd00    00000108     libmailbox_xwr14xx.aer4f : mailbox.oer4f (.text:Mailbox_write)
                  0000de08    00000008     data_path.oer4f (.text:MmwDemo_dataPathHwaDoneIsrCallback)
                  0000de10    00000108     sysbios.aer4f : BIOS.obj (.text:ti_sysbios_knl_Semaphore_Instance_init__E)
                  0000df18    00000102     config_edma_util.oer4f (.text:EDMAutil_configHwaContiguous)
                  0000e01a    00000002     --HOLE-- [fill = 0]
                  0000e01c    00000100     libcli_xwr14xx.aer4f : cli_mmwave.oer4f (.text:CLI_MMWaveBPMCfgAdvanced)
                  0000e11c    00000100     libmmwave_xwr14xx.aer4f : mmwave_link.oer4f (.text:MMWave_openLink)
                  0000e21c    00000100                             : mmwave_link.oer4f (.text:MMWave_startLink)
                  0000e31c    00000100     libmmwavelink_xwr14xx.aer4f : rl_driver.oer4f (.text:rlDriverInit)
                  0000e41c    000000fc     libcrc_xwr14xx.aer4f : crc.oer4f (.text:CRC_computeSignature)
                  0000e518    000000fc     data_path.oer4f (.text:MmwDemo_config1D_HWA)
                  0000e614    000000fc     data_path.oer4f (.text:MmwDemo_config2D_HWA)
                  0000e710    000000fc     main_swipe.oer4f (.text:main)
                  0000e80c    00000004     libmmwave_xwr14xx.aer4f : mmwave_xwr14xx.oer4f (.text:MMWave_deviceStopFxn)
                  0000e810    000000fc     sysbios.aer4f : BIOS.obj (.text:ti_sysbios_knl_Task_blockI__E)
                  0000e90c    000000f8     libmmwavelink_xwr14xx.aer4f : rl_driver.oer4f (.text:rlDriverRdVerifyMsg)
                  0000ea04    000000f2     ti.targets.arm.rtsarm.aer4f : Text.oer4f (.text:xdc_runtime_Text_putSite__E)
                  0000eaf6    00000002     --HOLE-- [fill = 0]
                  0000eaf8    000000ec     auto_init.aer4f : auto_init.oer4f (.text)
                  0000ebe4    000000ec     rtsv7R4_T_le_v3D16_eabi.lib : s_scalbn.obj (.text)
                  0000ecd0    000000ea     config_hwa_util.oer4f (.text:HWAutil_configAngleEstAzimuth)
                  0000edba    00000002     --HOLE-- [fill = 0]
                  0000edbc    000000e4     libmmwave_xwr14xx.aer4f : mmwave_link.oer4f (.text:MMWave_asyncEventHandler)
                  0000eea0    000000e4     sysbios.aer4f : BIOS.obj (.text:ti_sysbios_knl_Task_Module_startup__E)
                  0000ef84    000000e4     ti.targets.arm.rtsarm.aer4f : Text.oer4f (.text:xdc_runtime_Text_putMod__E)
                  0000f068    000000e2     libedma_xwr14xx.aer4f : edma.oer4f (.text:EDMA_paramConfig_assist)
                  0000f14a    00000002     --HOLE-- [fill = 0]
                  0000f14c    000000e0     libcli_xwr14xx.aer4f : cli.oer4f (.text:CLI_open)
                  0000f22c    000000e0     rtsv7R4_T_le_v3D16_eabi.lib : s_floor.obj (.text)
                  0000f30c    00000004     libmmwave_xwr14xx.aer4f : mmwave_xwr14xx.oer4f (.text:MMWave_deviceSyncFxn)
                  0000f310    000000e0     sysbios.aer4f : BIOS.obj (.text:ti_sysbios_family_arm_v7a_Pmu_getCount__E)
                  0000f3f0    000000e0                   : BIOS.obj (.text:ti_sysbios_family_arm_v7a_Pmu_startCounter__E)
                  0000f4d0    000000dc     libmailbox_xwr14xx.aer4f : mailbox.oer4f (.text:Mailbox_read)
                  0000f5ac    000000dc     rtsv7R4_T_le_v3D16_eabi.lib : s_ceil.obj (.text)
                  0000f688    000000dc                                 : setvbuf.obj (.text)
                  0000f764    000000da     config_edma_util.oer4f (.text:EDMAutil_configHwaOneHotSignature)
                  0000f83e    00000002     --HOLE-- [fill = 0]
                  0000f840    000000d8     libadcbuf_xwr14xx.aer4f : adcbuf_mmwave.oer4f (.text:ADCBUF_MMWave_open)
                  0000f918    000000d8     libedma_xwr14xx.aer4f : edma.oer4f (.text:EDMA_configErrorMonitoring)
                  0000f9f0    000000d4     libmmwavelink_xwr14xx.aer4f : rl_sensor.oer4f (.text:rlSetMultiBpmChirpConfig)
                  0000fac4    000000d3     data_path.oer4f (.text:MmwDemo_dataPathCfgBuffers)
                  0000fb97    00000001     --HOLE-- [fill = 0]
                  0000fb98    000000d0     sysbios.aer4f : exc_Exception_asm.obj (.text:ti_sysbios_family_arm_exc_Exception_excHandlerAsm__I)
                  0000fc68    000000cc     libedma_xwr14xx.aer4f : edma.oer4f (.text:EDMA_transferController_error_isr)
                  0000fd34    000000cc     mmw_cli.oer4f (.text:MmwDemo_CLIPeakGroupingCfg)
                  0000fe00    000000cc     libmmwavelink_xwr14xx.aer4f : rl_sensor.oer4f (.text:rlSetChirpConfig)
                  0000fecc    000000cc     rtsv7R4_T_le_v3D16_eabi.lib : fflush.obj (.text)
                  0000ff98    00000008     libosal_xwr14xx.aer4f : SemaphoreP_tirtos.oer4f (.text:SemaphoreP_Params_init)
                  0000ffa0    000000cc     sysbios.aer4f : BIOS.obj (.text:ti_sysbios_timers_rti_Timer_initDevice__I)
                  0001006c    000000c8     libmmwave_xwr14xx.aer4f : mmwave_fullcfg.oer4f (.text:MMWave_addChirp)
                  00010134    000000c8                             : mmwave_link.oer4f (.text:MMWave_configBPM)
                  000101fc    000000c8                             : mmwave_fullcfg.oer4f (.text:MMWave_flushCfg)
                  000102c4    000000c8                             : mmwave_fullcfg.oer4f (.text:MMWave_getChirpHandle)
                  0001038c    00000004                             : mmwave_link.oer4f (.text:MMWave_disableDevice)
                  00010390    000000c8     sysbios.aer4f : BIOS.obj (.text:ti_sysbios_utils_Load_startup__E)
                  00010458    000000c6     rx_ch_bias_measure.oer4f (.text:MmwDemo_quadFit)
                  0001051e    00000002     --HOLE-- [fill = 0]
                  00010520    000000c4     main_swipe.oer4f (.text:MmwDemo_measurementResultOutput)
                  000105e4    0000000c     mmw_per4f.oer4f (.text:xdc_runtime_Text_visitRope__I)
                  000105f0    000000c4     sysbios.aer4f : BIOS.obj (.text:ti_sysbios_family_arm_v7r_vim_Hwi_Instance_finalize__E)
                  000106b4    000000c0     sensor_mgmt.oer4f (.text:MmwDemo_sensorMgmtInit)
                  00010774    000000c0     libmmwavelink_xwr14xx.aer4f : rl_sensor.oer4f (.text:rlSetFrameConfig)
                  00010834    000000be     libhwa_xwr14xx.aer4f : hwa.oer4f (.text:HWA_enableParamSetInterrupt)
                  000108f2    00000002     --HOLE-- [fill = 0]
                  000108f4    000000bc     libcli_xwr14xx.aer4f : cli.oer4f (.text:CLI_help)
                  000109b0    000000bc     libgpio_xwr14xx.aer4f : gpio.oer4f (.text:GPIO_write)
                  00010a6c    000000bc     libmmwave_xwr14xx.aer4f : mmwave_link.oer4f (.text:MMWave_computeCRC)
                  00010b28    000000bc     rtsv7R4_T_le_v3D16_eabi.lib : open.obj (.text)
                  00010be4    0000000a     libosal_xwr14xx.aer4f : MemoryP_tirtos.oer4f (.text:MemoryP_ctrlFree)
                  00010bee    00000002     --HOLE-- [fill = 0]
                  00010bf0    000000bc     sysbios.aer4f : BIOS.obj (.text:ti_sysbios_utils_Load_taskDeleteHook__E)
                  00010cac    000000b8     libmmwavelink_xwr14xx.aer4f : rl_driver.oer4f (.text:rlDriverMsgWrite)
                  00010d64    000000b8     rtsv7R4_T_le_v3D16_eabi.lib : k_cos.obj (.text)
                  00010e1c    000000b6     libsoc_xwr14xx.aer4f : soc_mpu.o (.text)
                  00010ed2    00000002     --HOLE-- [fill = 0]
                  00010ed4    000000b4     libedma_xwr14xx.aer4f : edma.oer4f (.text:EDMA_startTransfer)
                  00010f88    000000b4     ti.targets.arm.rtsarm.aer4f : Memory.oer4f (.text:xdc_runtime_Memory_alloc__E)
                  0001103c    000000b0     libmmwave_xwr14xx.aer4f : mmwave_fullcfg.oer4f (.text:MMWave_addProfile)
                  000110ec    000000b0     mmw_cli.oer4f (.text:MmwDemo_CLIChirpQualityRxSatMonCfg)
                  0001119c    000000b0     libmmwavelink_xwr14xx.aer4f : rl_sensor.oer4f (.text:rlSetProfileConfig)
                  0001124c    000000ae     rtsv7R4_T_le_v3D16_eabi.lib : _io_perm.obj (.text)
                  000112fa    00000002     --HOLE-- [fill = 0]
                  000112fc    000000ac     libesm_xwr14xx.aer4f : esm.oer4f (.text:ESM_processInterrupt)
                  000113a8    000000aa     config_edma_util.oer4f (.text:EDMA_setup_shadow_link)
                  00011452    00000002     --HOLE-- [fill = 0]
                  00011454    000000a8     libcli_xwr14xx.aer4f : cli_mmwave.oer4f (.text:CLI_MMWaveExtensionHelp)
                  000114fc    000000a8     libedma_xwr14xx.aer4f : edma_low_level.oer4f (.text:EDMA3Init)
                  000115a4    000000a8     libmmwave_xwr14xx.aer4f : mmwave_link.oer4f (.text:MMWave_configureProfileChirp)
                  0001164c    000000a8                             : mmwave_fullcfg.oer4f (.text:MMWave_getBpmChirpHandle)
                  000116f4    000000a8     libpinmux_xwr14xx.aer4f : pinmux.oer4f (.text:Pinmux_Set_OverrideCtrl)
                  0001179c    000000a8     libmmwavelink_xwr14xx.aer4f : rl_sensor.oer4f (.text:rlSetAdvFrameConfig)
                  00011844    000000a5     ti.targets.arm.rtsarm.aer4f : System.oer4f (.text:xdc_runtime_System_formatNum__I)
                  000118e9    00000003     --HOLE-- [fill = 0]
                  000118ec    000000a4     libesm_xwr14xx.aer4f : esm.oer4f (.text:ESM_init)
                  00011990    000000a4     libmmwave_xwr14xx.aer4f : mmwave_fullcfg.oer4f (.text:MMWave_addBpmChirp)
                  00011a34    000000a4                             : mmwave.oer4f (.text:MMWave_start)
                  00011ad8    000000a4     main_swipe.oer4f (.text:MmwDemo_dataPathConfig)
                  00011b7c    000000a4     rtsv7R4_T_le_v3D16_eabi.lib : k_sin.obj (.text)
                  00011c20    000000a4     ti.targets.arm.rtsarm.aer4f : Error.oer4f (.text:xdc_runtime_Error_print__E)
                  00011cc4    000000a0     libadcbuf_xwr14xx.aer4f : adcbuf_mmwave.oer4f (.text:ADCBUF_MMWave_getChanBufAddr)
                  00011d64    000000a0     mmw_cli.oer4f (.text:MmwDemo_CLICfarCfg)
                  00011e04    000000a0     libsoc_xwr14xx.aer4f : soc.oer4f (.text:SOC_registerSysIntListener)
                  00011ea4    000000a0     libmmwavelink_xwr14xx.aer4f : rl_driver.oer4f (.text:rlDriverWaitForResponse)
                  00011f44    0000009f     ti.targets.arm.rtsarm.aer4f : Text.oer4f (.text:xdc_runtime_Text_putLab__E)
                  00011fe3    00000001     --HOLE-- [fill = 0]
                  00011fe4    0000009e     libuart_xwr14xx.aer4f : uartsci.oer4f (.text:UartSci_readChar)
                  00012082    00000002     --HOLE-- [fill = 0]
                  00012084    0000009c     libmmwave_xwr14xx.aer4f : mmwave_link.oer4f (.text:MMWave_configLink)
                  00012120    0000009c                             : mmwave_fullcfg.oer4f (.text:MMWave_getProfileHandle)
                  000121bc    0000009c     mmw_cli.oer4f (.text:MmwDemo_CLIGuiMonSel)
                  00012258    0000009c     libuart_xwr14xx.aer4f : uartsci.oer4f (.text:UartSci_write)
                  000122f4    0000009c     rtsv7R4_T_le_v3D16_eabi.lib : memcpy_t2.obj (.text)
                  00012390    0000009c     sysbios.aer4f : BIOS.obj (.text:ti_sysbios_knl_Clock_logTick__E)
                  0001242c    00000098     libmmwave_xwr14xx.aer4f : mmwave_fullcfg.oer4f (.text:MMWave_getChirpCfg)
                  000124c4    00000098     rtsv7R4_T_le_v3D16_eabi.lib : fclose.obj (.text)
                  0001255c    00000098                                 : fputc.obj (.text)
                  000125f4    00000098     sysbios.aer4f : vim_Hwi_asm_switch.obj (.text)
                  0001268c    00000098     ti.targets.arm.rtsarm.aer4f : Core-mem.oer4f (.text:xdc_runtime_Core_deleteObject__I)
                  00012724    00000096     libhwa_xwr14xx.aer4f : hwa.oer4f (.text:HWA_configRam)
                  000127ba    00000002     --HOLE-- [fill = 0]
                  000127bc    00000094     libmmwavelink_xwr14xx.aer4f : rl_driver.oer4f (.text:rlDriverDeInit)
                  00012850    00000094                                 : rl_driver.oer4f (.text:rlDriverMsgReadCmdCtx)
                  000128e4    00000094     sysbios.aer4f : vim_Hwi_asm.obj (.text:ti_sysbios_family_arm_v7r_vim_Hwi_dispatchIRQ__I)
                  00012978    00000008     libmmwavelink_xwr14xx.aer4f : rl_driver.oer4f (.text:rlDriverGetHandle)
                  00012980    00000094     sysbios.aer4f : BIOS.obj (.text:ti_sysbios_utils_Load_updateCurrentThreadTime__E)
                  00012a14    00000090     libmailbox_xwr14xx.aer4f : mailbox.oer4f (.text:Mailbox_close)
                  00012aa4    00000090     mmw_cli.oer4f (.text:MmwDemo_CLIChirpQualitySigImgMonCfg)
                  00012b34    00000090     main_swipe.oer4f (.text:MmwDemo_dataPathStart)
                  00012bc4    00000090     libuart_xwr14xx.aer4f : uartsci.oer4f (.text:UartSci_read)
                  00012c54    0000000a     libosal_xwr14xx.aer4f : SemaphoreP_tirtos.oer4f (.text:SemaphoreP_post)
                  00012c5e    00000002     --HOLE-- [fill = 0]
                  00012c60    00000090     sysbios.aer4f : BIOS.obj (.text:ti_sysbios_heaps_HeapMem_alloc__E)
                  00012cf0    0000008c     libcli_xwr14xx.aer4f : cli_mmwave.oer4f (.text:CLI_MMWaveDataOutputMode)
                  00012d7c    0000008c     libgpio_xwr14xx.aer4f : gpio.oer4f (.text:GPIO_init)
                  00012e08    0000008c     mmw_cli.oer4f (.text:MmwDemo_CLIMeasureRangeBiasAndRxChanPhaseCfg)
                  00012e94    0000008c     data_path.oer4f (.text:MmwDemo_edmaOpen)
                  00012f20    0000008c     libmmwavelink_xwr14xx.aer4f : rl_driver.oer4f (.text:rlDriverMsgCmdReply)
                  00012fac    0000008c     ti.targets.arm.rtsarm.aer4f : Startup.oer4f (.text:xdc_runtime_Startup_exec__E)
                  00013038    00000088     gesture_swipe.oer4f (.text:Gesture_angleEst)
                  000130c0    00000088     libmmwave_xwr14xx.aer4f : mmwave_fullcfg.oer4f (.text:MMWave_getProfileCfg)
                  00013148    00000088     libsoc_xwr14xx.aer4f : soc_xwr14xx.oer4f (.text:SOC_translateAddress)
                  000131d0    00000088     rtsv7R4_T_le_v3D16_eabi.lib : vsnprintf.obj (.text)
                  00013258    00000088     mmw_per4f.oer4f (.text:ti_sysbios_family_arm_v7r_vim_Hwi_create)
                  000132e0    00000084     libmmwave_xwr14xx.aer4f : mmwave_fullcfg.oer4f (.text:MMWave_getNumBpmChirp)
                  00013364    00000084     mmw_cli.oer4f (.text:MmwDemo_CLIADCBufCfg)
                  000133e8    00000008     mmw_per4f.oer4f (.text:ti_sysbios_family_arm_TaskSupport_Module__startupDone__S)
                  000133f0    00000084     sysbios.aer4f : BIOS.obj (.text:ti_sysbios_heaps_HeapMem_getStats__E)
                  00013474    00000082     libhwa_xwr14xx.aer4f : hwa.oer4f (.text:HWA_paramDoneISR)
                  000134f6    00000002     --HOLE-- [fill = 0]
                  000134f8    00000080     libcli_xwr14xx.aer4f : cli_mmwave.oer4f (.text:CLI_MMWaveChannelCfg)
                  00013578    00000080     libuart_xwr14xx.aer4f : uartsci.oer4f (.text:UartSci_writePolling)
                  000135f8    00000080     libmmwavelink_xwr14xx.aer4f : rl_driver.oer4f (.text:rlDriverExecuteGetApi)
                  00013678    00000080     mmw_per4f.oer4f (.text:ti_sysbios_knl_Task_create)
                  000136f8    00000008     sysbios.aer4f : a15_TimestampProvider_asm.obj (.text:ti_sysbios_family_arm_a15_TimestampProvider_get32__E)
                  00013700    00000080                   : BIOS.obj (.text:ti_sysbios_utils_Load_taskSwitchHook__E)
                  00013780    0000007e     libosal_xwr14xx.aer4f : HwiP_tirtos.oer4f (.text:HwiP_create)
                  000137fe    00000002     --HOLE-- [fill = 0]
                  00013800    0000007c     mmw_cli.oer4f (.text:MmwDemo_CLIMultiObjBeamForming)
                  0001387c    0000007c     libuart_xwr14xx.aer4f : uartsci.oer4f (.text:UartSci_readPolling)
                  000138f8    0000007c     sysbios.aer4f : arm_TaskSupport_asm.obj (.text:_ti_sysbios_family_arm_TaskSupport_buildTaskStack)
                  00013974    0000007c     ti.targets.arm.rtsarm.aer4f : Assert.oer4f (.text:xdc_runtime_Assert_raise__I)
                  000139f0    0000007a     rtsv7R4_T_le_v3D16_eabi.lib : memset_t2.obj (.text)
                  00013a6a    00000002     --HOLE-- [fill = 0]
                  00013a6c    00000078     libcli_xwr14xx.aer4f : cli_mmwave.oer4f (.text:CLI_MMWaveADCCfg)
                  00013ae4    00000078     libmmwave_xwr14xx.aer4f : mmwave_fullcfg.oer4f (.text:MMWave_getNumChirps)
                  00013b5c    00000078                             : mmwave.oer4f (.text:MMWave_open)
                  00013bd4    00000074     libedma_xwr14xx.aer4f : edma.oer4f (.text:EDMA_configParamSet)
                  00013c48    00000074     libmmwave_xwr14xx.aer4f : mmwave.oer4f (.text:MMWave_config)
                  00013cbc    00000074     libsoc_xwr14xx.aer4f : soc.oer4f (.text:SOC_init)
                  00013d30    00000074     boot.aer4f : boot.oer4f (.text)
                  00013da4    00000074     libmmwavelink_xwr14xx.aer4f : rl_driver.oer4f (.text:rlDriverAsyncEventHandler)
                  00013e18    00000074                                 : rl_driver.oer4f (.text:rlDriverProcRdMsg)
                  00013e8c    00000074     rtsv7R4_T_le_v3D16_eabi.lib : getdevice.obj (.text)
                  00013f00    00000074                                 : s_frexp.obj (.text)
                  00013f74    00000073     data_path.oer4f (.text:MmwDemo_dataPathTrigger1D)
                  00013fe7    00000001     --HOLE-- [fill = 0]
                  00013fe8    00000072     libmmwavelink_xwr14xx.aer4f : rl_driver.oer4f (.text:rlDriverClientCbCheck)
                  0001405a    00000002     --HOLE-- [fill = 0]
                  0001405c    00000070     libhwa_xwr14xx.aer4f : hwa.oer4f (.text:HWA_getDriverAccess)
                  000140cc    00000070     main_swipe.oer4f (.text:MmwDemo_frameStartIntHandler)
                  0001413c    00000004     libmmwave_xwr14xx.aer4f : mmwave_link.oer4f (.text:MMWave_enableDevice)
                  00014140    00000070     sysbios.aer4f : BIOS.obj (.text:ti_sysbios_family_arm_v7r_vim_Hwi_getStackInfo__E)
                  000141b0    00000070                   : BIOS.obj (.text:ti_sysbios_family_arm_v7r_vim_Hwi_phantomIntHandler__I)
                  00014220    0000006c     libgpio_xwr14xx.aer4f : gpio.oer4f (.text:GPIO_enableInt)
                  0001428c    0000006c     libmmwave_xwr14xx.aer4f : mmwave_link.oer4f (.text:MMWave_spawn)
                  000142f8    0000006c                             : mmwave_link.oer4f (.text:MMWave_stopLink)
                  00014364    0000006c     main_swipe.oer4f (.text:MmwDemo_ADCBufOpen)
                  000143d0    0000006c     libpinmux_xwr14xx.aer4f : pinmux.oer4f (.text:Pinmux_Set_FuncSel)
                  0001443c    0000006c     rtsv7R4_T_le_v3D16_eabi.lib : copy_decompress_lzss.obj (.text:decompress:lzss)
                  000144a8    0000006c                                 : trgmsg.obj (.text)
                  00014514    0000000a     libuart_xwr14xx.aer4f : UART.oer4f (.text:UART_read)
                  0001451e    00000002     --HOLE-- [fill = 0]
                  00014520    0000006c     sysbios.aer4f : BIOS.obj (.text:ti_sysbios_heaps_HeapMem_init__I)
                  0001458c    00000004     libmmwave_xwr14xx.aer4f : mmwave_listlib.oer4f (.text:MMWave_listGetHead)
                  00014590    0000006c     sysbios.aer4f : BIOS.obj (.text:ti_sysbios_knl_Task_allBlockedFunction__I)
                  000145fc    0000006a     libuart_xwr14xx.aer4f : uartsci.oer4f (.text:UartSci_control)
                  00014666    00000002     --HOLE-- [fill = 0]
                  00014668    00000068     mmw_cli.oer4f (.text:MmwDemo_CLIClutterRemoval)
                  000146d0    00000068     libmmwavelink_xwr14xx.aer4f : rl_driver.oer4f (.text:rlDriverExecuteSetApi)
                  00014738    00000068                                 : rl_driver.oer4f (.text:rlDriverHostIrqHandler)
                  000147a0    00000068     rtsv7R4_T_le_v3D16_eabi.lib : hostlseek.obj (.text)
                  00014808    00000068                                 : hostrename.obj (.text)
                  00014870    00000068     ti.targets.arm.rtsarm.aer4f : Error.oer4f (.text:xdc_runtime_Error_setX__E)
                  000148d8    00000067     data_path.oer4f (.text:MmwDemo_dataPathWait1D)
                  0001493f    00000001     --HOLE-- [fill = 0]
                  00014940    00000066     libmmwavelink_xwr14xx.aer4f : rl_device.oer4f (.text:rlDevicePowerOff)
                  000149a6    00000002     --HOLE-- [fill = 0]
                  000149a8    00000064     libcli_xwr14xx.aer4f : cli_mmwave.oer4f (.text:CLI_MMWaveLowPowerCfg)
                  00014a0c    00000064     libmailbox_xwr14xx.aer4f : mailbox.oer4f (.text:Mailbox_boxEmptyISRBss)
                  00014a70    00000064                              : mailbox.oer4f (.text:Mailbox_readFlush)
                  00014ad4    00000064     libosal_xwr14xx.aer4f : SemaphoreP_tirtos.oer4f (.text:SemaphoreP_create)
                  00014b38    00000064     rtsv7R4_T_le_v3D16_eabi.lib : fseek.obj (.text)
                  00014b9c    00000064                                 : sprintf.obj (.text)
                  00014c00    00000064     sysbios.aer4f : exc_Exception_asm.obj (.text:ti_sysbios_family_arm_exc_Exception_initCore0__I)
                  00014c64    00000064     ti.targets.arm.rtsarm.aer4f : Core-params.oer4f (.text:xdc_runtime_Core_assignParams__I)
                  00014cc8    00000060     libcli_xwr14xx.aer4f : cli_mmwave.oer4f (.text:CLI_MMWaveExtensionHandler)
                  00014d28    00000060     libgpio_xwr14xx.aer4f : gpio.oer4f (.text:GPIO_setCallback)
                  00014d88    00000060     libmmwave_xwr14xx.aer4f : mmwave_xwr14xx.oer4f (.text:MMWave_deviceCfgAsyncEvent)
                  00014de8    00000060                             : mmwave_link.oer4f (.text:MMWave_mboxOpen)
                  00014e48    00000060     mmw_cli.oer4f (.text:MmwDemo_CLIAnalogMonitorCfg)
                  00014ea8    00000060     libuart_xwr14xx.aer4f : uartsci.oer4f (.text:UartSci_writeChar)
                  00014f08    00000060     ti.targets.arm.rtsarm.aer4f : Text.oer4f (.text:xdc_runtime_Text_xprintf__I)
                  00014f68    0000005f     data_path.oer4f (.text:MmwDemo_dataPathWait2D)
                  00014fc7    00000001     --HOLE-- [fill = 0]
                  00014fc8    0000005c     libmmwave_xwr14xx.aer4f : mmwave.oer4f (.text:MMWave_stop)
                  00015024    0000005c     main_swipe.oer4f (.text:MmwDemo_mmWaveCtrlTask)
                  00015080    0000005c     rtsv7R4_T_le_v3D16_eabi.lib : hostopen.obj (.text)
                  000150dc    0000005c                                 : hostread.obj (.text)
                  00015138    00000008     sysbios.aer4f : BIOS.obj (.text:ti_sysbios_family_arm_v7a_Pmu_getEnabled__E)
                  00015140    0000005c                   : BIOS.obj (.text:ti_sysbios_family_arm_v7r_tms570_Core_Module_startup__E)
                  0001519c    0000005c     ti.targets.arm.rtsarm.aer4f : Core-label.oer4f (.text:xdc_runtime_Core_assignLabel__I)
                  000151f8    0000005a     libuart_xwr14xx.aer4f : uartsci.oer4f (.text:UartSci_readCancel)
                  00015252    0000005a     libmmwavelink_xwr14xx.aer4f : rl_driver.oer4f (.text:rlDriverCalChkSum)
                  000152ac    00000058     libedma_xwr14xx.aer4f : edma_low_level.oer4f (.text:EDMA3EnableChInShadowReg)
                  00015304    00000058     libesm_xwr14xx.aer4f : esm.oer4f (.text:ESM_highpriority_FIQ)
                  0001535c    00000058     libmmwave_xwr14xx.aer4f : mmwave.oer4f (.text:MMWave_execute)
                  000153b4    00000058     libmailbox_xwr14xx.aer4f : mailbox.oer4f (.text:Mailbox_boxFullISRBss)
                  0001540c    00000058     sensor_mgmt.oer4f (.text:MmwDemo_waitSensorStartComplete)
                  00015464    00000058     libmmwavelink_xwr14xx.aer4f : rl_driver.oer4f (.text:rlDriverMsgReadSpawnCtx)
                  000154bc    00000058     rtsv7R4_T_le_v3D16_eabi.lib : close.obj (.text)
                  00015514    00000058                                 : hostwrite.obj (.text)
                  0001556c    00000004     libmmwave_xwr14xx.aer4f : mmwave_listlib.oer4f (.text:MMWave_listGetNext)
                  00015570    00000058     sysbios.aer4f : BIOS.obj (.text:ti_sysbios_family_arm_TaskSupport_start__E)
                  000155c8    00000008     ti.targets.arm.rtsarm.aer4f : Error.oer4f (.text:xdc_runtime_Error_getSite__E)
                  000155d0    00000058     sysbios.aer4f : BIOS.obj (.text:ti_sysbios_hal_Hwi_checkStack)
                  00015628    00000058     mmw_per4f.oer4f (.text:ti_sysbios_rts_gnu_MemAlloc_alloc)
                  00015680    00000056     libmmwavelink_xwr14xx.aer4f : rl_driver.oer4f (.text:rlDriverOsiCbCheck)
                  000156d6    00000002     --HOLE-- [fill = 0]
                  000156d8    00000054     libcrc_xwr14xx.aer4f : crc.oer4f (.text:CRC_getTransactionId)
                  0001572c    00000054     rtsv7R4_T_le_v3D16_eabi.lib : ltoa.obj (.text)
                  00015780    00000054     sysbios.aer4f : BIOS.obj (.text:ti_sysbios_hal_Hwi_initStack)
                  000157d4    00000054     mmw_per4f.oer4f (.text:ti_sysbios_knl_Semaphore_create)
                  00015828    00000054     ti.targets.arm.rtsarm.aer4f : System.oer4f (.text:xdc_runtime_System_atexit__E)
                  0001587c    00000054                                 : System.oer4f (.text:xdc_runtime_System_putchar__I)
                  000158d0    00000053                                 : Text.oer4f (.text:xdc_runtime_Text_printVisFxn__I)
                  00015923    00000001     --HOLE-- [fill = 0]
                  00015924    00000052     libhwa_xwr14xx.aer4f : hwa.oer4f (.text:HWA_getDMAconfig)
                  00015976    00000002     --HOLE-- [fill = 0]
                  00015978    00000050     libcrc_xwr14xx.aer4f : crc.oer4f (.text:CRC_getSignature)
                  000159c8    00000050     libedma_xwr14xx.aer4f : edma_low_level.oer4f (.text:EDMA3MapChToEvtQ)
                  00015a18    00000050     libmmwave_xwr14xx.aer4f : mmwave.oer4f (.text:MMWave_sync)
                  00015a68    00000050     libmmwavelink_xwr14xx.aer4f : rl_driver.oer4f (.text:rlDeviceIdentifyCmdDir)
                  00015ab8    00000050                                 : rl_driver.oer4f (.text:rlDriverVerifyCRC)
                  00015b08    00000050     rtsv7R4_T_le_v3D16_eabi.lib : atoi.obj (.text)
                  00015b58    00000050                                 : exit.obj (.text)
                  00015ba8    00000050                                 : u_div32.obj (.text)
                  00015bf8    00000008     ti.targets.arm.rtsarm.aer4f : SysStd.oer4f (.text:xdc_runtime_SysStd_ready__E)
                  00015c00    00000050     sysbios.aer4f : BIOS.obj (.text:ti_sysbios_knl_Event_pendTimeout__I)
                  00015c50    00000050                   : BIOS.obj (.text:ti_sysbios_knl_Semaphore_pendTimeout__I)
                  00015ca0    0000004f     data_path.oer4f (.text:MmwDemo_dataPathTrigger2D)
                  00015cef    00000001     --HOLE-- [fill = 0]
                  00015cf0    0000004c     libedma_xwr14xx.aer4f : edma.oer4f (.text:EDMA_disableChannel)
                  00015d3c    0000004c                           : edma.oer4f (.text:EDMA_enableChannel)
                  00015d88    0000004c     sensor_mgmt.oer4f (.text:MmwDemo_waitSensorStopComplete)
                  00015dd4    0000004c     libuart_xwr14xx.aer4f : uartsci.oer4f (.text:UartSci_writeCancel)
                  00015e20    0000004c     rtsv7R4_T_le_v3D16_eabi.lib : cpy_tbl.obj (.text)
                  00015e6c    0000004c     mmw_per4f.oer4f (.text:ti_sysbios_gates_GateHwi_Object__create__S)
                  00015eb8    0000004c     mmw_per4f.oer4f (.text:ti_sysbios_gates_GateMutex_Object__create__S)
                  00015f04    0000004c     mmw_per4f.oer4f (.text:ti_sysbios_heaps_HeapMem_Object__create__S)
                  00015f50    0000004c     mmw_per4f.oer4f (.text:ti_sysbios_knl_Event_create)
                  00015f9c    0000004c     mmw_per4f.oer4f (.text:ti_sysbios_knl_Semaphore_construct)
                  00015fe8    0000004b     data_path.oer4f (.text:MmwDemo_EDMA_transferCompletionCallbackFxn)
                  00016033    00000001     --HOLE-- [fill = 0]
                  00016034    00000048     libcli_xwr14xx.aer4f : cli.oer4f (.text:CLI_write)
                  0001607c    00000048     libhwa_xwr14xx.aer4f : hwa.oer4f (.text:HWA_deleteInstance)
                  000160c4    00000048                          : hwa.oer4f (.text:HWA_enableDoneInterrupt)
                  0001610c    00000048     libmmwavelink_xwr14xx.aer4f : rl_device.oer4f (.text:rlDeviceGetVersion)
                  00016154    00000048                                 : rl_driver.oer4f (.text:rlDriverOsiInit)
                  0001619c    00000048     mmw_per4f.oer4f (.text:ti_sysbios_knl_Clock_doTick__I)
                  000161e4    00000048     ti.targets.arm.rtsarm.aer4f : System.oer4f (.text:xdc_runtime_System_processAtExit__E)
                  0001622c    00000046     libmailbox_xwr14xx.aer4f : mailbox.oer4f (.text:CSL_FINSR)
                  00016272    00000044     libcrc_xwr14xx.aer4f : crc.oer4f (.text:CRC_resetSignature)
                  000162b6    00000002     --HOLE-- [fill = 0]
                  000162b8    00000044     rtsv7R4_T_le_v3D16_eabi.lib : hostclose.obj (.text)
                  000162fc    00000044                                 : hostunlink.obj (.text)
                  00016340    00000044     sysbios.aer4f : BIOS.obj (.text:ti_sysbios_heaps_HeapMem_free__E)
                  00016384    00000044     mmw_per4f.oer4f (.text:ti_sysbios_knl_Queue_construct)
                  000163c8    00000008     ti.targets.arm.rtsarm.aer4f : System.oer4f (.text:xdc_runtime_System_Module_startup__E)
                  000163d0    00000044     sysbios.aer4f : BIOS.obj (.text:ti_sysbios_timers_rti_Timer_periodicStub__E)
                  00016414    00000044     ti.targets.arm.rtsarm.aer4f : Text.oer4f (.text:xdc_runtime_Text_cordText__E)
                  00016458    00000042     libhwa_xwr14xx.aer4f : hwa.oer4f (.text:HWA_reset)
                  0001649a    00000042     libmmwave_xwr14xx.aer4f : mmwave_link.oer4f (.text:MMWave_executeLink)
                  000164dc    00000040     libedma_xwr14xx.aer4f : edma.oer4f (.text:EDMA_linkParamSets)
                  0001651c    00000040     libmmwave_xwr14xx.aer4f : mmwave.oer4f (.text:MMWave_decodeError)
                  0001655c    00000040     libmmwavelink_xwr14xx.aer4f : rl_driver.oer4f (.text:rlDriverValidateHdr)
                  0001659c    00000040     rtsv7R4_T_le_v3D16_eabi.lib : strtok.obj (.text)
                  000165dc    00000040     mmw_per4f.oer4f (.text:ti_sysbios_BIOS_atExitFunc__I)
                  0001661c    00000040     ti.targets.arm.rtsarm.aer4f : System.oer4f (.text:xdc_runtime_System_avprintf__E)
                  0001665c    0000003f     data_path.oer4f (.text:MmwDemo_dataPathWaitAngleEstimation)
                  0001669b    00000001     --HOLE-- [fill = 0]
                  0001669c    0000003f     data_path.oer4f (.text:MmwDemo_hwaOpen)
                  000166db    00000001     --HOLE-- [fill = 0]
                  000166dc    0000003e     libadcbuf_xwr14xx.aer4f : adcbuf_mmwave.oer4f (.text:CSL_FINSR)
                  0001671a    0000003e     libcrc_xwr14xx.aer4f : crc.oer4f (.text:CSL_FINSR)
                  00016758    0000003e     libgpio_xwr14xx.aer4f : gpio.oer4f (.text:CSL_FINSR)
                  00016796    0000003e     libhwa_xwr14xx.aer4f : hwa.oer4f (.text:CSL_FINSR)
                  000167d4    0000003e     libpinmux_xwr14xx.aer4f : pinmux.oer4f (.text:CSL_FINSR)
                  00016812    0000003e     libsoc_xwr14xx.aer4f : soc.oer4f (.text:CSL_FINSR)
                  00016850    0000003e                          : soc_xwr14xx.oer4f (.text:CSL_FINSR)
                  0001688e    0000003e     libuart_xwr14xx.aer4f : uartsci.oer4f (.text:CSL_FINSR)
                  000168cc    0000003e     libhwa_xwr14xx.aer4f : hwa.oer4f (.text:HWA_enable)
                  0001690a    0000003e     libuart_xwr14xx.aer4f : uartsci.oer4f (.text:UartSci_close)
                  00016948    0000003c     libcli_xwr14xx.aer4f : cli_mmwave.oer4f (.text:CLI_MMWaveFlushCfg)
                  00016984    0000003c     libmailbox_xwr14xx.aer4f : mailbox.oer4f (.text:Mailbox_writeReset)
                  000169c0    0000003c     libsoc_xwr14xx.aer4f : soc.oer4f (.text:SOC_unhaltBSS)
                  000169fc    0000003c     libmmwavelink_xwr14xx.aer4f : rl_controller.oer4f (.text:rlGetSubBlock)
                  00016a38    0000003c     sysbios.aer4f : vim_Hwi_asm.obj (.text:ti_sysbios_family_arm_v7r_vim_Hwi_init__I)
                  00016a74    0000003c     ti.targets.arm.rtsarm.aer4f : System.oer4f (.text:xdc_runtime_System_vprintf__E)
                  00016ab0    0000003a     libhwa_xwr14xx.aer4f : hwa.oer4f (.text:HWA_setDMA2ACCManualTrig)
                  00016aea    00000002     --HOLE-- [fill = 0]
                  00016aec    0000003a     libosal_xwr14xx.aer4f : HwiP_tirtos.oer4f (.text:HwiP_delete)
                  00016b26    0000003a     HandCraftedclassifier.oer4f (.text:getmaxidx_inarray)
                  00016b60    0000003a     HandCraftedclassifier.oer4f (.text:getminidx_inarray)
                  00016b9a    00000002     --HOLE-- [fill = 0]
                  00016b9c    00000038     libadcbuf_xwr14xx.aer4f : adcbuf_mmwave.oer4f (.text:ADCBUF_MMWave_close)
                  00016bd4    00000038     libedma_xwr14xx.aer4f : edma_low_level.oer4f (.text:EDMA3ClrMissEvt)
                  00016c0c    00000038     libuart_xwr14xx.aer4f : UART.oer4f (.text:UART_init)
                  00016c44    00000038     mmw_per4f.oer4f (.text:ti_sysbios_BIOS_startFunc__I)
                  00016c7c    00000004     libmmwave_xwr14xx.aer4f : mmwave_link.oer4f (.text:MMWave_mboxClose)
                  00016c80    00000038     sysbios.aer4f : BIOS.obj (.text:ti_sysbios_knl_Task_restore__E)
                  00016cb8    00000037     data_path.oer4f (.text:MmwDemo_dataPathTriggerAngleEstimation)
                  00016cef    00000001     --HOLE-- [fill = 0]
                  00016cf0    00000036     libmmwavelink_xwr14xx.aer4f : rl_controller.oer4f (.text:rlAppendSubBlock)
                  00016d26    00000036     rtsv7R4_T_le_v3D16_eabi.lib : strncpy.obj (.text)
                  00016d5c    00000034     libadcbuf_xwr14xx.aer4f : ADCBuf.oer4f (.text:ADCBuf_open)
                  00016d90    00000034     libedma_xwr14xx.aer4f : edma.oer4f (.text:EDMA_configTransferControllerError)
                  00016dc4    00000034     libmmwave_xwr14xx.aer4f : mmwave_link.oer4f (.text:MMWave_mboxWrite)
                  00016df8    00000034     libsoc_xwr14xx.aer4f : soc_xwr14xx.oer4f (.text:SOC_enableHWA)
                  00016e2c    00000034     libuart_xwr14xx.aer4f : UART.oer4f (.text:UART_open)
                  00016e60    00000034     mmw_per4f.oer4f (.text:ti_sysbios_BIOS_registerRTSLock__I)
                  00016e94    00000034     mmw_per4f.oer4f (.text:ti_sysbios_BIOS_removeRTSLock__I)
                  00016ec8    00000034     mmw_per4f.oer4f (.text:ti_sysbios_family_arm_v7r_vim_Hwi_Object__delete__S)
                  00016efc    00000034     mmw_per4f.oer4f (.text:ti_sysbios_gates_GateMutex_Object__delete__S)
                  00016f30    00000034     sysbios.aer4f : BIOS.obj (.text:ti_sysbios_knl_Clock_Module_startup__E)
                  00016f64    0000000a     libuart_xwr14xx.aer4f : UART.oer4f (.text:UART_write)
                  00016f6e    00000002     --HOLE-- [fill = 0]
                  00016f70    00000034     sysbios.aer4f : BIOS.obj (.text:ti_sysbios_knl_Idle_run__E)
                  00016fa4    00000034     mmw_per4f.oer4f (.text:ti_sysbios_knl_Semaphore_Object__delete__S)
                  00016fd8    00000034     ti.targets.arm.rtsarm.aer4f : Registry.oer4f (.text:xdc_runtime_Registry_findById__E)
                  0001700c    00000034                                 : SysStd.oer4f (.text:xdc_runtime_SysStd_abort__E)
                  00017040    00000032     libcrc_xwr14xx.aer4f : crc.oer4f (.text:CRC_getCRCDataSelectBitValue)
                  00017072    00000002     --HOLE-- [fill = 0]
                  00017074    00000032                          : crc.oer4f (.text:CRC_getCRCTypeBitValue)
                  000170a6    00000032     libedma_xwr14xx.aer4f : edma.oer4f (.text:EDMA_configQueueThreshold)
                  000170d8    00000032     libhwa_xwr14xx.aer4f : hwa.oer4f (.text:HWA_allParamDoneISR)
                  0001710a    00000002     --HOLE-- [fill = 0]
                  0001710c    00000030     libadcbuf_xwr14xx.aer4f : ADCBuf.oer4f (.text:ADCBuf_init)
                  0001713c    00000030     libmmwave_xwr14xx.aer4f : mmwave_listlib.oer4f (.text:MMWave_listRemoveNode)
                  0001716c    00000030     data_path.oer4f (.text:MmwDemo_EDMA_errorCallbackFxn)
                  0001719c    00000030     libmmwavelink_xwr14xx.aer4f : rl_sensor.oer4f (.text:rlSensorStart)
                  000171cc    00000030     mmw_per4f.oer4f (.text:ti_sysbios_BIOS_rtsLock__I)
                  000171fc    00000004     libmmwave_xwr14xx.aer4f : mmwave_link.oer4f (.text:MMWave_mboxRead)
                  00017200    00000030     sysbios.aer4f : BIOS.obj (.text:ti_sysbios_family_arm_a15_TimestampProvider_autoRefreshFxn__I)
                  00017230    00000030                   : BIOS.obj (.text:ti_sysbios_family_arm_v7r_vim_Hwi_disableInterrupt__E)
                  00017260    00000030                   : BIOS.obj (.text:ti_sysbios_family_arm_v7r_vim_Hwi_enableInterrupt__E)
                  00017290    00000030     mmw_per4f.oer4f (.text:ti_sysbios_gates_GateHwi_Object__delete__S)
                  000172c0    00000030     sysbios.aer4f : BIOS.obj (.text:ti_sysbios_gates_GateMutex_Instance_init__E)
                  000172f0    00000030     mmw_per4f.oer4f (.text:ti_sysbios_heaps_HeapMem_Object__delete__S)
                  00017320    00000030     sysbios.aer4f : BIOS.obj (.text:ti_sysbios_knl_Task_restoreHwi__E)
                  00017350    00000030     ti.targets.arm.rtsarm.aer4f : Error.oer4f (.text:xdc_runtime_Error_check__E)
                  00017380    00000030                                 : Error.oer4f (.text:xdc_runtime_Error_raiseX__E)
                  000173b0    00000030                                 : Memory.oer4f (.text:xdc_runtime_Memory_valloc__E)
                  000173e0    0000002f     data_path.oer4f (.text:MmwDemo_EDMA_transferControllerErrorCallbackFxn)
                  0001740f    00000001     --HOLE-- [fill = 0]
                  00017410    0000002e     libmmwave_xwr14xx.aer4f : mmwave_osal.oer4f (.text:MMWave_osalMutexCreate)
                  0001743e    0000002e                             : mmwave_osal.oer4f (.text:MMWave_osalSemCreate)
                  0001746c    0000002c     libedma_xwr14xx.aer4f : edma.oer4f (.text:EDMA_validate_channelIdchannelType)
                  00017498    0000002c     libgpio_xwr14xx.aer4f : gpio.oer4f (.text:GPIO_HighPriorityISR)
                  000174c4    0000002c                           : gpio.oer4f (.text:GPIO_LowPriorityISR)
                  000174f0    0000002c     libsoc_xwr14xx.aer4f : soc_xwr14xx.oer4f (.text:SOC_waitBSSPowerUp)
                  0001751c    0000002c     libmmwavelink_xwr14xx.aer4f : rl_device.oer4f (.text:rlDeviceGetMssVersion)
                  00017548    0000002c                                 : rl_sensor.oer4f (.text:rlSensorStop)
                  00017574    0000002c     rtsv7R4_T_le_v3D16_eabi.lib : e_sqrt.obj (.text)
                  000175a0    0000002c                                 : unlink.obj (.text)
                  000175cc    0000002c     mmw_per4f.oer4f (.text:ti_sysbios_BIOS_errorRaiseHook__I)
                  000175f8    0000002c     mmw_per4f.oer4f (.text:ti_sysbios_gates_GateHwi_Handle__label__S)
                  00017624    0000002c     mmw_per4f.oer4f (.text:ti_sysbios_gates_GateMutex_Handle__label__S)
                  00017650    0000002c     mmw_per4f.oer4f (.text:ti_sysbios_heaps_HeapMem_Handle__label__S)
                  0001767c    0000002c     mmw_per4f.oer4f (.text:ti_sysbios_knl_Semaphore_destruct)
                  000176a8    00000006     libedma_xwr14xx.aer4f : edma_low_level.oer4f (.text:EDMA3ErrIntrHighStatusGet)
                  000176ae    00000002     --HOLE-- [fill = 0]
                  000176b0    0000002c     sysbios.aer4f : BIOS.obj (.text:ti_sysbios_knl_Task_enter__I)
                  000176dc    0000002a     libsoc_xwr14xx.aer4f : soc.oer4f (.text:SOC_SystemISR)
                  00017706    0000002a     rtsv7R4_T_le_v3D16_eabi.lib : strspn.obj (.text)
                  00017730    00000028     main_swipe.oer4f (.text:MmwDemo_dataPathInit)
                  00017758    00000028     libuart_xwr14xx.aer4f : uartsci_nodma.oer4f (.text:UartSci_noDMAInitiateRxDMA)
                  00017780    00000028                           : uartsci_nodma.oer4f (.text:UartSci_noDMAInitiateTxDMA)
                  000177a8    00000028     mmw_per4f.oer4f (.text:free)
                  000177d0    00000028     config_hwa_util.oer4f (.text:log2Approx)
                  000177f8    00000028     libmmwavelink_xwr14xx.aer4f : rl_driver.oer4f (.text:rlDriverConstructInMsg)
                  00017820    00000028     rtsv7R4_T_le_v3D16_eabi.lib : lseek.obj (.text)
                  00017848    00000028                                 : write.obj (.text)
                  00017870    00000028     mmw_per4f.oer4f (.text:ti_sysbios_BIOS_rtsUnlock__I)
                  00017898    00000006     libedma_xwr14xx.aer4f : edma_low_level.oer4f (.text:EDMA3GetCCErrStatus)
                  0001789e    00000002     --HOLE-- [fill = 0]
                  000178a0    00000028     sysbios.aer4f : BIOS.obj (.text:ti_sysbios_family_arm_v7a_Pmu_Module_startup__E)
                  000178c8    00000028     mmw_per4f.oer4f (.text:ti_sysbios_family_arm_v7r_vim_Hwi_Module__startupDone__F)
                  000178f0    00000028     sysbios.aer4f : BIOS.obj (.text:ti_sysbios_gates_GateMutex_leave__E)
                  00017918    00000028     mmw_per4f.oer4f (.text:ti_sysbios_knl_Queue_destruct)
                  00017940    00000028     mmw_per4f.oer4f (.text:ti_sysbios_timers_rti_Timer_Module__startupDone__F)
                  00017968    00000028     ti.targets.arm.rtsarm.aer4f : Error.oer4f (.text:xdc_runtime_Error_init__E)
                  00017990    00000028                                 : System.oer4f (.text:xdc_runtime_System_abort__E)
                  000179b8    00000028     mmw_per4f.oer4f (.text:xdc_runtime_System_aprintf__E)
                  000179e0    00000028     mmw_per4f.oer4f (.text:xdc_runtime_System_printf__E)
                  00017a08    00000026     libmmwavelink_xwr14xx.aer4f : rl_device.oer4f (.text:rlDeviceGetMmWaveLinkVersion)
                  00017a2e    00000026                                 : rl_sensor.oer4f (.text:rlRfInitCalibConfig)
                  00017a54    00000026                                 : rl_sensor.oer4f (.text:rlRfRunTimeCalibConfig)
                  00017a7a    00000026                                 : rl_sensor.oer4f (.text:rlRfSetCalMonFreqLimitConfig)
                  00017aa0    00000026                                 : rl_sensor.oer4f (.text:rlRfSetDeviceCfg)
                  00017ac6    00000026                                 : rl_sensor.oer4f (.text:rlSetAdcOutConfig)
                  00017aec    00000026                                 : rl_sensor.oer4f (.text:rlSetBpmCommonConfig)
                  00017b12    00000026                                 : rl_sensor.oer4f (.text:rlSetChannelConfig)
                  00017b38    00000026                                 : rl_sensor.oer4f (.text:rlSetContModeConfig)
                  00017b5e    00000026     rtsv7R4_T_le_v3D16_eabi.lib : memcmp.obj (.text)
                  00017b84    00000025     main_swipe.oer4f (.text:_MmwDemo_debugAssert)
                  00017ba9    00000001     --HOLE-- [fill = 0]
                  00017baa    00000024     libcrc_xwr14xx.aer4f : crc.oer4f (.text:CRC_isTransactionIdValid)
                  00017bce    00000002     --HOLE-- [fill = 0]
                  00017bd0    00000024     libedma_xwr14xx.aer4f : edma_low_level.oer4f (.text:EDMA3ClrEvt)
                  00017bf4    00000024                           : edma_low_level.oer4f (.text:EDMA3ClrIntr)
                  00017c18    00000024                           : edma_low_level.oer4f (.text:EDMA3DisableEvtIntr)
                  00017c3c    00000024                           : edma_low_level.oer4f (.text:EDMA3EnableDmaEvt)
                  00017c60    00000024                           : edma_low_level.oer4f (.text:EDMA3EnableEvtIntr)
                  00017c84    00000024                           : edma_low_level.oer4f (.text:EDMA3SetEvt)
                  00017ca8    00000024     libgpio_xwr14xx.aer4f : gpio.oer4f (.text:GPIO_processInterrupt)
                  00017ccc    00000024     libmailbox_xwr14xx.aer4f : mailbox.oer4f (.text:Mailbox_Config_init)
                  00017cf0    00000024     libmmwavelink_xwr14xx.aer4f : rl_sensor.oer4f (.text:rlEnableContMode)
                  00017d14    00000024                                 : rl_sensor.oer4f (.text:rlRfSetCalMonTimeUnitConfig)
                  00017d38    00000024                                 : rl_sensor.oer4f (.text:rlSetLowPowerModeConfig)
                  00017d5c    00000024     ti.targets.arm.rtsarm.aer4f : System.oer4f (.text:xdc_runtime_System_exit__E)
                  00017d80    00000022     mmw_cli.oer4f (.text:MmwDemo_CLISensorStart)
                  00017da2    00000022     data_path.oer4f (.text:MmwDemo_memPoolAlloc)
                  00017dc4    00000022     rtsv7R4_T_le_v3D16_eabi.lib : strcspn.obj (.text)
                  00017de6    00000002     --HOLE-- [fill = 0]
                  00017de8    00000020     libcli_xwr14xx.aer4f : cli_mmwave.oer4f (.text:CLI_MMWaveExtensionInit)
                  00017e08    00000020     libedma_xwr14xx.aer4f : edma_low_level.oer4f (.text:EDMA3DisableDmaEvt)
                  00017e28    00000020                           : edma_low_level.oer4f (.text:EDMA3QdmaClrMissEvt)
                  00017e48    00000020     libesm_xwr14xx.aer4f : esm.oer4f (.text:ESM_lowpriority_IRQ)
                  00017e68    00000020     libmmwave_xwr14xx.aer4f : mmwave_listlib.oer4f (.text:MMWave_listCat)
                  00017e88    00000020     data_path.oer4f (.text:MmwDemo_dataPathObjInit)
                  00017ea8    00000020     main_swipe.oer4f (.text:MmwDemo_dataPathOpen)
                  00017ec8    00000020     libpinmux_xwr14xx.aer4f : pinmux.oer4f (.text:Pinmux_Unlock)
                  00017ee8    00000020     libmmwavelink_xwr14xx.aer4f : rl_sensor.oer4f (.text:rlRfInit)
                  00017f08    00000020     mmw_per4f.oer4f (.text:ti_sysbios_BIOS_exitFunc__I)
                  00017f28    00000006     libedma_xwr14xx.aer4f : edma_low_level.oer4f (.text:EDMA3GetErrIntrStatus)
                  00017f2e    00000002     --HOLE-- [fill = 0]
                  00017f30    00000020     sysbios.aer4f : BIOS.obj (.text:ti_sysbios_family_arm_v7r_vim_Hwi_clearInterrupt__E)
                  00017f50    0000001e     libmmwave_xwr14xx.aer4f : mmwave_fullcfg.oer4f (.text:MMWave_internalDelChirp)
                  00017f6e    0000001c     libcrc_xwr14xx.aer4f : crc.oer4f (.text:CRC_releaseTransactionId)
                  00017f8a    0000001c     libadcbuf_xwr14xx.aer4f : adcbuf_mmwave.oer4f (.text:CSL_FEXTR)
                  00017fa6    0000001c     libhwa_xwr14xx.aer4f : hwa.oer4f (.text:CSL_FEXTR)
                  00017fc2    0000001c     libmmwave_xwr14xx.aer4f : mmwave.oer4f (.text:CSL_FEXTR)
                  00017fde    0000001c     libsoc_xwr14xx.aer4f : soc_xwr14xx.oer4f (.text:CSL_FEXTR)
                  00017ffa    0000001c     libuart_xwr14xx.aer4f : uartsci.oer4f (.text:CSL_FEXTR)
                  00018016    0000001c     libmmwave_xwr14xx.aer4f : mmwave_listlib.oer4f (.text:MMWave_listRemove)
                  00018032    00000002     --HOLE-- [fill = 0]
                  00018034    0000001c     sensor_mgmt.oer4f (.text:MmwDemo_notifySensorStart)
                  00018050    0000001c     sysbios.aer4f : arm_TaskSupport_asm.obj (.text:_ti_sysbios_family_arm_TaskSupport_glue)
                  0001806c    0000001c     HandCraftedclassifier.oer4f (.text:findmax)
                  00018088    0000001c     HandCraftedclassifier.oer4f (.text:findmin)
                  000180a4    0000001c     rtsv7R4_T_le_v3D16_eabi.lib : memccpy.obj (.text)
                  000180c0    0000001c     sysbios.aer4f : a15_TimestampProvider_asm.obj (.text:ti_sysbios_family_arm_a15_TimestampProvider_initCCNT__I)
                  000180dc    0000001c     mmw_per4f.oer4f (.text:ti_sysbios_heaps_HeapMem_Object__get__S)
                  000180f8    00000006     libedma_xwr14xx.aer4f : edma_low_level.oer4f (.text:EDMA3QdmaGetErrIntrStatus)
                  000180fe    00000002     --HOLE-- [fill = 0]
                  00018100    0000001c     sysbios.aer4f : BIOS.obj (.text:ti_sysbios_knl_Event_Instance_init__E)
                  0001811c    0000001c     mmw_per4f.oer4f (.text:xdc_runtime_Startup_exec__I)
                  00018138    0000001c     ti.targets.arm.rtsarm.aer4f : System.oer4f (.text:xdc_runtime_System_vsnprintf__E)
                  00018154    0000001c                                 : Text.oer4f (.text:xdc_runtime_Text_ropeText__E)
                  00018170    0000001a     libsoc_xwr14xx.aer4f : soc.oer4f (.text:CSL_FEXTR)
                  0001818a    0000001a     libedma_xwr14xx.aer4f : edma_low_level.oer4f (.text:EDMA3SetPaRAM)
                  000181a4    0000001a     libmmwave_xwr14xx.aer4f : mmwave.oer4f (.text:MMWave_encodeError)
                  000181be    0000001a                             : mmwave_listlib.oer4f (.text:MMWave_listAdd)
                  000181d8    0000001a     rtsv7R4_T_le_v3D16_eabi.lib : s_copysign.obj (.text)
                  000181f2    00000002     --HOLE-- [fill = 0]
                  000181f4    00000018     libedma_xwr14xx.aer4f : edma_low_level.oer4f (.text:EDMA3DisableQdmaEvt)
                  0001820c    00000018                           : edma_low_level.oer4f (.text:EDMA3EnableQdmaEvt)
                  00018224    00000018     libmmwave_xwr14xx.aer4f : mmwave_osal.oer4f (.text:MMWave_osalMutexLock)
                  0001823c    00000018                             : mmwave_osal.oer4f (.text:MMWave_osalSemWait)
                  00018254    00000018     sensor_mgmt.oer4f (.text:MmwDemo_switchPressFxn)
                  0001826c    00000018     libuart_xwr14xx.aer4f : UART.oer4f (.text:UART_Params_init)
                  00018284    00000018     sysbios.aer4f : arm_TaskSupport_asm.obj (.text:_ti_sysbios_family_arm_TaskSupport_swap__E)
                  0001829c    00000018     libmmwavelink_xwr14xx.aer4f : rl_device.oer4f (.text:rlDeviceGetRfVersion)
                  000182b4    00000018                                 : rl_driver.oer4f (.text:rlDriverCalCRC)
                  000182cc    00000018                                 : rl_driver.oer4f (.text:rlDriverFillPayload)
                  000182e4    00000018                                 : rl_driver.oer4f (.text:rlDriverIsDeviceMapValid)
                  000182fc    00000018     rtsv7R4_T_le_v3D16_eabi.lib : args_main.obj (.text)
                  00018314    00000018                                 : strcmp.obj (.text)
                  0001832c    00000004     libmmwave_xwr14xx.aer4f : mmwave_link.oer4f (.text:MMWave_registerInterruptHandler)
                  00018330    00000018     sysbios.aer4f : BIOS.obj (.text:ti_sysbios_BIOS_setThreadType__E)
                  00018348    00000006     libosal_xwr14xx.aer4f : HwiP_tirtos.oer4f (.text:HwiP_restore)
                  0001834e    00000002     --HOLE-- [fill = 0]
                  00018350    00000018     sysbios.aer4f : BIOS.obj (.text:ti_sysbios_BIOS_start__E)
                  00018368    00000018                   : BIOS.obj (.text:ti_sysbios_family_arm_v7a_Pmu_initCounters__I)
                  00018380    00000018                   : BIOS.obj (.text:ti_sysbios_hal_Hwi_Module_startup__E)
                  00018398    00000018     mmw_per4f.oer4f (.text:ti_sysbios_heaps_HeapBuf_Object__get__S)
                  000183b0    00000018     sysbios.aer4f : BIOS.obj (.text:ti_sysbios_knl_Idle_loop__E)
                  000183c8    00000006     data_path.oer4f (.text:MmwDemo_memPoolReset)
                  000183ce    00000002     --HOLE-- [fill = 0]
                  000183d0    00000018     sysbios.aer4f : BIOS.obj (.text:ti_sysbios_knl_Queue_empty__E)
                  000183e8    00000018     mmw_per4f.oer4f (.text:ti_sysbios_knl_Task_Object__get__S)
                  00018400    00000018     sysbios.aer4f : BIOS.obj (.text:ti_sysbios_knl_Task_disable__E)
                  00018418    00000016     data_path.oer4f (.text:MmwDemo_process2D)
                  0001842e    00000016     rtsv7R4_T_le_v3D16_eabi.lib : strchr.obj (.text)
                  00018444    00000016                                 : strlen.obj (.text)
                  0001845a    00000002     --HOLE-- [fill = 0]
                  0001845c    00000014     libcli_xwr14xx.aer4f : cli_mmwave.oer4f (.text:CLI_getMMWaveExtensionOpenConfig)
                  00018470    00000014     libedma_xwr14xx.aer4f : edma_low_level.oer4f (.text:EDMA3GetIntrStatus)
                  00018484    00000014                           : edma_low_level.oer4f (.text:EDMA3IntrStatusHighGet)
                  00018498    00000014                           : edma_low_level.oer4f (.text:EDMA3MapQdmaChToPaRAM)
                  000184ac    00000014     libosal_xwr14xx.aer4f : HwiP_tirtos.oer4f (.text:HwiP_Params_init)
                  000184c0    00000014     libmmwave_xwr14xx.aer4f : mmwave_fullcfg.oer4f (.text:MMWave_internalDelBpmChirp)
                  000184d4    00000014                             : mmwave_fullcfg.oer4f (.text:MMWave_internalDelProfile)
                  000184e8    00000014                             : mmwave_osal.oer4f (.text:MMWave_osalMutexDelete)
                  000184fc    00000014                             : mmwave_osal.oer4f (.text:MMWave_osalSemDelete)
                  00018510    00000014     libpinmux_xwr14xx.aer4f : pinmux.oer4f (.text:Pinmux_Lock)
                  00018524    00000014     libosal_xwr14xx.aer4f : DebugP_tirtos.oer4f (.text:_DebugP_assert)
                  00018538    00000014     libmmwavelink_xwr14xx.aer4f : rl_controller.oer4f (.text:rlAppendDummy)
                  0001854c    00000014     rtsv7R4_T_le_v3D16_eabi.lib : _lock.obj (.text)
                  00018560    00000014                                 : strcpy.obj (.text)
                  00018574    0000000a     libuart_xwr14xx.aer4f : UART.oer4f (.text:UART_writePolling)
                  0001857e    00000002     --HOLE-- [fill = 0]
                  00018580    00000014     sysbios.aer4f : BIOS.obj (.text:ti_sysbios_family_arm_TaskSupport_checkStack__E)
                  00018594    00000006     libmmwavelink_xwr14xx.aer4f : rl_controller.oer4f (.text:rlGetSubBlockId)
                  0001859a    00000006                                 : rl_controller.oer4f (.text:rlGetSubBlockLen)
                  000185a0    00000014     sysbios.aer4f : BIOS.obj (.text:ti_sysbios_family_arm_a15_TimestampProvider_Module_startup__E)
                  000185b4    00000004     libmmwave_xwr14xx.aer4f : mmwave_link.oer4f (.text:MMWave_unmaskHostIRQ)
                  000185b8    00000004                             : mmwave_link.oer4f (.text:MMWave_waitIRQStatus)
                  000185bc    00000004     data_path.oer4f (.text:MmwDemo_hwaInit)
                  000185c0    00000014     sysbios.aer4f : BIOS.obj (.text:ti_sysbios_family_arm_v7r_vim_Hwi_switchFromBootStack__E)
                  000185d4    00000004     main_swipe.oer4f (.text:MmwDemo_sleep)
                  000185d8    00000004     libuart_xwr14xx.aer4f : uartsci_nodma.oer4f (.text:UartSci_noDMAClose)
                  000185dc    00000004                           : uartsci_nodma.oer4f (.text:UartSci_noDMAIsDMAEnabled)
                  000185e0    00000014     sysbios.aer4f : BIOS.obj (.text:ti_sysbios_gates_GateMutex_Instance_finalize__E)
                  000185f4    00000004     libuart_xwr14xx.aer4f : uartsci_nodma.oer4f (.text:UartSci_noDMAOpen)
                  000185f8    00000004     mmw_per4f.oer4f (.text:ti_sysbios_BIOS_RtsGateProxy_enter__E)
                  000185fc    00000004     mmw_per4f.oer4f (.text:ti_sysbios_BIOS_RtsGateProxy_leave__E)
                  00018600    00000014     sysbios.aer4f : BIOS.obj (.text:ti_sysbios_knl_Semaphore_Instance_finalize__E)
                  00018614    00000014     ti.targets.arm.rtsarm.aer4f : Gate.oer4f (.text:xdc_runtime_Gate_leaveSystem__E)
                  00018628    00000014     mmw_per4f.oer4f (.text:xdc_runtime_IHeap_alloc)
                  0001863c    00000014     mmw_per4f.oer4f (.text:xdc_runtime_IHeap_free)
                  00018650    00000014     ti.targets.arm.rtsarm.aer4f : Memory.oer4f (.text:xdc_runtime_Memory_calloc__E)
                  00018664    00000014                                 : Memory.oer4f (.text:xdc_runtime_Memory_free__E)
                  00018678    00000012     libedma_xwr14xx.aer4f : edma_low_level.oer4f (.text:EDMA3SetQdmaTrigWord)
                  0001868a    00000012     libosal_xwr14xx.aer4f : MemoryP_tirtos.oer4f (.text:MemoryP_ctrlAlloc)
                  0001869c    00000012     data_path.oer4f (.text:MmwDemo_pow2roundup)
                  000186ae    00000012     libosal_xwr14xx.aer4f : SemaphoreP_tirtos.oer4f (.text:SemaphoreP_pend)
                  000186c0    00000010     libcli_xwr14xx.aer4f : cli_mmwave.oer4f (.text:CLI_getMMWaveExtensionConfig)
                  000186d0    00000010     libcrc_xwr14xx.aer4f : crc.oer4f (.text:CRC_getSignatureRegister)
                  000186e0    00000010     sensor_mgmt.oer4f (.text:MmwDemo_notifySensorStop)
                  000186f0    00000010     libsoc_xwr14xx.aer4f : soc_xwr14xx.oer4f (.text:SOC_getInAddr_LUTType)
                  00018700    00000010                          : soc_xwr14xx.oer4f (.text:SOC_getOutAddr_LUTType)
                  00018710    00000010     gesture_swipe.oer4f (.text:dbgDummyFunc)
                  00018720    00000010     sysbios.aer4f : BIOS.obj (.text:ti_sysbios_BIOS_getCpuFreq__E)
                  00018730    00000010                   : BIOS.obj (.text:ti_sysbios_family_arm_TaskSupport_getStackAlignment__E)
                  00018740    00000010                   : a15_TimestampProvider_asm.obj (.text:ti_sysbios_family_arm_a15_TimestampProvider_getOverflowCCNT__I)
                  00018750    00000010                   : BIOS.obj (.text:ti_sysbios_family_arm_exc_Exception_Module_startup__E)
                  00018760    00000010                   : BIOS.obj (.text:ti_sysbios_family_arm_v7a_Pmu_disableInterruptI__E)
                  00018770    00000010                   : BIOS.obj (.text:ti_sysbios_family_arm_v7a_Pmu_enableInterruptI__E)
                  00018780    00000010                   : BIOS.obj (.text:ti_sysbios_family_arm_v7a_Pmu_getNumCounters__E)
                  00018790    00000010                   : BIOS.obj (.text:ti_sysbios_family_arm_v7a_Pmu_startCounterI__E)
                  000187a0    00000010                   : BIOS.obj (.text:ti_sysbios_family_arm_v7a_Pmu_stopCounterI__E)
                  000187b0    00000010     mmw_per4f.oer4f (.text:ti_sysbios_family_arm_v7r_vim_Hwi_Params__init__S)
                  000187c0    00000010     mmw_per4f.oer4f (.text:ti_sysbios_knl_Queue_Object__get__S)
                  000187d0    00000010     mmw_per4f.oer4f (.text:ti_sysbios_knl_Semaphore_Params__init__S)
                  000187e0    00000010     mmw_per4f.oer4f (.text:ti_sysbios_knl_Task_Params__init__S)
                  000187f0    00000010     sysbios.aer4f : BIOS.obj (.text:ti_sysbios_utils_Load_getCPULoad__E)
                  00018800    00000010                   : BIOS.obj (.text:ti_sysbios_utils_Load_taskRegHook__E)
                  00018810    00000010     ti.targets.arm.rtsarm.aer4f : Gate.oer4f (.text:xdc_runtime_Gate_enterSystem__E)
                  00018820    00000010                                 : Memory.oer4f (.text:xdc_runtime_Memory_getMaxDefaultTypeAlign__E)
                  00018830    00000010                                 : Startup.oer4f (.text:xdc_runtime_Startup_rtsDone__E)
                  00018840    0000000e     libadcbuf_xwr14xx.aer4f : ADCBuf.oer4f (.text:ADCBuf_Params_init)
                  0001884e    0000000e     libmmwave_xwr14xx.aer4f : mmwave.oer4f (.text:MMWave_decodeErrorLevel)
                  0001885c    0000000e     mmw_cli.oer4f (.text:MmwDemo_CLISensorStop)
                  0001886a    0000000e     libosal_xwr14xx.aer4f : SemaphoreP_tirtos.oer4f (.text:SemaphoreP_delete)
                  00018878    0000000e     rtsv7R4_T_le_v3D16_eabi.lib : copy_decompress_none.obj (.text:decompress:none)
                  00018886    00000002     --HOLE-- [fill = 0]
                  00018888    00000004     mmw_per4f.oer4f (.text:ti_sysbios_BIOS_nullFunc__I)
                  0001888c    00000004     mmw_per4f.oer4f (.text:ti_sysbios_family_arm_v7r_vim_Hwi_delete)
                  00018890    0000000c     sysbios.aer4f : BIOS.obj (.text:ti_sysbios_family_arm_v7r_vim_Hwi_startup__E)
                  0001889c    00000004     mmw_per4f.oer4f (.text:ti_sysbios_heaps_HeapMem_Module_GateProxy_enter__E)
                  000188a0    0000000c     sysbios.aer4f : BIOS.obj (.text:ti_sysbios_gates_GateHwi_enter__E)
                  000188ac    00000004     mmw_per4f.oer4f (.text:ti_sysbios_heaps_HeapMem_Module_GateProxy_leave__E)
                  000188b0    0000000c     sysbios.aer4f : BIOS.obj (.text:ti_sysbios_knl_Queue_Instance_init__E)
                  000188bc    00000004     mmw_per4f.oer4f (.text:ti_sysbios_knl_Clock_TimerProxy_getMaxTicks__E)
                  000188c0    00000008     sysbios.aer4f : BIOS.obj (.text:ti_sysbios_gates_GateHwi_leave__E)
                  000188c8    00000004     mmw_per4f.oer4f (.text:ti_sysbios_knl_Semaphore_delete)
                  000188cc    00000004     mmw_per4f.oer4f (.text:xdc_runtime_Startup_reset__I)
[...]
00019610  ti_sysbios_knl_Task_A_noPendElem__C                                  
00019614  ti_sysbios_knl_Task_E_spOutOfBounds__C                               
00019618  ti_sysbios_knl_Task_E_stackOverflow__C                               
0001961c  ti_sysbios_knl_Task_LD_block__C                                      
00019620  ti_sysbios_knl_Task_LD_exit__C                                       
00019624  ti_sysbios_knl_Task_LD_ready__C                                      
00019628  ti_sysbios_knl_Task_LM_switch__C                                     
0001962c  ti_sysbios_knl_Task_Module_State_inactiveQ__O                        
00019630  ti_sysbios_knl_Task_Module__diagsEnabled__C                          
00019634  ti_sysbios_knl_Task_Module__diagsIncluded__C                         
00019638  ti_sysbios_knl_Task_Module__diagsMask__C                             
0001963c  ti_sysbios_knl_Task_Module__loggerFxn2__C                            
00019640  ti_sysbios_knl_Task_Module__loggerFxn4__C                            
00019644  ti_sysbios_knl_Task_Module__loggerObj__C                             
00019648  ti_sysbios_knl_Task_Object__count__C                                 
0001964c  ti_sysbios_knl_Task_Object__heap__C                                  
00019650  ti_sysbios_knl_Task_allBlockedFunc__C                                
00019654  ti_sysbios_knl_Task_defaultStackHeap__C                              
00019658  ti_sysbios_knl_Task_defaultStackSize__C                              
0001965c  ti_sysbios_knl_Task_numConstructedTasks__C                           
00019660  ti_sysbios_timers_rti_Timer_E_cannotSupport__C                       
00019664  ti_sysbios_timers_rti_Timer_Module__diagsEnabled__C                  
00019668  ti_sysbios_timers_rti_Timer_Module__diagsIncluded__C                 
0001966c  ti_sysbios_timers_rti_Timer_Module__diagsMask__C                     
00019670  ti_sysbios_timers_rti_Timer_numTimerDevices__C                       
00019674  ti_sysbios_timers_rti_Timer_startupNeeded__C                         
00019678  ti_sysbios_utils_Load_LS_cpuLoad__C                                  
0001967c  ti_sysbios_utils_Load_LS_taskLoad__C                                 
00019680  ti_sysbios_utils_Load_Module_State_taskList__O                       
00019684  ti_sysbios_utils_Load_Module__diagsEnabled__C                        
00019688  ti_sysbios_utils_Load_Module__diagsIncluded__C                       
0001968c  ti_sysbios_utils_Load_Module__diagsMask__C                           
00019690  ti_sysbios_utils_Load_Module__loggerFxn1__C                          
00019694  ti_sysbios_utils_Load_Module__loggerFxn4__C                          
00019698  ti_sysbios_utils_Load_Module__loggerObj__C                           
0001969c  ti_sysbios_utils_Load_postUpdate__C                                  
000196a0  ti_sysbios_utils_Load_windowInMs__C                                  
000196a4  xdc_runtime_Assert_E_assertFailed__C                                 
000196a8  xdc_runtime_Core_A_initializedParams__C                              
000196ac  xdc_runtime_Core_Module__diagsEnabled__C                             
000196b0  xdc_runtime_Core_Module__diagsIncluded__C                            
000196b4  xdc_runtime_Core_Module__diagsMask__C                                
000196b8  xdc_runtime_Error_E_memory__C                                        
000196bc  xdc_runtime_Error_Module__diagsEnabled__C                            
000196c0  xdc_runtime_Error_Module__diagsIncluded__C                           
000196c4  xdc_runtime_Error_Module__diagsMask__C                               
000196c8  xdc_runtime_Error_Module__loggerFxn8__C                              
000196cc  xdc_runtime_Error_Module__loggerObj__C                               
000196d0  xdc_runtime_Error_policyFxn__C                                       
000196d4  xdc_runtime_Error_raiseHook__C                                       
000196d8  xdc_runtime_IGateProvider_Interface__BASE__C                         
000196dc  xdc_runtime_IHeap_Interface__BASE__C                                 
000196e0  xdc_runtime_IModule_Interface__BASE__C                               
000196e4  xdc_runtime_Log_L_error__C                                           
000196e8  xdc_runtime_Memory_defaultHeapInstance__C                            
000196ec  xdc_runtime_Startup_execImpl__C                                      
000196f0  xdc_runtime_Startup_maxPasses__C                                     
000196f4  xdc_runtime_Startup_sfxnRts__C                                       
000196f8  xdc_runtime_Startup_sfxnTab__C                                       
000196fc  xdc_runtime_System_Module__gateObj__C                                
00019700  xdc_runtime_System_abortFxn__C                                       
00019704  xdc_runtime_System_exitFxn__C                                        
00019708  xdc_runtime_System_extendFxn__C                                      
0001970c  xdc_runtime_System_maxAtexitHandlers__C                              
00019710  xdc_runtime_Text_charTab__C                                          
00019714  xdc_runtime_Text_nameEmpty__C                                        
00019718  xdc_runtime_Text_nameStatic__C                                       
0001971c  xdc_runtime_Text_nameUnknown__C                                      
00019720  xdc_runtime_Text_visitRopeFxn__C                                     
00019724  ti_sysbios_family_arm_v7r_tms570_Core_Module__id__C                  
00019726  ti_sysbios_family_arm_v7r_vim_Hwi_Module__id__C                      
00019728  ti_sysbios_family_arm_v7r_vim_Hwi_Module__loggerDefined__C           
0001972a  ti_sysbios_gates_GateMutex_Module__id__C                             
0001972c  ti_sysbios_hal_Hwi_Module__id__C                                     
0001972e  ti_sysbios_heaps_HeapMem_Module__id__C                               
00019730  ti_sysbios_knl_Clock_Module__id__C                                   
00019732  ti_sysbios_knl_Clock_Module__loggerDefined__C                        
00019734  ti_sysbios_knl_Event_Module__id__C                                   
00019736  ti_sysbios_knl_Event_Module__loggerDefined__C                        
00019738  ti_sysbios_knl_Semaphore_Module__id__C                               
0001973a  ti_sysbios_knl_Semaphore_Module__loggerDefined__C                    
0001973c  ti_sysbios_knl_Task_Module__id__C                                    
0001973e  ti_sysbios_knl_Task_Module__loggerDefined__C                         
00019740  ti_sysbios_timers_rti_Timer_Module__id__C                            
00019742  ti_sysbios_timers_rti_Timer_continueOnSuspend__C                     
00019744  ti_sysbios_utils_Load_Module__id__C                                  
00019746  ti_sysbios_utils_Load_Module__loggerDefined__C                       
00019748  ti_sysbios_utils_Load_autoAddTasks__C                                
0001974a  ti_sysbios_utils_Load_updateInIdle__C                                
0001974c  xdc_runtime_Core_Module__id__C                                       
0001974e  xdc_runtime_Error_Module__loggerDefined__C                           
00019750  xdc_runtime_Error_maxDepth__C                                        
00019752  xdc_runtime_Main_Module__id__C                                       
00019754  xdc_runtime_Memory_Module__id__C                                     
00019756  xdc_runtime_Text_charCnt__C                                          
00019758  xdc_runtime_Text_isLoaded__C                                         
0001975a  xdc_runtime_Text_registryModsLastId__C                               
0001975c  xdc_runtime_Text_unnamedModsLastId__C                                
0001975e  xdc_runtime_Text_charTab__A                                          
00019760  __TI_static_base__                                                   
00019acc  __TI_Handler_Table_Base                                              
00019ad8  __TI_Handler_Table_Limit                                             
00019af0  __TI_CINIT_Base                                                      
00019b10  __TI_CINIT_Limit                                                     
00040000  _L3ram_size                                                          
08000000  ti_sysbios_heaps_HeapMem_Instance_State_0_buf__A                     
08008000  ti_sysbios_family_arm_exc_Exception_Module_State_0_excStack_0__A     
08009000  ti_sysbios_knl_Task_Instance_State_0_stack__A                        
08009320  edmaDbg                                                              
0800959c  gCLI                                                                 
0800973c  usefulframes_forgesture                                              
0800978c  steepfallidxs                                                        
080097dc  steepriseidxs                                                        
0800982c  numdetectptspeak_idx                                                 
0800987c  __CIOBUF_                                                            
0800999c  gGPIOMCB                                                             
08009ab0  gMMWave_MCB                                                          
08009b84  __TI_tmpnams                                                         
08009c24  gEsmMCB                                                              
08009c94  gMmwSessionMgmtMCB                                                   
08009cac  parmbuf                                                              
08009cb4  gHWADriverPtr                                                        
08009cb8  ti_sysbios_knl_Task_Instance_State_0_hookEnv__A                      
08009cc0  pktCounter                                                           
08009cc4  numRangeBinsXferred                                                  
08009cc8  range_res                                                            
08009ccc  vel_res                                                              
08009cd0  maxIndices                                                           
08009cd4  counterstart                                                         
08009cd8  counterend                                                           
08009cdc  counter_delta                                                        
08009ce0  prediction_result                                                    
08009ce4  counter_forprediction                                                
08009ce8  gMmwL3heap                                                           
08009cf4  gestureMetrics                                                       
08009d44  wt_rangearr                                                          
08009d94  wt_dopplerarr                                                        
08009de4  range_disparr                                                        
08009e34  vel_disparr                                                          
08009e84  anglearr                                                             
08009ed4  instenergyarr                                                        
08009f24  numdetectptsarr                                                      
08009f78  gMmwMCB                                                              
0800a808  D2H_SYNC_PATTERN                                                     
0800a80c  H2D_SYNC_PATTERN                                                     
0800a810  H2D_CNYS_PATTERN                                                     
0800a814  rl_txMsg                                                             
0800a914  rl_rxMsg                                                             
0800abf8  ti_sysbios_family_arm_v7r_vim_Hwi_Module_State_0_dispatchTable__A    
0800adf8  gCLIMMWaveOpenCfg                                                    
0800ae14  gCLIMMWaveExtensionTable                                             
0800aebc  gCLIMMWaveControlCfg                                                 
0800af88  _ftable                                                              
0800b078  ti_sysbios_utils_Load_Module__state__V                               
0800b110  ti_sysbios_knl_Task_Module_State_0_readyQ__A                         
0800b190  _device                                                              
0800b208  _stream                                                              
0800b258  gUartSciHwCfg                                                        
0800b2a8  ti_sysbios_knl_Task_Object__table__V                                 
0800b2f4  gMailboxMCB                                                          
0800b33c  ti_sysbios_knl_Task_Module__state__V                                 
0800b380  ti_sysbios_gates_GateMutex_Object__table__V                          
0800b3b8  ti_sysbios_timers_rti_Timer_Object__table__V                         
0800b3f0  ti_sysbios_family_arm_v7r_vim_Hwi_Module__state__V                   
0800b424  ti_sysbios_family_arm_v7r_vim_Hwi_Object__table__V                   
0800b450  ti_sysbios_knl_Clock_Module__state__V                                
0800b47c  gUartSciFxnTable                                                     
0800b4a4  SOC_TranslateAddr_LUT                                                
0800b4c8  UART_config                                                          
0800b4ec  gHWAHwCfg                                                            
0800b510  ti_sysbios_BIOS_Module__state__V                                     
0800b534  ti_sysbios_knl_Clock_Object__table__V                                
0800b554  xdc_runtime_Error_IgnoreBlock                                        
0800b574  xdc_runtime_System_Module_State_0_atexitHandlers__A                  
0800b594  ti_sysbios_utils_Load_Module_State_0_taskEnv__A                      
0800b5b0  ADCBuf_config                                                        
0800b5c8  gMailboxMssBssHwCfg                                                  
0800b5e0  ti_sysbios_heaps_HeapMem_Object__table__V                            
0800b5f8  ti_sysbios_timers_rti_Timer_Module_State_0_device__A                 
0800b610  ti_sysbios_family_arm_exc_Exception_Module__state__V                 
0800b624  gSOCHwAttrib                                                         
0800b634  __TI_ft_end                                                          
0800b638  __aeabi_stdin                                                        
0800b63c  __aeabi_stdout                                                       
0800b640  __aeabi_stderr                                                       
0800b644  ti_sysbios_timers_rti_Timer_Module_State_0_intFreqs__A               
0800b654  ti_sysbios_timers_rti_Timer_Module__state__V                         
0800b664  __TI_cleanup_ptr                                                     
0800b668  __TI_dtors_ptr                                                       
0800b66c  __TI_enable_exit_profile_output                                      
0800b670  gESMHwCfgAttrs                                                       
0800b67c  ti_sysbios_family_arm_v7a_Pmu_Module__state__V                       
0800b688  _lock                                                                
0800b68c  _unlock                                                              
0800b690  gGPIOHwAtrrib                                                        
0800b698  ti_sysbios_family_arm_v7r_vim_Hwi_Module__root__V                    
0800b6a0  ti_sysbios_gates_GateHwi_Module__root__V                             
0800b6a8  ti_sysbios_gates_GateMutex_Module__root__V                           
0800b6b0  ti_sysbios_hal_Hwi_Object__table__V                                  
0800b6b8  ti_sysbios_heaps_HeapMem_Module__root__V                             
0800b6c0  ti_sysbios_knl_Event_Module__root__V                                 
0800b6c8  ti_sysbios_knl_Queue_Module__root__V                                 
0800b6d0  ti_sysbios_knl_Semaphore_Module__root__V                             
0800b6d8  ti_sysbios_knl_Task_Module__root__V                                  
0800b6e0  ti_sysbios_timers_rti_Timer_Module_State_0_handles__A                
0800b6e8  xdc_runtime_Registry_Module__state__V                                
0800b6f0  xdc_runtime_Startup_Module__state__V                                 
0800b6f8  xdc_runtime_System_Module__state__V                                  
0800b704  gCRCRegister                                                         
0800b708  regionId                                                             
0800b70c  gPinmuxRegs                                                          
0800b714  errno                                                                
0800b720  main_func_sp                                                         
0800b728  ti_sysbios_family_arm_a15_TimestampProvider_Module__state__V         
0800b72c  ti_sysbios_family_arm_exc_Exception_Module_State_0_excContext__A     
0800b730  ti_sysbios_family_arm_exc_Exception_Module_State_0_excStackBuffers__A
0800b734  ti_sysbios_family_arm_exc_Exception_Module_State_0_excStack__A       
0800b738  ti_sysbios_gates_GateHwi_Object__table__V                            
0800b73c  ti_sysbios_heaps_HeapBuf_Module__state__V                            
0800b740  ti_sysbios_knl_Task_Module_State_0_idleTask__A                       
0800b744  ti_sysbios_utils_Load_Module_State_0_runningTask__A                  
0800b748  ti_sysbios_utils_Load_Module_State_0_taskStartTime__A                
0800b74c  xdc_runtime_Memory_Module__state__V                                  
0800b750  dbgVolatile                                                          
0800b752  ti_sysbios_family_arm_exc_Exception_Module_State_0_excActive__A      
0800b754  xdc_runtime_Error_Module__state__V                                   
0800b758  ti_sysbios_family_arm_v7r_vim_Hwi_Module_State_0_fiqStack__A         
0800bf58  __stack                                                              
0800c408  __STACK_END                                                          
51020000  _L3ram_start                                                         
51020000  gMmwL3                                                               
51020001  MmwDemo_initTask                                                     
51020271  Mailbox_init                                                         
510202e1  MmwDemo_edmaInit                                                     
510205e5  MMWave_init                                                          
510206c1  MMWave_initLink                                                      
51020759  CRC_initConfigParams                                                 
5102076d  CRC_open                                                             
51020965  rlDevicePowerOn                                                      
52030000  gMmwHwaMemBuf                                                        
fffffdec  ti_sysbios_family_arm_v7r_vim_Hwi_vim                                
ffffffff  __TI_pprof_out_hndl                                                  
ffffffff  __TI_prof_data_size                                                  
ffffffff  __TI_prof_data_start                                                 
ffffffff  __binit__                                                            
ffffffff  __c_args__                                                           
ffffffff  binit                                                                
UNDEFED   SHT$$INIT_ARRAY$$Base                                                
UNDEFED   SHT$$INIT_ARRAY$$Limit                                               

[1074 symbols]
